Archive member included to satisfy reference by file (symbol)

/Users/zy/Desktop/Tools/gcc-arm-none-eabi-7-2017-q4-major/bin/../lib/gcc/arm-none-eabi/7.2.1/../../../../arm-none-eabi/lib/thumb/v7-m/libc_nano.a(lib_a-exit.o)
                              /Users/zy/Desktop/Tools/gcc-arm-none-eabi-7-2017-q4-major/bin/../lib/gcc/arm-none-eabi/7.2.1/../../../../arm-none-eabi/lib/thumb/v7-m/crt0.o (exit)
/Users/zy/Desktop/Tools/gcc-arm-none-eabi-7-2017-q4-major/bin/../lib/gcc/arm-none-eabi/7.2.1/../../../../arm-none-eabi/lib/thumb/v7-m/libc_nano.a(lib_a-impure.o)
                              /Users/zy/Desktop/Tools/gcc-arm-none-eabi-7-2017-q4-major/bin/../lib/gcc/arm-none-eabi/7.2.1/../../../../arm-none-eabi/lib/thumb/v7-m/libc_nano.a(lib_a-exit.o) (_global_impure_ptr)
/Users/zy/Desktop/Tools/gcc-arm-none-eabi-7-2017-q4-major/bin/../lib/gcc/arm-none-eabi/7.2.1/../../../../arm-none-eabi/lib/thumb/v7-m/libc_nano.a(lib_a-init.o)
                              /Users/zy/Desktop/Tools/gcc-arm-none-eabi-7-2017-q4-major/bin/../lib/gcc/arm-none-eabi/7.2.1/../../../../arm-none-eabi/lib/thumb/v7-m/crt0.o (__libc_init_array)
/Users/zy/Desktop/Tools/gcc-arm-none-eabi-7-2017-q4-major/bin/../lib/gcc/arm-none-eabi/7.2.1/../../../../arm-none-eabi/lib/thumb/v7-m/libc_nano.a(lib_a-memcmp.o)
                              build/inv_mpu.o (memcmp)
/Users/zy/Desktop/Tools/gcc-arm-none-eabi-7-2017-q4-major/bin/../lib/gcc/arm-none-eabi/7.2.1/../../../../arm-none-eabi/lib/thumb/v7-m/libc_nano.a(lib_a-memcpy-stub.o)
                              build/bsp_f1xx_sdio.o (memcpy)
/Users/zy/Desktop/Tools/gcc-arm-none-eabi-7-2017-q4-major/bin/../lib/gcc/arm-none-eabi/7.2.1/../../../../arm-none-eabi/lib/thumb/v7-m/libc_nano.a(lib_a-memset.o)
                              /Users/zy/Desktop/Tools/gcc-arm-none-eabi-7-2017-q4-major/bin/../lib/gcc/arm-none-eabi/7.2.1/../../../../arm-none-eabi/lib/thumb/v7-m/crt0.o (memset)
/Users/zy/Desktop/Tools/gcc-arm-none-eabi-7-2017-q4-major/bin/../lib/gcc/arm-none-eabi/7.2.1/../../../../arm-none-eabi/lib/thumb/v7-m/libc_nano.a(lib_a-printf.o)
                              build/inv_mpu.o (printf)
/Users/zy/Desktop/Tools/gcc-arm-none-eabi-7-2017-q4-major/bin/../lib/gcc/arm-none-eabi/7.2.1/../../../../arm-none-eabi/lib/thumb/v7-m/libc_nano.a(lib_a-puts.o)
                              build/inv_mpu.o (puts)
/Users/zy/Desktop/Tools/gcc-arm-none-eabi-7-2017-q4-major/bin/../lib/gcc/arm-none-eabi/7.2.1/../../../../arm-none-eabi/lib/thumb/v7-m/libc_nano.a(lib_a-wbuf.o)
                              /Users/zy/Desktop/Tools/gcc-arm-none-eabi-7-2017-q4-major/bin/../lib/gcc/arm-none-eabi/7.2.1/../../../../arm-none-eabi/lib/thumb/v7-m/libc_nano.a(lib_a-puts.o) (__swbuf_r)
/Users/zy/Desktop/Tools/gcc-arm-none-eabi-7-2017-q4-major/bin/../lib/gcc/arm-none-eabi/7.2.1/../../../../arm-none-eabi/lib/thumb/v7-m/libc_nano.a(lib_a-wsetup.o)
                              /Users/zy/Desktop/Tools/gcc-arm-none-eabi-7-2017-q4-major/bin/../lib/gcc/arm-none-eabi/7.2.1/../../../../arm-none-eabi/lib/thumb/v7-m/libc_nano.a(lib_a-puts.o) (__swsetup_r)
/Users/zy/Desktop/Tools/gcc-arm-none-eabi-7-2017-q4-major/bin/../lib/gcc/arm-none-eabi/7.2.1/../../../../arm-none-eabi/lib/thumb/v7-m/libc_nano.a(lib_a-fflush.o)
                              /Users/zy/Desktop/Tools/gcc-arm-none-eabi-7-2017-q4-major/bin/../lib/gcc/arm-none-eabi/7.2.1/../../../../arm-none-eabi/lib/thumb/v7-m/libc_nano.a(lib_a-wbuf.o) (_fflush_r)
/Users/zy/Desktop/Tools/gcc-arm-none-eabi-7-2017-q4-major/bin/../lib/gcc/arm-none-eabi/7.2.1/../../../../arm-none-eabi/lib/thumb/v7-m/libc_nano.a(lib_a-findfp.o)
                              /Users/zy/Desktop/Tools/gcc-arm-none-eabi-7-2017-q4-major/bin/../lib/gcc/arm-none-eabi/7.2.1/../../../../arm-none-eabi/lib/thumb/v7-m/libc_nano.a(lib_a-printf.o) (__sinit)
/Users/zy/Desktop/Tools/gcc-arm-none-eabi-7-2017-q4-major/bin/../lib/gcc/arm-none-eabi/7.2.1/../../../../arm-none-eabi/lib/thumb/v7-m/libc_nano.a(lib_a-fwalk.o)
                              /Users/zy/Desktop/Tools/gcc-arm-none-eabi-7-2017-q4-major/bin/../lib/gcc/arm-none-eabi/7.2.1/../../../../arm-none-eabi/lib/thumb/v7-m/libc_nano.a(lib_a-findfp.o) (_fwalk)
/Users/zy/Desktop/Tools/gcc-arm-none-eabi-7-2017-q4-major/bin/../lib/gcc/arm-none-eabi/7.2.1/../../../../arm-none-eabi/lib/thumb/v7-m/libc_nano.a(lib_a-makebuf.o)
                              /Users/zy/Desktop/Tools/gcc-arm-none-eabi-7-2017-q4-major/bin/../lib/gcc/arm-none-eabi/7.2.1/../../../../arm-none-eabi/lib/thumb/v7-m/libc_nano.a(lib_a-wsetup.o) (__smakebuf_r)
/Users/zy/Desktop/Tools/gcc-arm-none-eabi-7-2017-q4-major/bin/../lib/gcc/arm-none-eabi/7.2.1/../../../../arm-none-eabi/lib/thumb/v7-m/libc_nano.a(lib_a-nano-freer.o)
                              /Users/zy/Desktop/Tools/gcc-arm-none-eabi-7-2017-q4-major/bin/../lib/gcc/arm-none-eabi/7.2.1/../../../../arm-none-eabi/lib/thumb/v7-m/libc_nano.a(lib_a-wsetup.o) (_free_r)
[...]
Memory Configuration

Name             Origin             Length             Attributes
RAM              0x0000000020000000 0x0000000000018000 xrw
FLASH            0x0000000008000000 0x0000000000080000 xr
*default*        0x0000000000000000 0xffffffffffffffff

Linker script and memory map

LOAD /Users/zy/Desktop/Tools/gcc-arm-none-eabi-7-2017-q4-major/bin/../lib/gcc/arm-none-eabi/7.2.1/thumb/v7-m/crti.o
LOAD /Users/zy/Desktop/Tools/gcc-arm-none-eabi-7-2017-q4-major/bin/../lib/gcc/arm-none-eabi/7.2.1/thumb/v7-m/crtbegin.o
LOAD /Users/zy/Desktop/Tools/gcc-arm-none-eabi-7-2017-q4-major/bin/../lib/gcc/arm-none-eabi/7.2.1/../../../../arm-none-eabi/lib/thumb/v7-m/crt0.o
LOAD build/main.o
LOAD build/runled.o
LOAD build/sys.o
LOAD build/bsp_f1xx_io.o
LOAD build/bsp_f1xx_timer.o
LOAD build/bsp_f1xx_led.o
LOAD build/bsp_f1xx_dma.o
LOAD build/bsp_f1xx_uart.o
LOAD build/bsp_f1xx_sdio.o
LOAD build/bsp_f1xx_rtc.o
LOAD build/bsp_soft_i2c.o
LOAD build/datautil.o
LOAD build/bsp_f1xx_flash.o
LOAD build/mod_mpu6050.o
LOAD build/inv_mpu.o
LOAD build/inv_mpu_dmp_motion_driver.o
LOAD build/malloc.o
LOAD build/tskmanager.o
LOAD build/bufferutil.o
LOAD build/crcutil.o
LOAD build/startup_stm32f103xe.o
LOAD /Users/zy/Desktop/Tools/gcc-arm-none-eabi-7-2017-q4-major/bin/../lib/gcc/arm-none-eabi/7.2.1/../../../../arm-none-eabi/lib/thumb/v7-m/libc_nano.a
LOAD /Users/zy/Desktop/Tools/gcc-arm-none-eabi-7-2017-q4-major/bin/../lib/gcc/arm-none-eabi/7.2.1/../../../../arm-none-eabi/lib/thumb/v7-m/libm.a
LOAD /Users/zy/Desktop/Tools/gcc-arm-none-eabi-7-2017-q4-major/bin/../lib/gcc/arm-none-eabi/7.2.1/../../../../arm-none-eabi/lib/thumb/v7-m/libnosys.a
START GROUP
LOAD /Users/zy/Desktop/Tools/gcc-arm-none-eabi-7-2017-q4-major/bin/../lib/gcc/arm-none-eabi/7.2.1/thumb/v7-m/libgcc.a
LOAD /Users/zy/Desktop/Tools/gcc-arm-none-eabi-7-2017-q4-major/bin/../lib/gcc/arm-none-eabi/7.2.1/../../../../arm-none-eabi/lib/thumb/v7-m/libc_nano.a
END GROUP
START GROUP
LOAD /Users/zy/Desktop/Tools/gcc-arm-none-eabi-7-2017-q4-major/bin/../lib/gcc/arm-none-eabi/7.2.1/thumb/v7-m/libgcc.a
LOAD /Users/zy/Desktop/Tools/gcc-arm-none-eabi-7-2017-q4-major/bin/../lib/gcc/arm-none-eabi/7.2.1/../../../../arm-none-eabi/lib/thumb/v7-m/libc_nano.a
END GROUP
LOAD /Users/zy/Desktop/Tools/gcc-arm-none-eabi-7-2017-q4-major/bin/../lib/gcc/arm-none-eabi/7.2.1/thumb/v7-m/crtend.o
LOAD /Users/zy/Desktop/Tools/gcc-arm-none-eabi-7-2017-q4-major/bin/../lib/gcc/arm-none-eabi/7.2.1/thumb/v7-m/crtn.o
                0x0000000020018000                _estack = 0x20018000
                0x0000000000000200                _Min_Heap_Size = 0x200
                0x0000000000000400                _Min_Stack_Size = 0x400

.isr_vector     0x0000000008000000      0x1e4
                0x0000000008000000                . = ALIGN (0x4)
 *(.isr_vector)
 .isr_vector    0x0000000008000000      0x1e4 build/startup_stm32f103xe.o
                0x0000000008000000                g_pfnVectors
                0x00000000080001e4                . = ALIGN (0x4)

.text           0x00000000080001e4     0x104c
                0x00000000080001e4                . = ALIGN (0x4)
 *(.text)
 .text          0x00000000080001e4       0x40 /Users/zy/Desktop/Tools/gcc-arm-none-eabi-7-2017-q4-major/bin/../lib/gcc/arm-none-eabi/7.2.1/thumb/v7-m/crtbegin.o
 .text          0x0000000008000224       0x30 /Users/zy/Desktop/Tools/gcc-arm-none-eabi-7-2017-q4-major/bin/../lib/gcc/arm-none-eabi/7.2.1/thumb/v7-m/libgcc.a(_aeabi_uldivmod.o)
                0x0000000008000224                __aeabi_uldivmod
 .text          0x0000000008000254      0x2d0 /Users/zy/Desktop/Tools/gcc-arm-none-eabi-7-2017-q4-major/bin/../lib/gcc/arm-none-eabi/7.2.1/thumb/v7-m/libgcc.a(_udivmoddi4.o)
                0x0000000008000254                __udivmoddi4
 .text          0x0000000008000524        0x4 /Users/zy/Desktop/Tools/gcc-arm-none-eabi-7-2017-q4-major/bin/../lib/gcc/arm-none-eabi/7.2.1/thumb/v7-m/libgcc.a(_dvmd_tls.o)
                0x0000000008000524                __aeabi_ldiv0
                0x0000000008000524                __aeabi_idiv0
 *(.text*)
 .text.main     0x0000000008000528       0x24 build/main.o
                0x0000000008000528                main
 .text.runledfunc
                0x000000000800054c       0x18 build/runled.o
                0x000000000800054c                runledfunc
 .text.runledinit
                0x0000000008000564       0x10 build/runled.o
                0x0000000008000564                runledinit
 .text.MY_NVIC_SetVectorTable
                0x0000000008000574       0x14 build/sys.o
                0x0000000008000574                MY_NVIC_SetVectorTable
 .text.MY_NVIC_PriorityGroupConfig
                0x0000000008000588       0x28 build/sys.o
                0x0000000008000588                MY_NVIC_PriorityGroupConfig
 .text.MY_NVIC_Init
                0x00000000080005b0       0x4c build/sys.o
                0x00000000080005b0                MY_NVIC_Init
 .text.MYRCC_DeInit
                0x00000000080005fc       0x54 build/sys.o
                0x00000000080005fc                MYRCC_DeInit
 .text.Stm32_Clock_Init
                0x0000000008000650       0x74 build/sys.o
                0x0000000008000650                Stm32_Clock_Init
 .text.delay_init
                0x00000000080006c4       0x2c build/sys.o
                0x00000000080006c4                delay_init
 .text.bsp_IoInit
                0x00000000080006f0       0x80 build/bsp_f1xx_io.o
                0x00000000080006f0                bsp_IoInit
 .text.bsp_TimerInit
                0x0000000008000770      0x13c build/bsp_f1xx_timer.o
                0x0000000008000770                bsp_TimerInit
 .text.TIM2_IRQHandler
                0x00000000080008ac       0x28 build/bsp_f1xx_timer.o
                0x00000000080008ac                TIM2_IRQHandler
 .text.TIM3_IRQHandler
                0x00000000080008d4       0x28 build/bsp_f1xx_timer.o
                0x00000000080008d4                TIM3_IRQHandler
 .text.TIM4_IRQHandler
                0x00000000080008fc       0x28 build/bsp_f1xx_timer.o
                0x00000000080008fc                TIM4_IRQHandler
 .text.TIM5_IRQHandler
                0x0000000008000924       0x28 build/bsp_f1xx_timer.o
                0x0000000008000924                TIM5_IRQHandler
 .text.TIM6_IRQHandler
                0x000000000800094c       0x2c build/bsp_f1xx_timer.o
                0x000000000800094c                TIM6_IRQHandler
 .text.TIM7_IRQHandler
                0x0000000008000978       0x28 build/bsp_f1xx_timer.o
                0x0000000008000978                TIM7_IRQHandler
 .text.ledinit  0x00000000080009a0        0x8 build/bsp_f1xx_led.o
                0x00000000080009a0                ledinit
 .text.ledfilp  0x00000000080009a8       0x10 build/bsp_f1xx_led.o
                0x00000000080009a8                ledfilp
 .text.getdmax  0x00000000080009b8       0x1c build/bsp_f1xx_dma.o
                0x00000000080009b8                getdmax
 .text.dma_stream_en
                0x00000000080009d4       0x16 build/bsp_f1xx_dma.o
                0x00000000080009d4                dma_stream_en
 *fill*         0x00000000080009ea        0x2 
 .text.dma_clear_flag
                0x00000000080009ec       0x50 build/bsp_f1xx_dma.o
                0x00000000080009ec                dma_clear_flag
 .text.USART1_IRQHandler
                0x0000000008000a3c       0x70 build/bsp_f1xx_uart.o
                0x0000000008000a3c                USART1_IRQHandler
 .text.USART2_IRQHandler
                0x0000000008000aac       0x78 build/bsp_f1xx_uart.o
                0x0000000008000aac                USART2_IRQHandler
 .text.DMA1_Channel6_IRQHandler
                0x0000000008000b24       0x74 build/bsp_f1xx_uart.o
                0x0000000008000b24                DMA1_Channel6_IRQHandler
 .text.DMA1_Channel3_IRQHandler
                0x0000000008000b98       0x88 build/bsp_f1xx_uart.o
                0x0000000008000b98                DMA1_Channel3_IRQHandler
 .text.SDIO_Send_Cmd
                0x0000000008000c20       0x28 build/bsp_f1xx_sdio.o
                0x0000000008000c20                SDIO_Send_Cmd
 .text.CmdResp1Error
                0x0000000008000c48       0x48 build/bsp_f1xx_sdio.o
                0x0000000008000c48                CmdResp1Error
 .text.SD_ProcessIRQSrc
                0x0000000008000c90      0x130 build/bsp_f1xx_sdio.o
                0x0000000008000c90                SD_ProcessIRQSrc
 .text.SDIO_IRQHandler
                0x0000000008000dc0        0x8 build/bsp_f1xx_sdio.o
                0x0000000008000dc0                SDIO_IRQHandler
 .text.Is_Leap_Year
                0x0000000008000dc8       0x40 build/bsp_f1xx_rtc.o
                0x0000000008000dc8                Is_Leap_Year
 .text.RTC_Get_Week
                0x0000000008000e08       0x78 build/bsp_f1xx_rtc.o
                0x0000000008000e08                RTC_Get_Week
 .text.RTC_Get  0x0000000008000e80       0xdc build/bsp_f1xx_rtc.o
                0x0000000008000e80                RTC_Get
 .text.RTC_IRQHandler
                0x0000000008000f5c       0x3c build/bsp_f1xx_rtc.o
                0x0000000008000f5c                RTC_IRQHandler
 .text.my_mem_perused
                0x0000000008000f98        0xc build/malloc.o
                0x0000000008000f98                my_mem_perused
 .text.mymemset
                0x0000000008000fa4       0x10 build/malloc.o
                0x0000000008000fa4                mymemset
 .text.my_mem_init
                0x0000000008000fb4       0x1c build/malloc.o
                0x0000000008000fb4                my_mem_init
 .text.TaskTickDiff
                0x0000000008000fd0       0x48 build/tskmanager.o
                0x0000000008000fd0                TaskTickDiff
 .text.StartTask
                0x0000000008001018        0x2 build/tskmanager.o
 .text.EndTask  0x000000000800101a        0x2 build/tskmanager.o
 .text.DelayMs  0x000000000800101c       0x30 build/tskmanager.o
 .text.CreateTask
                0x000000000800104c       0xe4 build/tskmanager.o
                0x000000000800104c                CreateTask
 .text.TskTickHandler
                0x0000000008001130       0x20 build/tskmanager.o
                0x0000000008001130                TskTickHandler
 .text.ExecTask
                0x0000000008001150       0x38 build/tskmanager.o
                0x0000000008001150                ExecTask
 .text.Reset_Handler
                0x0000000008001188       0x44 build/startup_stm32f103xe.o
                0x0000000008001188                Reset_Handler
 .text.Default_Handler
                0x00000000080011cc        0x2 build/startup_stm32f103xe.o
                0x00000000080011cc                DMA2_Channel3_IRQHandler
                0x00000000080011cc                EXTI2_IRQHandler
                0x00000000080011cc                TIM8_TRG_COM_IRQHandler
                0x00000000080011cc                TIM8_CC_IRQHandler
                0x00000000080011cc                DebugMon_Handler
                0x00000000080011cc                TIM1_CC_IRQHandler
                0x00000000080011cc                HardFault_Handler
                0x00000000080011cc                SysTick_Handler
                0x00000000080011cc                PVD_IRQHandler
                0x00000000080011cc                PendSV_Handler
                0x00000000080011cc                NMI_Handler
                0x00000000080011cc                EXTI3_IRQHandler
                0x00000000080011cc                EXTI0_IRQHandler
                0x00000000080011cc                I2C2_EV_IRQHandler
                0x00000000080011cc                UsageFault_Handler
                0x00000000080011cc                ADC1_2_IRQHandler
                0x00000000080011cc                SPI1_IRQHandler
                0x00000000080011cc                TAMPER_IRQHandler
                0x00000000080011cc                TIM8_UP_IRQHandler
                0x00000000080011cc                DMA2_Channel2_IRQHandler
                0x00000000080011cc                DMA1_Channel4_IRQHandler
                0x00000000080011cc                USART3_IRQHandler
                0x00000000080011cc                DMA1_Channel7_IRQHandler
                0x00000000080011cc                CAN1_RX1_IRQHandler
                0x00000000080011cc                UART5_IRQHandler
                0x00000000080011cc                ADC3_IRQHandler
                0x00000000080011cc                DMA2_Channel1_IRQHandler
                0x00000000080011cc                I2C1_EV_IRQHandler
                0x00000000080011cc                UART4_IRQHandler
                0x00000000080011cc                RCC_IRQHandler
                0x00000000080011cc                TIM1_TRG_COM_IRQHandler
                0x00000000080011cc                DMA1_Channel1_IRQHandler
                0x00000000080011cc                Default_Handler
                0x00000000080011cc                EXTI15_10_IRQHandler
                0x00000000080011cc                EXTI9_5_IRQHandler
                0x00000000080011cc                SPI2_IRQHandler
                0x00000000080011cc                MemManage_Handler
                0x00000000080011cc                SVC_Handler
                0x00000000080011cc                DMA1_Channel5_IRQHandler
                0x00000000080011cc                EXTI4_IRQHandler
                0x00000000080011cc                USB_LP_CAN1_RX0_IRQHandler
                0x00000000080011cc                USB_HP_CAN1_TX_IRQHandler
                0x00000000080011cc                FSMC_IRQHandler
                0x00000000080011cc                TIM1_UP_IRQHandler
                0x00000000080011cc                WWDG_IRQHandler
                0x00000000080011cc                TIM1_BRK_IRQHandler
                0x00000000080011cc                EXTI1_IRQHandler
                0x00000000080011cc                DMA2_Channel4_5_IRQHandler
                0x00000000080011cc                I2C2_ER_IRQHandler
                0x00000000080011cc                DMA1_Channel2_IRQHandler
                0x00000000080011cc                TIM8_BRK_IRQHandler
                0x00000000080011cc                CAN1_SCE_IRQHandler
                0x00000000080011cc                FLASH_IRQHandler
                0x00000000080011cc                BusFault_Handler
                0x00000000080011cc                SPI3_IRQHandler
                0x00000000080011cc                I2C1_ER_IRQHandler
                0x00000000080011cc                USBWakeUp_IRQHandler
                0x00000000080011cc                RTC_Alarm_IRQHandler
 *fill*         0x00000000080011ce        0x2 
 .text.__libc_init_array
                0x00000000080011d0       0x48 /Users/zy/Desktop/Tools/gcc-arm-none-eabi-7-2017-q4-major/bin/../lib/gcc/arm-none-eabi/7.2.1/../../../../arm-none-eabi/lib/thumb/v7-m/libc_nano.a(lib_a-init.o)
                0x00000000080011d0                __libc_init_array
 *(.glue_7)
 .glue_7        0x0000000008001218        0x0 linker stubs
 *(.glue_7t)
 .glue_7t       0x0000000008001218        0x0 linker stubs
 *(.eh_frame)
 .eh_frame      0x0000000008001218        0x0 /Users/zy/Desktop/Tools/gcc-arm-none-eabi-7-2017-q4-major/bin/../lib/gcc/arm-none-eabi/7.2.1/thumb/v7-m/crtbegin.o
 *(.init)
 .init          0x0000000008001218        0x4 /Users/zy/Desktop/Tools/gcc-arm-none-eabi-7-2017-q4-major/bin/../lib/gcc/arm-none-eabi/7.2.1/thumb/v7-m/crti.o
                0x0000000008001218                _init
 .init          0x000000000800121c        0x8 /Users/zy/Desktop/Tools/gcc-arm-none-eabi-7-2017-q4-major/bin/../lib/gcc/arm-none-eabi/7.2.1/thumb/v7-m/crtn.o
 *(.fini)
 .fini          0x0000000008001224        0x4 /Users/zy/Desktop/Tools/gcc-arm-none-eabi-7-2017-q4-major/bin/../lib/gcc/arm-none-eabi/7.2.1/thumb/v7-m/crti.o
                0x0000000008001224                _fini
 .fini          0x0000000008001228        0x8 /Users/zy/Desktop/Tools/gcc-arm-none-eabi-7-2017-q4-major/bin/../lib/gcc/arm-none-eabi/7.2.1/thumb/v7-m/crtn.o
                0x0000000008001230                . = ALIGN (0x4)
                0x0000000008001230                _etext = .

.vfp11_veneer   0x0000000008001230        0x0
 .vfp11_veneer  0x0000000008001230        0x0 linker stubs

.v4_bx          0x0000000008001230        0x0
 .v4_bx         0x0000000008001230        0x0 linker stubs

.iplt           0x0000000008001230        0x0
 .iplt          0x0000000008001230        0x0 /Users/zy/Desktop/Tools/gcc-arm-none-eabi-7-2017-q4-major/bin/../lib/gcc/arm-none-eabi/7.2.1/thumb/v7-m/crtbegin.o

.rodata         0x0000000008001230       0x18
                0x0000000008001230                . = ALIGN (0x4)
 *(.rodata)
 *(.rodata*)
 .rodata.mon_table
                0x0000000008001230        0xc build/bsp_f1xx_rtc.o
                0x0000000008001230                mon_table
 .rodata.table_week
                0x000000000800123c        0xc build/bsp_f1xx_rtc.o
                0x000000000800123c                table_week
                0x0000000008001248                . = ALIGN (0x4)

.ARM.extab
 *(.ARM.extab* .gnu.linkonce.armextab.*)

.ARM            0x0000000008001248        0x8
                0x0000000008001248                __exidx_start = .
 *(.ARM.exidx*)
 .ARM.exidx     0x0000000008001248        0x8 /Users/zy/Desktop/Tools/gcc-arm-none-eabi-7-2017-q4-major/bin/../lib/gcc/arm-none-eabi/7.2.1/thumb/v7-m/libgcc.a(_udivmoddi4.o)
                0x0000000008001250                __exidx_end = .

.rel.dyn        0x0000000008001250        0x0
 .rel.iplt      0x0000000008001250        0x0 /Users/zy/Desktop/Tools/gcc-arm-none-eabi-7-2017-q4-major/bin/../lib/gcc/arm-none-eabi/7.2.1/thumb/v7-m/crtbegin.o

.preinit_array  0x0000000008001250        0x0
                0x0000000008001250                PROVIDE (__preinit_array_start, .)
 *(.preinit_array*)
                0x0000000008001250                PROVIDE (__preinit_array_end, .)

.init_array     0x0000000008001250        0x4
                0x0000000008001250                PROVIDE (__init_array_start, .)
 *(SORT_BY_NAME(.init_array.*))
 *(.init_array*)
 .init_array    0x0000000008001250        0x4 /Users/zy/Desktop/Tools/gcc-arm-none-eabi-7-2017-q4-major/bin/../lib/gcc/arm-none-eabi/7.2.1/thumb/v7-m/crtbegin.o
                0x0000000008001254                PROVIDE (__init_array_end, .)

.fini_array     0x0000000008001254        0x4
                [!provide]                        PROVIDE (__fini_array_start, .)
 *(SORT_BY_NAME(.fini_array.*))
 *(.fini_array*)
 .fini_array    0x0000000008001254        0x4 /Users/zy/Desktop/Tools/gcc-arm-none-eabi-7-2017-q4-major/bin/../lib/gcc/arm-none-eabi/7.2.1/thumb/v7-m/crtbegin.o
                [!provide]                        PROVIDE (__fini_array_end, .)
                0x0000000008001258                _sidata = LOADADDR (.data)

.data           0x0000000020000000      0x208 load address 0x0000000008001258
                0x0000000020000000                . = ALIGN (0x4)
                0x0000000020000000                _sdata = .
 *(.data)
 *(.data*)
 .data.tiktimer
                0x0000000020000000        0xc build/main.o
                0x0000000020000000                tiktimer
 .data.runled   0x000000002000000c        0xc build/runled.o
                0x000000002000000c                runled
 .data.runledtsk
                0x0000000020000018       0x48 build/runled.o
                0x0000000020000018                runledtsk
 .data.timirqs  0x0000000020000060        0x6 build/bsp_f1xx_timer.o
                0x0000000020000060                timirqs
 *fill*         0x0000000020000066        0x2 
 .data.uartlist
                0x0000000020000068       0xcc build/bsp_f1xx_uart.o
                0x0000000020000068                uartlist
 .data.mTime    0x0000000020000134       0x10 build/bsp_f1xx_rtc.o
                0x0000000020000134                mTime
 .data.mallco_dev
                0x0000000020000144       0x14 build/malloc.o
                0x0000000020000144                mallco_dev
 .data.TaskManger
                0x0000000020000158       0x20 build/tskmanager.o
                0x0000000020000158                TaskManger
 .data.eTask    0x0000000020000178       0x48 build/tskmanager.o
                0x0000000020000178                eTask
 .data.sTask    0x00000000200001c0       0x48 build/tskmanager.o
                0x00000000200001c0                sTask
                0x0000000020000208                . = ALIGN (0x4)
                0x0000000020000208                _edata = .

.igot.plt       0x0000000020000208        0x0 load address 0x0000000008001460
 .igot.plt      0x0000000020000208        0x0 /Users/zy/Desktop/Tools/gcc-arm-none-eabi-7-2017-q4-major/bin/../lib/gcc/arm-none-eabi/7.2.1/thumb/v7-m/crtbegin.o
                0x0000000020000208                . = ALIGN (0x4)

.bss            0x0000000020000208     0x8858 load address 0x0000000008001460
                0x0000000020000208                _sbss = .
                0x0000000020000208                __bss_start__ = _sbss
 *(.bss)
 .bss           0x0000000020000208       0x1c /Users/zy/Desktop/Tools/gcc-arm-none-eabi-7-2017-q4-major/bin/../lib/gcc/arm-none-eabi/7.2.1/thumb/v7-m/crtbegin.o
 *(.bss*)
 .bss.fac_ms    0x0000000020000224        0x2 build/sys.o
 .bss.fac_us    0x0000000020000226        0x1 build/sys.o
 *fill*         0x0000000020000227        0x1 
 .bss.arr       0x0000000020000228        0x8 build/bsp_f1xx_timer.o
 .bss.funcs     0x0000000020000230       0x18 build/bsp_f1xx_timer.o
 .bss.psc       0x0000000020000248        0x8 build/bsp_f1xx_timer.o
 .bss.StopCondition
                0x0000000020000250        0x1 build/bsp_f1xx_sdio.o
 .bss.TransferEnd
                0x0000000020000251        0x1 build/bsp_f1xx_sdio.o
                0x0000000020000251                TransferEnd
 .bss.TransferError
                0x0000000020000252        0x1 build/bsp_f1xx_sdio.o
                0x0000000020000252                TransferError
 *fill*         0x0000000020000253        0x1 
 .bss.MemUsed   0x0000000020000254        0x4 build/malloc.o
                0x0000000020000254                MemUsed
 *(COMMON)
 COMMON         0x0000000020000258     0x8800 build/malloc.o
                0x0000000020000258                mem1mapbase
                0x0000000020000a58                mem1base
 COMMON         0x0000000020008a58        0x8 build/tskmanager.o
                0x0000000020008a58                delayTick
                0x0000000020008a60                . = ALIGN (0x4)
                0x0000000020008a60                _ebss = .
                0x0000000020008a60                __bss_end__ = _ebss

._user_heap_stack
                0x0000000020008a60      0x600 load address 0x0000000008001460
                0x0000000020008a60                . = ALIGN (0x8)
                0x0000000020008a60                PROVIDE (end, .)
                [!provide]                        PROVIDE (_end, .)
                0x0000000020008c60                . = (. + _Min_Heap_Size)
 *fill*         0x0000000020008a60      0x200 
                0x0000000020009060                . = (. + _Min_Stack_Size)
 *fill*         0x0000000020008c60      0x400 
                0x0000000020009060                . = ALIGN (0x8)

/DISCARD/
 libc.a(*)
 libm.a(*)
 libgcc.a(*)

.ARM.attributes
                0x0000000000000000       0x29
 *(.ARM.attributes)
 .ARM.attributes
                0x0000000000000000       0x1d /Users/zy/Desktop/Tools/gcc-arm-none-eabi-7-2017-q4-major/bin/../lib/gcc/arm-none-eabi/7.2.1/thumb/v7-m/crti.o
 .ARM.attributes
                0x000000000000001d       0x2d /Users/zy/Desktop/Tools/gcc-arm-none-eabi-7-2017-q4-major/bin/../lib/gcc/arm-none-eabi/7.2.1/thumb/v7-m/crtbegin.o
 .ARM.attributes
                0x000000000000004a       0x33 build/main.o
 .ARM.attributes
                0x000000000000007d       0x33 build/runled.o
 .ARM.attributes
                0x00000000000000b0       0x33 build/sys.o
 .ARM.attributes
                0x00000000000000e3       0x33 build/bsp_f1xx_io.o
 .ARM.attributes
                0x0000000000000116       0x33 build/bsp_f1xx_timer.o
 .ARM.attributes
                0x0000000000000149       0x33 build/bsp_f1xx_led.o
 .ARM.attributes
                0x000000000000017c       0x33 build/bsp_f1xx_dma.o
 .ARM.attributes
                0x00000000000001af       0x33 build/bsp_f1xx_uart.o
 .ARM.attributes
                0x00000000000001e2       0x33 build/bsp_f1xx_sdio.o
 .ARM.attributes
                0x0000000000000215       0x33 build/bsp_f1xx_rtc.o
 .ARM.attributes
                0x0000000000000248       0x33 build/malloc.o
 .ARM.attributes
                0x000000000000027b       0x33 build/tskmanager.o
 .ARM.attributes
                0x00000000000002ae       0x21 build/startup_stm32f103xe.o
 .ARM.attributes
                0x00000000000002cf       0x2d /Users/zy/Desktop/Tools/gcc-arm-none-eabi-7-2017-q4-major/bin/../lib/gcc/arm-none-eabi/7.2.1/../../../../arm-none-eabi/lib/thumb/v7-m/libc_nano.a(lib_a-init.o)
 .ARM.attributes
                0x00000000000002fc       0x1d /Users/zy/Desktop/Tools/gcc-arm-none-eabi-7-2017-q4-major/bin/../lib/gcc/arm-none-eabi/7.2.1/thumb/v7-m/libgcc.a(_aeabi_uldivmod.o)
 .ARM.attributes
                0x0000000000000319       0x2d /Users/zy/Desktop/Tools/gcc-arm-none-eabi-7-2017-q4-major/bin/../lib/gcc/arm-none-eabi/7.2.1/thumb/v7-m/libgcc.a(_udivmoddi4.o)
 .ARM.attributes
                0x0000000000000346       0x1d /Users/zy/Desktop/Tools/gcc-arm-none-eabi-7-2017-q4-major/bin/../lib/gcc/arm-none-eabi/7.2.1/thumb/v7-m/libgcc.a(_dvmd_tls.o)
 .ARM.attributes
                0x0000000000000363       0x1d /Users/zy/Desktop/Tools/gcc-arm-none-eabi-7-2017-q4-major/bin/../lib/gcc/arm-none-eabi/7.2.1/thumb/v7-m/crtn.o
OUTPUT(build/drivers_stm32f1xx.elf elf32-littlearm)

.debug_info     0x0000000000000000     0xe7b9
 .debug_info    0x0000000000000000      0xe86 build/main.o
 .debug_info    0x0000000000000e86      0xe58 build/runled.o
 .debug_info    0x0000000000001cde     0x1425 build/sys.o
 .debug_info    0x0000000000003103      0xea6 build/bsp_f1xx_io.o
 .debug_info    0x0000000000003fa9     0x11f3 build/bsp_f1xx_timer.o
 .debug_info    0x000000000000519c      0xe8c build/bsp_f1xx_led.o
 .debug_info    0x0000000000006028      0xe4f build/bsp_f1xx_dma.o
 .debug_info    0x0000000000006e77     0x1bcb build/bsp_f1xx_uart.o
 .debug_info    0x0000000000008a42     0x2bde build/bsp_f1xx_sdio.o
 .debug_info    0x000000000000b620     0x13f5 build/bsp_f1xx_rtc.o
 .debug_info    0x000000000000ca15      0xf76 build/malloc.o
 .debug_info    0x000000000000d98b      0xe0c build/tskmanager.o
 .debug_info    0x000000000000e797       0x22 build/startup_stm32f103xe.o

.debug_abbrev   0x0000000000000000     0x2167
 .debug_abbrev  0x0000000000000000      0x213 build/main.o
 .debug_abbrev  0x0000000000000213      0x254 build/runled.o
 .debug_abbrev  0x0000000000000467      0x2d5 build/sys.o
 .debug_abbrev  0x000000000000073c      0x254 build/bsp_f1xx_io.o
 .debug_abbrev  0x0000000000000990      0x2f1 build/bsp_f1xx_timer.o
 .debug_abbrev  0x0000000000000c81      0x23f build/bsp_f1xx_led.o
 .debug_abbrev  0x0000000000000ec0      0x260 build/bsp_f1xx_dma.o
 .debug_abbrev  0x0000000000001120      0x377 build/bsp_f1xx_uart.o
 .debug_abbrev  0x0000000000001497      0x431 build/bsp_f1xx_sdio.o
 .debug_abbrev  0x00000000000018c8      0x2ac build/bsp_f1xx_rtc.o
 .debug_abbrev  0x0000000000001b74      0x2fd build/malloc.o
 .debug_abbrev  0x0000000000001e71      0x2e4 build/tskmanager.o
 .debug_abbrev  0x0000000000002155       0x12 build/startup_stm32f103xe.o

.debug_loc      0x0000000000000000     0x408b
 .debug_loc     0x0000000000000000       0x20 build/main.o
 .debug_loc     0x0000000000000020       0x61 build/runled.o
 .debug_loc     0x0000000000000081      0x4a6 build/sys.o
 .debug_loc     0x0000000000000527       0x9a build/bsp_f1xx_io.o
 .debug_loc     0x00000000000005c1      0x168 build/bsp_f1xx_timer.o
 .debug_loc     0x0000000000000729      0x116 build/bsp_f1xx_led.o
 .debug_loc     0x000000000000083f      0x114 build/bsp_f1xx_dma.o
 .debug_loc     0x0000000000000953      0x757 build/bsp_f1xx_uart.o
 .debug_loc     0x00000000000010aa     0x22d3 build/bsp_f1xx_sdio.o
 .debug_loc     0x000000000000337d      0x575 build/bsp_f1xx_rtc.o
 .debug_loc     0x00000000000038f2      0x4ce build/malloc.o
 .debug_loc     0x0000000000003dc0      0x2cb build/tskmanager.o

.debug_aranges  0x0000000000000000      0x4a0
 .debug_aranges
                0x0000000000000000       0x20 build/main.o
 .debug_aranges
                0x0000000000000020       0x30 build/runled.o
 .debug_aranges
                0x0000000000000050       0xa0 build/sys.o
 .debug_aranges
                0x00000000000000f0       0x38 build/bsp_f1xx_io.o
 .debug_aranges
                0x0000000000000128       0x50 build/bsp_f1xx_timer.o
 .debug_aranges
                0x0000000000000178       0x38 build/bsp_f1xx_led.o
 .debug_aranges
                0x00000000000001b0       0x38 build/bsp_f1xx_dma.o
 .debug_aranges
                0x00000000000001e8       0x68 build/bsp_f1xx_uart.o
 .debug_aranges
                0x0000000000000250      0x118 build/bsp_f1xx_sdio.o
 .debug_aranges
                0x0000000000000368       0x50 build/bsp_f1xx_rtc.o
 .debug_aranges
                0x00000000000003b8       0x60 build/malloc.o
 .debug_aranges
                0x0000000000000418       0x60 build/tskmanager.o
 .debug_aranges
                0x0000000000000478       0x28 build/startup_stm32f103xe.o

.debug_ranges   0x0000000000000000      0x438
 .debug_ranges  0x0000000000000000       0x10 build/main.o
 .debug_ranges  0x0000000000000010       0x20 build/runled.o
 .debug_ranges  0x0000000000000030       0x90 build/sys.o
 .debug_ranges  0x00000000000000c0       0x28 build/bsp_f1xx_io.o
 .debug_ranges  0x00000000000000e8       0x40 build/bsp_f1xx_timer.o
 .debug_ranges  0x0000000000000128       0x28 build/bsp_f1xx_led.o
 .debug_ranges  0x0000000000000150       0x28 build/bsp_f1xx_dma.o
 .debug_ranges  0x0000000000000178       0xb8 build/bsp_f1xx_uart.o
 .debug_ranges  0x0000000000000230      0x108 build/bsp_f1xx_sdio.o
 .debug_ranges  0x0000000000000338       0x40 build/bsp_f1xx_rtc.o
 .debug_ranges  0x0000000000000378       0x50 build/malloc.o
 .debug_ranges  0x00000000000003c8       0x50 build/tskmanager.o
 .debug_ranges  0x0000000000000418       0x20 build/startup_stm32f103xe.o

.debug_line     0x0000000000000000     0x28ec
 .debug_line    0x0000000000000000      0x22a build/main.o
 .debug_line    0x000000000000022a      0x235 build/runled.o
 .debug_line    0x000000000000045f      0x393 build/sys.o
 .debug_line    0x00000000000007f2      0x24f build/bsp_f1xx_io.o
 .debug_line    0x0000000000000a41      0x2b2 build/bsp_f1xx_timer.o
 .debug_line    0x0000000000000cf3      0x251 build/bsp_f1xx_led.o
 .debug_line    0x0000000000000f44      0x24b build/bsp_f1xx_dma.o
 .debug_line    0x000000000000118f      0x3a9 build/bsp_f1xx_uart.o
 .debug_line    0x0000000000001538      0xa4d build/bsp_f1xx_sdio.o
 .debug_line    0x0000000000001f85      0x36c build/bsp_f1xx_rtc.o
 .debug_line    0x00000000000022f1      0x2f7 build/malloc.o
 .debug_line    0x00000000000025e8      0x28b build/tskmanager.o
 .debug_line    0x0000000000002873       0x79 build/startup_stm32f103xe.o

.debug_str      0x0000000000000000     0x2005
 .debug_str     0x0000000000000000      0x647 build/main.o
                                        0x6ec (size before relaxing)
 .debug_str     0x0000000000000647      0x1c9 build/runled.o
                                        0x819 (size before relaxing)
 .debug_str     0x0000000000000810      0x32e build/sys.o
                                        0x8f0 (size before relaxing)
 .debug_str     0x0000000000000b3e       0x40 build/bsp_f1xx_io.o
                                        0x832 (size before relaxing)
 .debug_str     0x0000000000000b7e      0x46f build/bsp_f1xx_timer.o
                                        0xb5f (size before relaxing)
 .debug_str     0x0000000000000fed       0x24 build/bsp_f1xx_led.o
                                        0x80f (size before relaxing)
 .debug_str     0x0000000000001011       0x8b build/bsp_f1xx_dma.o
                                        0x6fe (size before relaxing)
 .debug_str     0x000000000000109c      0x236 build/bsp_f1xx_uart.o
                                        0xe71 (size before relaxing)
 .debug_str     0x00000000000012d2      0xa16 build/bsp_f1xx_sdio.o
                                       0x1519 (size before relaxing)
 .debug_str     0x0000000000001ce8      0x1d2 build/bsp_f1xx_rtc.o
                                        0x88a (size before relaxing)
 .debug_str     0x0000000000001eba       0xa5 build/malloc.o
                                        0x6f9 (size before relaxing)
 .debug_str     0x0000000000001f5f       0x79 build/tskmanager.o
                                        0x6c0 (size before relaxing)
 .debug_str     0x0000000000001fd8       0x2d build/startup_stm32f103xe.o
                                         0x63 (size before relaxing)

.comment        0x0000000000000000       0x7e
 .comment       0x0000000000000000       0x7e build/main.o
                                         0x7f (size before relaxing)
 .comment       0x000000000000007e       0x7f build/runled.o
 .comment       0x000000000000007e       0x7f build/sys.o
 .comment       0x000000000000007e       0x7f build/bsp_f1xx_io.o
 .comment       0x000000000000007e       0x7f build/bsp_f1xx_timer.o
 .comment       0x000000000000007e       0x7f build/bsp_f1xx_led.o
 .comment       0x000000000000007e       0x7f build/bsp_f1xx_dma.o
 .comment       0x000000000000007e       0x7f build/bsp_f1xx_uart.o
 .comment       0x000000000000007e       0x7f build/bsp_f1xx_sdio.o
 .comment       0x000000000000007e       0x7f build/bsp_f1xx_rtc.o
 .comment       0x000000000000007e       0x7f build/malloc.o
 .comment       0x000000000000007e       0x7f build/tskmanager.o

.debug_frame    0x0000000000000000      0xd70
 .debug_frame   0x0000000000000000       0x2c build/main.o
 .debug_frame   0x000000000000002c       0x58 build/runled.o
 .debug_frame   0x0000000000000084      0x198 build/sys.o
 .debug_frame   0x000000000000021c       0x74 build/bsp_f1xx_io.o
 .debug_frame   0x0000000000000290       0xe4 build/bsp_f1xx_timer.o
 .debug_frame   0x0000000000000374       0x74 build/bsp_f1xx_led.o
 .debug_frame   0x00000000000003e8       0x70 build/bsp_f1xx_dma.o
 .debug_frame   0x0000000000000458      0x178 build/bsp_f1xx_uart.o
 .debug_frame   0x00000000000005d0      0x3e4 build/bsp_f1xx_sdio.o
 .debug_frame   0x00000000000009b4       0xe8 build/bsp_f1xx_rtc.o
 .debug_frame   0x0000000000000a9c       0xfc build/malloc.o
 .debug_frame   0x0000000000000b98      0x14c build/tskmanager.o
 .debug_frame   0x0000000000000ce4       0x2c /Users/zy/Desktop/Tools/gcc-arm-none-eabi-7-2017-q4-major/bin/../lib/gcc/arm-none-eabi/7.2.1/../../../../arm-none-eabi/lib/thumb/v7-m/libc_nano.a(lib_a-init.o)
 .debug_frame   0x0000000000000d10       0x2c /Users/zy/Desktop/Tools/gcc-arm-none-eabi-7-2017-q4-major/bin/../lib/gcc/arm-none-eabi/7.2.1/thumb/v7-m/libgcc.a(_aeabi_uldivmod.o)
 .debug_frame   0x0000000000000d3c       0x34 /Users/zy/Desktop/Tools/gcc-arm-none-eabi-7-2017-q4-major/bin/../lib/gcc/arm-none-eabi/7.2.1/thumb/v7-m/libgcc.a(_udivmoddi4.o)

.stabstr        0x0000000000000000      0x14d
 .stabstr       0x0000000000000000      0x14d /Users/zy/Desktop/Tools/gcc-arm-none-eabi-7-2017-q4-major/bin/../lib/gcc/arm-none-eabi/7.2.1/../../../../arm-none-eabi/lib/thumb/v7-m/libnosys.a(close.o)

Cross Reference Table

Symbol                                            File
ADC1_2_IRQHandler                                 build/startup_stm32f103xe.o
ADC3_IRQHandler                                   build/startup_stm32f103xe.o
BufferReset                                       build/bufferutil.o
BusFault_Handler                                  build/startup_stm32f103xe.o
CAN1_RX1_IRQHandler                               build/startup_stm32f103xe.o
CAN1_SCE_IRQHandler                               build/startup_stm32f103xe.o
CloseDataUtil                                     build/datautil.o
CmdError                                          build/bsp_f1xx_sdio.o
CmdResp1Error                                     build/bsp_f1xx_sdio.o
CmdResp2Error                                     build/bsp_f1xx_sdio.o
CmdResp3Error                                     build/bsp_f1xx_sdio.o
CmdResp6Error                                     build/bsp_f1xx_sdio.o
CmdResp7Error                                     build/bsp_f1xx_sdio.o
Com1SendData                                      build/bsp_f1xx_uart.o
Com2SendData                                      build/bsp_f1xx_uart.o
ComxSendData                                      build/bsp_f1xx_uart.o
ComxSetBaud                                       build/bsp_f1xx_uart.o
CrcUtil                                           build/crcutil.o
CreateDataUtil                                    build/datautil.o
CreateTask                                        build/tskmanager.o
                                                  build/runled.o
DMA1_Channel1_IRQHandler                          build/startup_stm32f103xe.o
DMA1_Channel2_IRQHandler                          build/startup_stm32f103xe.o
DMA1_Channel3_IRQHandler                          build/bsp_f1xx_uart.o
DMA1_Channel4_IRQHandler                          build/startup_stm32f103xe.o
DMA1_Channel5_IRQHandler                          build/startup_stm32f103xe.o
DMA1_Channel6_IRQHandler                          build/bsp_f1xx_uart.o
DMA1_Channel7_IRQHandler                          build/startup_stm32f103xe.o
DMA2_Channel1_IRQHandler                          build/startup_stm32f103xe.o
DMA2_Channel2_IRQHandler                          build/startup_stm32f103xe.o
DMA2_Channel3_IRQHandler                          build/startup_stm32f103xe.o
DMA2_Channel4_5_IRQHandler                        build/startup_stm32f103xe.o
DebugMon_Handler                                  build/startup_stm32f103xe.o
Default_Handler                                   build/startup_stm32f103xe.o
DelTask                                           build/tskmanager.o
EXTI0_IRQHandler                                  build/startup_stm32f103xe.o
EXTI15_10_IRQHandler                              build/startup_stm32f103xe.o
EXTI1_IRQHandler                                  build/startup_stm32f103xe.o
EXTI2_IRQHandler                                  build/startup_stm32f103xe.o
EXTI3_IRQHandler                                  build/startup_stm32f103xe.o
EXTI4_IRQHandler                                  build/startup_stm32f103xe.o
EXTI9_5_IRQHandler                                build/startup_stm32f103xe.o
Ex_NVIC_Config                                    build/sys.o
ExecTask                                          build/tskmanager.o
                                                  build/main.o
FLASH_IRQHandler                                  build/startup_stm32f103xe.o
FSMC_IRQHandler                                   build/startup_stm32f103xe.o
FindSCR                                           build/bsp_f1xx_sdio.o
GetPopBufferLen                                   build/bufferutil.o
HardFault_Handler                                 build/startup_stm32f103xe.o
I2C1_ER_IRQHandler                                build/startup_stm32f103xe.o
I2C1_EV_IRQHandler                                build/startup_stm32f103xe.o
I2C2_ER_IRQHandler                                build/startup_stm32f103xe.o
I2C2_EV_IRQHandler                                build/startup_stm32f103xe.o
INTX_DISABLE                                      build/sys.o
                                                  build/bsp_f1xx_rtc.o
                                                  build/bsp_f1xx_sdio.o
INTX_ENABLE                                       build/sys.o
                                                  build/bsp_f1xx_rtc.o
                                                  build/bsp_f1xx_sdio.o
InitBuffer                                        build/bufferutil.o
IsCardProgramming                                 build/bsp_f1xx_sdio.o
Is_Leap_Year                                      build/bsp_f1xx_rtc.o
JTAG_Set                                          build/sys.o
MPU_Get_Accelerometer                             build/mod_mpu6050.o
MPU_Get_Gyroscope                                 build/mod_mpu6050.o
MPU_Get_Temperature                               build/mod_mpu6050.o
MPU_Set_Accel_Fsr                                 build/mod_mpu6050.o
MPU_Set_Gyro_Fsr                                  build/mod_mpu6050.o
MPU_Set_LPF                                       build/mod_mpu6050.o
MPU_Set_Rate                                      build/mod_mpu6050.o
MSR_MSP                                           build/sys.o
MYRCC_DeInit                                      build/sys.o
MY_NVIC_Init                                      build/sys.o
                                                  build/bsp_f1xx_sdio.o
                                                  build/bsp_f1xx_uart.o
                                                  build/bsp_f1xx_timer.o
MY_NVIC_PriorityGroupConfig                       build/sys.o
MY_NVIC_SetVectorTable                            build/sys.o
MemManage_Handler                                 build/startup_stm32f103xe.o
MemUsed                                           build/malloc.o
NMI_Handler                                       build/startup_stm32f103xe.o
PVD_IRQHandler                                    build/startup_stm32f103xe.o
PendSV_Handler                                    build/startup_stm32f103xe.o
PopBuffer                                         build/bufferutil.o
PushBuffer                                        build/bufferutil.o
RCC_IRQHandler                                    build/startup_stm32f103xe.o
RTC_Alarm_IRQHandler                              build/startup_stm32f103xe.o
RTC_Get                                           build/bsp_f1xx_rtc.o
RTC_Get_Week                                      build/bsp_f1xx_rtc.o
RTC_IRQHandler                                    build/bsp_f1xx_rtc.o
RTC_Set                                           build/bsp_f1xx_rtc.o
Reset_Handler                                     build/startup_stm32f103xe.o
RtcSetBySec                                       build/bsp_f1xx_rtc.o
SDCardInfo                                        build/bsp_f1xx_sdio.o
SDEnWideBus                                       build/bsp_f1xx_sdio.o
SDIO_Clock_Set                                    build/bsp_f1xx_sdio.o
SDIO_DATA_BUFFER                                  build/bsp_f1xx_sdio.o
SDIO_IRQHandler                                   build/bsp_f1xx_sdio.o
SDIO_Send_Cmd                                     build/bsp_f1xx_sdio.o
SDIO_Send_Data_Cfg                                build/bsp_f1xx_sdio.o
SD_DMA_Config                                     build/bsp_f1xx_sdio.o
SD_EnableWideBusOperation                         build/bsp_f1xx_sdio.o
SD_GetCardInfo                                    build/bsp_f1xx_sdio.o
SD_GetState                                       build/bsp_f1xx_sdio.o
SD_InitializeCards                                build/bsp_f1xx_sdio.o
SD_PowerOFF                                       build/bsp_f1xx_sdio.o
SD_PowerON                                        build/bsp_f1xx_sdio.o
SD_ProcessIRQSrc                                  build/bsp_f1xx_sdio.o
SD_ReadBlock                                      build/bsp_f1xx_sdio.o
SD_ReadDisk                                       build/bsp_f1xx_sdio.o
SD_ReadMultiBlocks                                build/bsp_f1xx_sdio.o
SD_SelectDeselect                                 build/bsp_f1xx_sdio.o
SD_SendStatus                                     build/bsp_f1xx_sdio.o
SD_SetDeviceMode                                  build/bsp_f1xx_sdio.o
SD_WriteBlock                                     build/bsp_f1xx_sdio.o
SD_WriteDisk                                      build/bsp_f1xx_sdio.o
SD_WriteMultiBlocks                               build/bsp_f1xx_sdio.o
SPI1_IRQHandler                                   build/startup_stm32f103xe.o
SPI2_IRQHandler                                   build/startup_stm32f103xe.o
SPI3_IRQHandler                                   build/startup_stm32f103xe.o
SVC_Handler                                       build/startup_stm32f103xe.o
SendFuncs                                         build/bsp_f1xx_uart.o
SetRunledTime                                     build/runled.o
SetTaskPeriod                                     build/tskmanager.o
Stm32_Clock_Init                                  build/sys.o
                                                  build/main.o
Stm32_Hsi_Init                                    build/sys.o
SysTick_Handler                                   build/startup_stm32f103xe.o
Sys_Soft_Reset                                    build/sys.o
Sys_Standby                                       build/sys.o
TAMPER_IRQHandler                                 build/startup_stm32f103xe.o
TIM1_BRK_IRQHandler                               build/startup_stm32f103xe.o
TIM1_CC_IRQHandler                                build/startup_stm32f103xe.o
TIM1_TRG_COM_IRQHandler                           build/startup_stm32f103xe.o
TIM1_UP_IRQHandler                                build/startup_stm32f103xe.o
TIM2_IRQHandler                                   build/bsp_f1xx_timer.o
TIM3_IRQHandler                                   build/bsp_f1xx_timer.o
TIM4_IRQHandler                                   build/bsp_f1xx_timer.o
TIM5_IRQHandler                                   build/bsp_f1xx_timer.o
TIM6_IRQHandler                                   build/bsp_f1xx_timer.o
TIM7_IRQHandler                                   build/bsp_f1xx_timer.o
TIM8_BRK_IRQHandler                               build/startup_stm32f103xe.o
TIM8_CC_IRQHandler                                build/startup_stm32f103xe.o
TIM8_TRG_COM_IRQHandler                           build/startup_stm32f103xe.o
TIM8_UP_IRQHandler                                build/startup_stm32f103xe.o
TaskManger                                        build/tskmanager.o
                                                  build/bufferutil.o
TaskTickDiff                                      build/tskmanager.o
TransferEnd                                       build/bsp_f1xx_sdio.o
TransferError                                     build/bsp_f1xx_sdio.o
TskTickHandler                                    build/tskmanager.o
                                                  build/main.o
UART4_IRQHandler                                  build/startup_stm32f103xe.o
UART5_IRQHandler                                  build/startup_stm32f103xe.o
USART1_IRQHandler                                 build/bsp_f1xx_uart.o
USART2_IRQHandler                                 build/bsp_f1xx_uart.o
USART3_IRQHandler                                 build/startup_stm32f103xe.o
USBWakeUp_IRQHandler                              build/startup_stm32f103xe.o
USB_HP_CAN1_TX_IRQHandler                         build/startup_stm32f103xe.o
USB_LP_CAN1_RX0_IRQHandler                        build/startup_stm32f103xe.o
UsageFault_Handler                                build/startup_stm32f103xe.o
WFI_SET                                           build/sys.o
WWDG_IRQHandler                                   build/startup_stm32f103xe.o
__adddf3                                          /Users/zy/Desktop/Tools/gcc-arm-none-eabi-7-2017-q4-major/bin/../lib/gcc/arm-none-eabi/7.2.1/thumb/v7-m/libgcc.a(_arm_addsubdf3.o)
__addsf3                                          /Users/zy/Desktop/Tools/gcc-arm-none-eabi-7-2017-q4-major/bin/../lib/gcc/arm-none-eabi/7.2.1/thumb/v7-m/libgcc.a(_arm_addsubsf3.o)
__aeabi_cdcmpeq                                   /Users/zy/Desktop/Tools/gcc-arm-none-eabi-7-2017-q4-major/bin/../lib/gcc/arm-none-eabi/7.2.1/thumb/v7-m/libgcc.a(_arm_cmpdf2.o)
__aeabi_cdcmple                                   /Users/zy/Desktop/Tools/gcc-arm-none-eabi-7-2017-q4-major/bin/../lib/gcc/arm-none-eabi/7.2.1/thumb/v7-m/libgcc.a(_arm_cmpdf2.o)
__aeabi_cdrcmple                                  /Users/zy/Desktop/Tools/gcc-arm-none-eabi-7-2017-q4-major/bin/../lib/gcc/arm-none-eabi/7.2.1/thumb/v7-m/libgcc.a(_arm_cmpdf2.o)
__aeabi_cfcmpeq                                   /Users/zy/Desktop/Tools/gcc-arm-none-eabi-7-2017-q4-major/bin/../lib/gcc/arm-none-eabi/7.2.1/thumb/v7-m/libgcc.a(_arm_cmpsf2.o)
__aeabi_cfcmple                                   /Users/zy/Desktop/Tools/gcc-arm-none-eabi-7-2017-q4-major/bin/../lib/gcc/arm-none-eabi/7.2.1/thumb/v7-m/libgcc.a(_arm_cmpsf2.o)
__aeabi_cfrcmple                                  /Users/zy/Desktop/Tools/gcc-arm-none-eabi-7-2017-q4-major/bin/../lib/gcc/arm-none-eabi/7.2.1/thumb/v7-m/libgcc.a(_arm_cmpsf2.o)
__aeabi_d2f                                       /Users/zy/Desktop/Tools/gcc-arm-none-eabi-7-2017-q4-major/bin/../lib/gcc/arm-none-eabi/7.2.1/thumb/v7-m/libgcc.a(_arm_truncdfsf2.o)
                                                  build/inv_mpu.o
                                                  build/mod_mpu6050.o
__aeabi_dadd                                      /Users/zy/Desktop/Tools/gcc-arm-none-eabi-7-2017-q4-major/bin/../lib/gcc/arm-none-eabi/7.2.1/thumb/v7-m/libgcc.a(_arm_addsubdf3.o)
                                                  /Users/zy/Desktop/Tools/gcc-arm-none-eabi-7-2017-q4-major/bin/../lib/gcc/arm-none-eabi/7.2.1/../../../../arm-none-eabi/lib/thumb/v7-m/libm.a(lib_a-s_atan.o)
                                                  /Users/zy/Desktop/Tools/gcc-arm-none-eabi-7-2017-q4-major/bin/../lib/gcc/arm-none-eabi/7.2.1/../../../../arm-none-eabi/lib/thumb/v7-m/libm.a(lib_a-e_sqrt.o)
                                                  /Users/zy/Desktop/Tools/gcc-arm-none-eabi-7-2017-q4-major/bin/../lib/gcc/arm-none-eabi/7.2.1/../../../../arm-none-eabi/lib/thumb/v7-m/libm.a(lib_a-e_atan2.o)
                                                  /Users/zy/Desktop/Tools/gcc-arm-none-eabi-7-2017-q4-major/bin/../lib/gcc/arm-none-eabi/7.2.1/../../../../arm-none-eabi/lib/thumb/v7-m/libm.a(lib_a-e_asin.o)
                                                  build/mod_mpu6050.o
__aeabi_dcmpeq                                    /Users/zy/Desktop/Tools/gcc-arm-none-eabi-7-2017-q4-major/bin/../lib/gcc/arm-none-eabi/7.2.1/thumb/v7-m/libgcc.a(_arm_cmpdf2.o)
__aeabi_dcmpge                                    /Users/zy/Desktop/Tools/gcc-arm-none-eabi-7-2017-q4-major/bin/../lib/gcc/arm-none-eabi/7.2.1/thumb/v7-m/libgcc.a(_arm_cmpdf2.o)
__aeabi_dcmpgt                                    /Users/zy/Desktop/Tools/gcc-arm-none-eabi-7-2017-q4-major/bin/../lib/gcc/arm-none-eabi/7.2.1/thumb/v7-m/libgcc.a(_arm_cmpdf2.o)
                                                  /Users/zy/Desktop/Tools/gcc-arm-none-eabi-7-2017-q4-major/bin/../lib/gcc/arm-none-eabi/7.2.1/../../../../arm-none-eabi/lib/thumb/v7-m/libm.a(lib_a-s_atan.o)
                                                  /Users/zy/Desktop/Tools/gcc-arm-none-eabi-7-2017-q4-major/bin/../lib/gcc/arm-none-eabi/7.2.1/../../../../arm-none-eabi/lib/thumb/v7-m/libm.a(lib_a-e_asin.o)
                                                  /Users/zy/Desktop/Tools/gcc-arm-none-eabi-7-2017-q4-major/bin/../lib/gcc/arm-none-eabi/7.2.1/../../../../arm-none-eabi/lib/thumb/v7-m/libm.a(lib_a-w_asin.o)
__aeabi_dcmple                                    /Users/zy/Desktop/Tools/gcc-arm-none-eabi-7-2017-q4-major/bin/../lib/gcc/arm-none-eabi/7.2.1/thumb/v7-m/libgcc.a(_arm_cmpdf2.o)
__aeabi_dcmplt                                    /Users/zy/Desktop/Tools/gcc-arm-none-eabi-7-2017-q4-major/bin/../lib/gcc/arm-none-eabi/7.2.1/thumb/v7-m/libgcc.a(_arm_cmpdf2.o)
__aeabi_dcmpun                                    /Users/zy/Desktop/Tools/gcc-arm-none-eabi-7-2017-q4-major/bin/../lib/gcc/arm-none-eabi/7.2.1/thumb/v7-m/libgcc.a(_arm_unorddf2.o)
                                                  /Users/zy/Desktop/Tools/gcc-arm-none-eabi-7-2017-q4-major/bin/../lib/gcc/arm-none-eabi/7.2.1/../../../../arm-none-eabi/lib/thumb/v7-m/libm.a(lib_a-w_asin.o)
__aeabi_ddiv                                      /Users/zy/Desktop/Tools/gcc-arm-none-eabi-7-2017-q4-major/bin/../lib/gcc/arm-none-eabi/7.2.1/thumb/v7-m/libgcc.a(_arm_muldivdf3.o)
                                                  /Users/zy/Desktop/Tools/gcc-arm-none-eabi-7-2017-q4-major/bin/../lib/gcc/arm-none-eabi/7.2.1/../../../../arm-none-eabi/lib/thumb/v7-m/libm.a(lib_a-s_atan.o)
                                                  /Users/zy/Desktop/Tools/gcc-arm-none-eabi-7-2017-q4-major/bin/../lib/gcc/arm-none-eabi/7.2.1/../../../../arm-none-eabi/lib/thumb/v7-m/libm.a(lib_a-e_sqrt.o)
                                                  /Users/zy/Desktop/Tools/gcc-arm-none-eabi-7-2017-q4-major/bin/../lib/gcc/arm-none-eabi/7.2.1/../../../../arm-none-eabi/lib/thumb/v7-m/libm.a(lib_a-e_atan2.o)
                                                  /Users/zy/Desktop/Tools/gcc-arm-none-eabi-7-2017-q4-major/bin/../lib/gcc/arm-none-eabi/7.2.1/../../../../arm-none-eabi/lib/thumb/v7-m/libm.a(lib_a-e_asin.o)
                                                  build/mod_mpu6050.o
__aeabi_dmul                                      /Users/zy/Desktop/Tools/gcc-arm-none-eabi-7-2017-q4-major/bin/../lib/gcc/arm-none-eabi/7.2.1/thumb/v7-m/libgcc.a(_arm_muldivdf3.o)
                                                  /Users/zy/Desktop/Tools/gcc-arm-none-eabi-7-2017-q4-major/bin/../lib/gcc/arm-none-eabi/7.2.1/../../../../arm-none-eabi/lib/thumb/v7-m/libm.a(lib_a-s_atan.o)
                                                  /Users/zy/Desktop/Tools/gcc-arm-none-eabi-7-2017-q4-major/bin/../lib/gcc/arm-none-eabi/7.2.1/../../../../arm-none-eabi/lib/thumb/v7-m/libm.a(lib_a-e_sqrt.o)
                                                  /Users/zy/Desktop/Tools/gcc-arm-none-eabi-7-2017-q4-major/bin/../lib/gcc/arm-none-eabi/7.2.1/../../../../arm-none-eabi/lib/thumb/v7-m/libm.a(lib_a-e_asin.o)
                                                  build/inv_mpu.o
__aeabi_drsub                                     /Users/zy/Desktop/Tools/gcc-arm-none-eabi-7-2017-q4-major/bin/../lib/gcc/arm-none-eabi/7.2.1/thumb/v7-m/libgcc.a(_arm_addsubdf3.o)
__aeabi_dsub                                      /Users/zy/Desktop/Tools/gcc-arm-none-eabi-7-2017-q4-major/bin/../lib/gcc/arm-none-eabi/7.2.1/thumb/v7-m/libgcc.a(_arm_addsubdf3.o)
                                                  /Users/zy/Desktop/Tools/gcc-arm-none-eabi-7-2017-q4-major/bin/../lib/gcc/arm-none-eabi/7.2.1/../../../../arm-none-eabi/lib/thumb/v7-m/libm.a(lib_a-s_atan.o)
                                                  /Users/zy/Desktop/Tools/gcc-arm-none-eabi-7-2017-q4-major/bin/../lib/gcc/arm-none-eabi/7.2.1/../../../../arm-none-eabi/lib/thumb/v7-m/libm.a(lib_a-e_sqrt.o)
                                                  /Users/zy/Desktop/Tools/gcc-arm-none-eabi-7-2017-q4-major/bin/../lib/gcc/arm-none-eabi/7.2.1/../../../../arm-none-eabi/lib/thumb/v7-m/libm.a(lib_a-e_atan2.o)
                                                  /Users/zy/Desktop/Tools/gcc-arm-none-eabi-7-2017-q4-major/bin/../lib/gcc/arm-none-eabi/7.2.1/../../../../arm-none-eabi/lib/thumb/v7-m/libm.a(lib_a-e_asin.o)
__aeabi_f2d                                       /Users/zy/Desktop/Tools/gcc-arm-none-eabi-7-2017-q4-major/bin/../lib/gcc/arm-none-eabi/7.2.1/thumb/v7-m/libgcc.a(_arm_addsubdf3.o)
                                                  build/inv_mpu.o
__aeabi_f2iz                                      /Users/zy/Desktop/Tools/gcc-arm-none-eabi-7-2017-q4-major/bin/../lib/gcc/arm-none-eabi/7.2.1/thumb/v7-m/libgcc.a(_arm_fixsfsi.o)
                                                  build/inv_mpu.o
                                                  build/mod_mpu6050.o
__aeabi_f2uiz                                     /Users/zy/Desktop/Tools/gcc-arm-none-eabi-7-2017-q4-major/bin/../lib/gcc/arm-none-eabi/7.2.1/thumb/v7-m/libgcc.a(_arm_fixunssfsi.o)
                                                  build/inv_mpu_dmp_motion_driver.o
                                                  build/bsp_f1xx_uart.o
__aeabi_fadd                                      /Users/zy/Desktop/Tools/gcc-arm-none-eabi-7-2017-q4-major/bin/../lib/gcc/arm-none-eabi/7.2.1/thumb/v7-m/libgcc.a(_arm_addsubsf3.o)
                                                  build/inv_mpu.o
__aeabi_fcmpeq                                    /Users/zy/Desktop/Tools/gcc-arm-none-eabi-7-2017-q4-major/bin/../lib/gcc/arm-none-eabi/7.2.1/thumb/v7-m/libgcc.a(_arm_cmpsf2.o)
                                                  build/inv_mpu.o
__aeabi_fcmpge                                    /Users/zy/Desktop/Tools/gcc-arm-none-eabi-7-2017-q4-major/bin/../lib/gcc/arm-none-eabi/7.2.1/thumb/v7-m/libgcc.a(_arm_cmpsf2.o)
__aeabi_fcmpgt                                    /Users/zy/Desktop/Tools/gcc-arm-none-eabi-7-2017-q4-major/bin/../lib/gcc/arm-none-eabi/7.2.1/thumb/v7-m/libgcc.a(_arm_cmpsf2.o)
                                                  build/inv_mpu.o
__aeabi_fcmple                                    /Users/zy/Desktop/Tools/gcc-arm-none-eabi-7-2017-q4-major/bin/../lib/gcc/arm-none-eabi/7.2.1/thumb/v7-m/libgcc.a(_arm_cmpsf2.o)
__aeabi_fcmplt                                    /Users/zy/Desktop/Tools/gcc-arm-none-eabi-7-2017-q4-major/bin/../lib/gcc/arm-none-eabi/7.2.1/thumb/v7-m/libgcc.a(_arm_cmpsf2.o)
                                                  build/inv_mpu.o
__aeabi_fdiv                                      /Users/zy/Desktop/Tools/gcc-arm-none-eabi-7-2017-q4-major/bin/../lib/gcc/arm-none-eabi/7.2.1/thumb/v7-m/libgcc.a(_arm_muldivsf3.o)
                                                  build/inv_mpu_dmp_motion_driver.o
                                                  build/inv_mpu.o
                                                  build/bsp_f1xx_uart.o
__aeabi_fmul                                      /Users/zy/Desktop/Tools/gcc-arm-none-eabi-7-2017-q4-major/bin/../lib/gcc/arm-none-eabi/7.2.1/thumb/v7-m/libgcc.a(_arm_muldivsf3.o)
                                                  build/inv_mpu_dmp_motion_driver.o
                                                  build/inv_mpu.o
                                                  build/mod_mpu6050.o
                                                  build/bsp_f1xx_uart.o
__aeabi_frsub                                     /Users/zy/Desktop/Tools/gcc-arm-none-eabi-7-2017-q4-major/bin/../lib/gcc/arm-none-eabi/7.2.1/thumb/v7-m/libgcc.a(_arm_addsubsf3.o)
__aeabi_fsub                                      /Users/zy/Desktop/Tools/gcc-arm-none-eabi-7-2017-q4-major/bin/../lib/gcc/arm-none-eabi/7.2.1/thumb/v7-m/libgcc.a(_arm_addsubsf3.o)
                                                  build/inv_mpu.o
                                                  build/bsp_f1xx_uart.o
__aeabi_i2d                                       /Users/zy/Desktop/Tools/gcc-arm-none-eabi-7-2017-q4-major/bin/../lib/gcc/arm-none-eabi/7.2.1/thumb/v7-m/libgcc.a(_arm_addsubdf3.o)
                                                  build/mod_mpu6050.o
__aeabi_i2f                                       /Users/zy/Desktop/Tools/gcc-arm-none-eabi-7-2017-q4-major/bin/../lib/gcc/arm-none-eabi/7.2.1/thumb/v7-m/libgcc.a(_arm_addsubsf3.o)
                                                  build/inv_mpu.o
                                                  build/bsp_f1xx_uart.o
__aeabi_idiv0                                     /Users/zy/Desktop/Tools/gcc-arm-none-eabi-7-2017-q4-major/bin/../lib/gcc/arm-none-eabi/7.2.1/thumb/v7-m/libgcc.a(_dvmd_tls.o)
__aeabi_l2d                                       /Users/zy/Desktop/Tools/gcc-arm-none-eabi-7-2017-q4-major/bin/../lib/gcc/arm-none-eabi/7.2.1/thumb/v7-m/libgcc.a(_arm_addsubdf3.o)
__aeabi_l2f                                       /Users/zy/Desktop/Tools/gcc-arm-none-eabi-7-2017-q4-major/bin/../lib/gcc/arm-none-eabi/7.2.1/thumb/v7-m/libgcc.a(_arm_addsubsf3.o)
__aeabi_ldiv0                                     /Users/zy/Desktop/Tools/gcc-arm-none-eabi-7-2017-q4-major/bin/../lib/gcc/arm-none-eabi/7.2.1/thumb/v7-m/libgcc.a(_dvmd_tls.o)
                                                  /Users/zy/Desktop/Tools/gcc-arm-none-eabi-7-2017-q4-major/bin/../lib/gcc/arm-none-eabi/7.2.1/thumb/v7-m/libgcc.a(_aeabi_uldivmod.o)
                                                  /Users/zy/Desktop/Tools/gcc-arm-none-eabi-7-2017-q4-major/bin/../lib/gcc/arm-none-eabi/7.2.1/thumb/v7-m/libgcc.a(_aeabi_ldivmod.o)
__aeabi_ldivmod                                   /Users/zy/Desktop/Tools/gcc-arm-none-eabi-7-2017-q4-major/bin/../lib/gcc/arm-none-eabi/7.2.1/thumb/v7-m/libgcc.a(_aeabi_ldivmod.o)
                                                  build/inv_mpu.o
__aeabi_ui2d                                      /Users/zy/Desktop/Tools/gcc-arm-none-eabi-7-2017-q4-major/bin/../lib/gcc/arm-none-eabi/7.2.1/thumb/v7-m/libgcc.a(_arm_addsubdf3.o)
__aeabi_ui2f                                      /Users/zy/Desktop/Tools/gcc-arm-none-eabi-7-2017-q4-major/bin/../lib/gcc/arm-none-eabi/7.2.1/thumb/v7-m/libgcc.a(_arm_addsubsf3.o)
                                                  build/inv_mpu_dmp_motion_driver.o
                                                  build/bsp_f1xx_uart.o
__aeabi_ul2d                                      /Users/zy/Desktop/Tools/gcc-arm-none-eabi-7-2017-q4-major/bin/../lib/gcc/arm-none-eabi/7.2.1/thumb/v7-m/libgcc.a(_arm_addsubdf3.o)
__aeabi_ul2f                                      /Users/zy/Desktop/Tools/gcc-arm-none-eabi-7-2017-q4-major/bin/../lib/gcc/arm-none-eabi/7.2.1/thumb/v7-m/libgcc.a(_arm_addsubsf3.o)
__aeabi_uldivmod                                  /Users/zy/Desktop/Tools/gcc-arm-none-eabi-7-2017-q4-major/bin/../lib/gcc/arm-none-eabi/7.2.1/thumb/v7-m/libgcc.a(_aeabi_uldivmod.o)
                                                  build/bsp_f1xx_timer.o
__bss_end__                                       /Users/zy/Desktop/Tools/gcc-arm-none-eabi-7-2017-q4-major/bin/../lib/gcc/arm-none-eabi/7.2.1/../../../../arm-none-eabi/lib/thumb/v7-m/crt0.o
__bss_start__                                     /Users/zy/Desktop/Tools/gcc-arm-none-eabi-7-2017-q4-major/bin/../lib/gcc/arm-none-eabi/7.2.1/../../../../arm-none-eabi/lib/thumb/v7-m/crt0.o
__call_exitprocs                                  /Users/zy/Desktop/Tools/gcc-arm-none-eabi-7-2017-q4-major/bin/../lib/gcc/arm-none-eabi/7.2.1/../../../../arm-none-eabi/lib/thumb/v7-m/libc_nano.a(lib_a-exit.o)
__cmpdf2                                          /Users/zy/Desktop/Tools/gcc-arm-none-eabi-7-2017-q4-major/bin/../lib/gcc/arm-none-eabi/7.2.1/thumb/v7-m/libgcc.a(_arm_cmpdf2.o)
__cmpsf2                                          /Users/zy/Desktop/Tools/gcc-arm-none-eabi-7-2017-q4-major/bin/../lib/gcc/arm-none-eabi/7.2.1/thumb/v7-m/libgcc.a(_arm_cmpsf2.o)
__deregister_frame_info                           /Users/zy/Desktop/Tools/gcc-arm-none-eabi-7-2017-q4-major/bin/../lib/gcc/arm-none-eabi/7.2.1/thumb/v7-m/crtbegin.o
__divdf3                                          /Users/zy/Desktop/Tools/gcc-arm-none-eabi-7-2017-q4-major/bin/../lib/gcc/arm-none-eabi/7.2.1/thumb/v7-m/libgcc.a(_arm_muldivdf3.o)
__divsf3                                          /Users/zy/Desktop/Tools/gcc-arm-none-eabi-7-2017-q4-major/bin/../lib/gcc/arm-none-eabi/7.2.1/thumb/v7-m/libgcc.a(_arm_muldivsf3.o)
__dso_handle                                      /Users/zy/Desktop/Tools/gcc-arm-none-eabi-7-2017-q4-major/bin/../lib/gcc/arm-none-eabi/7.2.1/thumb/v7-m/crtbegin.o
__eqdf2                                           /Users/zy/Desktop/Tools/gcc-arm-none-eabi-7-2017-q4-major/bin/../lib/gcc/arm-none-eabi/7.2.1/thumb/v7-m/libgcc.a(_arm_cmpdf2.o)
__eqsf2                                           /Users/zy/Desktop/Tools/gcc-arm-none-eabi-7-2017-q4-major/bin/../lib/gcc/arm-none-eabi/7.2.1/thumb/v7-m/libgcc.a(_arm_cmpsf2.o)
__errno                                           /Users/zy/Desktop/Tools/gcc-arm-none-eabi-7-2017-q4-major/bin/../lib/gcc/arm-none-eabi/7.2.1/../../../../arm-none-eabi/lib/thumb/v7-m/libc_nano.a(lib_a-errno.o)
                                                  /Users/zy/Desktop/Tools/gcc-arm-none-eabi-7-2017-q4-major/bin/../lib/gcc/arm-none-eabi/7.2.1/../../../../arm-none-eabi/lib/thumb/v7-m/libm.a(lib_a-w_asin.o)
__extendsfdf2                                     /Users/zy/Desktop/Tools/gcc-arm-none-eabi-7-2017-q4-major/bin/../lib/gcc/arm-none-eabi/7.2.1/thumb/v7-m/libgcc.a(_arm_addsubdf3.o)
__fdlib_version                                   /Users/zy/Desktop/Tools/gcc-arm-none-eabi-7-2017-q4-major/bin/../lib/gcc/arm-none-eabi/7.2.1/../../../../arm-none-eabi/lib/thumb/v7-m/libm.a(lib_a-s_lib_ver.o)
                                                  /Users/zy/Desktop/Tools/gcc-arm-none-eabi-7-2017-q4-major/bin/../lib/gcc/arm-none-eabi/7.2.1/../../../../arm-none-eabi/lib/thumb/v7-m/libm.a(lib_a-w_asin.o)
__fixsfsi                                         /Users/zy/Desktop/Tools/gcc-arm-none-eabi-7-2017-q4-major/bin/../lib/gcc/arm-none-eabi/7.2.1/thumb/v7-m/libgcc.a(_arm_fixsfsi.o)
__fixunssfsi                                      /Users/zy/Desktop/Tools/gcc-arm-none-eabi-7-2017-q4-major/bin/../lib/gcc/arm-none-eabi/7.2.1/thumb/v7-m/libgcc.a(_arm_fixunssfsi.o)
__floatdidf                                       /Users/zy/Desktop/Tools/gcc-arm-none-eabi-7-2017-q4-major/bin/../lib/gcc/arm-none-eabi/7.2.1/thumb/v7-m/libgcc.a(_arm_addsubdf3.o)
__floatdisf                                       /Users/zy/Desktop/Tools/gcc-arm-none-eabi-7-2017-q4-major/bin/../lib/gcc/arm-none-eabi/7.2.1/thumb/v7-m/libgcc.a(_arm_addsubsf3.o)
__floatsidf                                       /Users/zy/Desktop/Tools/gcc-arm-none-eabi-7-2017-q4-major/bin/../lib/gcc/arm-none-eabi/7.2.1/thumb/v7-m/libgcc.a(_arm_addsubdf3.o)
__floatsisf                                       /Users/zy/Desktop/Tools/gcc-arm-none-eabi-7-2017-q4-major/bin/../lib/gcc/arm-none-eabi/7.2.1/thumb/v7-m/libgcc.a(_arm_addsubsf3.o)
__floatundidf                                     /Users/zy/Desktop/Tools/gcc-arm-none-eabi-7-2017-q4-major/bin/../lib/gcc/arm-none-eabi/7.2.1/thumb/v7-m/libgcc.a(_arm_addsubdf3.o)
__floatundisf                                     /Users/zy/Desktop/Tools/gcc-arm-none-eabi-7-2017-q4-major/bin/../lib/gcc/arm-none-eabi/7.2.1/thumb/v7-m/libgcc.a(_arm_addsubsf3.o)
__floatunsidf                                     /Users/zy/Desktop/Tools/gcc-arm-none-eabi-7-2017-q4-major/bin/../lib/gcc/arm-none-eabi/7.2.1/thumb/v7-m/libgcc.a(_arm_addsubdf3.o)
__floatunsisf                                     /Users/zy/Desktop/Tools/gcc-arm-none-eabi-7-2017-q4-major/bin/../lib/gcc/arm-none-eabi/7.2.1/thumb/v7-m/libgcc.a(_arm_addsubsf3.o)
__fp_lock_all                                     /Users/zy/Desktop/Tools/gcc-arm-none-eabi-7-2017-q4-major/bin/../lib/gcc/arm-none-eabi/7.2.1/../../../../arm-none-eabi/lib/thumb/v7-m/libc_nano.a(lib_a-findfp.o)
__fp_unlock_all                                   /Users/zy/Desktop/Tools/gcc-arm-none-eabi-7-2017-q4-major/bin/../lib/gcc/arm-none-eabi/7.2.1/../../../../arm-none-eabi/lib/thumb/v7-m/libc_nano.a(lib_a-findfp.o)
__gedf2                                           /Users/zy/Desktop/Tools/gcc-arm-none-eabi-7-2017-q4-major/bin/../lib/gcc/arm-none-eabi/7.2.1/thumb/v7-m/libgcc.a(_arm_cmpdf2.o)
__gesf2                                           /Users/zy/Desktop/Tools/gcc-arm-none-eabi-7-2017-q4-major/bin/../lib/gcc/arm-none-eabi/7.2.1/thumb/v7-m/libgcc.a(_arm_cmpsf2.o)
__gtdf2                                           /Users/zy/Desktop/Tools/gcc-arm-none-eabi-7-2017-q4-major/bin/../lib/gcc/arm-none-eabi/7.2.1/thumb/v7-m/libgcc.a(_arm_cmpdf2.o)
__gtsf2                                           /Users/zy/Desktop/Tools/gcc-arm-none-eabi-7-2017-q4-major/bin/../lib/gcc/arm-none-eabi/7.2.1/thumb/v7-m/libgcc.a(_arm_cmpsf2.o)
__ieee754_asin                                    /Users/zy/Desktop/Tools/gcc-arm-none-eabi-7-2017-q4-major/bin/../lib/gcc/arm-none-eabi/7.2.1/../../../../arm-none-eabi/lib/thumb/v7-m/libm.a(lib_a-e_asin.o)
                                                  /Users/zy/Desktop/Tools/gcc-arm-none-eabi-7-2017-q4-major/bin/../lib/gcc/arm-none-eabi/7.2.1/../../../../arm-none-eabi/lib/thumb/v7-m/libm.a(lib_a-w_asin.o)
__ieee754_atan2                                   /Users/zy/Desktop/Tools/gcc-arm-none-eabi-7-2017-q4-major/bin/../lib/gcc/arm-none-eabi/7.2.1/../../../../arm-none-eabi/lib/thumb/v7-m/libm.a(lib_a-e_atan2.o)
                                                  /Users/zy/Desktop/Tools/gcc-arm-none-eabi-7-2017-q4-major/bin/../lib/gcc/arm-none-eabi/7.2.1/../../../../arm-none-eabi/lib/thumb/v7-m/libm.a(lib_a-w_atan2.o)
__ieee754_sqrt                                    /Users/zy/Desktop/Tools/gcc-arm-none-eabi-7-2017-q4-major/bin/../lib/gcc/arm-none-eabi/7.2.1/../../../../arm-none-eabi/lib/thumb/v7-m/libm.a(lib_a-e_sqrt.o)
                                                  /Users/zy/Desktop/Tools/gcc-arm-none-eabi-7-2017-q4-major/bin/../lib/gcc/arm-none-eabi/7.2.1/../../../../arm-none-eabi/lib/thumb/v7-m/libm.a(lib_a-e_asin.o)
__init_array_end                                  /Users/zy/Desktop/Tools/gcc-arm-none-eabi-7-2017-q4-major/bin/../lib/gcc/arm-none-eabi/7.2.1/../../../../arm-none-eabi/lib/thumb/v7-m/libc_nano.a(lib_a-init.o)
__init_array_start                                /Users/zy/Desktop/Tools/gcc-arm-none-eabi-7-2017-q4-major/bin/../lib/gcc/arm-none-eabi/7.2.1/../../../../arm-none-eabi/lib/thumb/v7-m/libc_nano.a(lib_a-init.o)
__ledf2                                           /Users/zy/Desktop/Tools/gcc-arm-none-eabi-7-2017-q4-major/bin/../lib/gcc/arm-none-eabi/7.2.1/thumb/v7-m/libgcc.a(_arm_cmpdf2.o)
__lesf2                                           /Users/zy/Desktop/Tools/gcc-arm-none-eabi-7-2017-q4-major/bin/../lib/gcc/arm-none-eabi/7.2.1/thumb/v7-m/libgcc.a(_arm_cmpsf2.o)
__libc_fini_array                                 /Users/zy/Desktop/Tools/gcc-arm-none-eabi-7-2017-q4-major/bin/../lib/gcc/arm-none-eabi/7.2.1/../../../../arm-none-eabi/lib/thumb/v7-m/crt0.o
__libc_init_array                                 /Users/zy/Desktop/Tools/gcc-arm-none-eabi-7-2017-q4-major/bin/../lib/gcc/arm-none-eabi/7.2.1/../../../../arm-none-eabi/lib/thumb/v7-m/libc_nano.a(lib_a-init.o)
                                                  build/startup_stm32f103xe.o
                                                  /Users/zy/Desktop/Tools/gcc-arm-none-eabi-7-2017-q4-major/bin/../lib/gcc/arm-none-eabi/7.2.1/../../../../arm-none-eabi/lib/thumb/v7-m/crt0.o
__ltdf2                                           /Users/zy/Desktop/Tools/gcc-arm-none-eabi-7-2017-q4-major/bin/../lib/gcc/arm-none-eabi/7.2.1/thumb/v7-m/libgcc.a(_arm_cmpdf2.o)
__ltsf2                                           /Users/zy/Desktop/Tools/gcc-arm-none-eabi-7-2017-q4-major/bin/../lib/gcc/arm-none-eabi/7.2.1/thumb/v7-m/libgcc.a(_arm_cmpsf2.o)
__malloc_free_list                                /Users/zy/Desktop/Tools/gcc-arm-none-eabi-7-2017-q4-major/bin/../lib/gcc/arm-none-eabi/7.2.1/../../../../arm-none-eabi/lib/thumb/v7-m/libc_nano.a(lib_a-nano-mallocr.o)
                                                  /Users/zy/Desktop/Tools/gcc-arm-none-eabi-7-2017-q4-major/bin/../lib/gcc/arm-none-eabi/7.2.1/../../../../arm-none-eabi/lib/thumb/v7-m/libc_nano.a(lib_a-nano-freer.o)
__malloc_lock                                     /Users/zy/Desktop/Tools/gcc-arm-none-eabi-7-2017-q4-major/bin/../lib/gcc/arm-none-eabi/7.2.1/../../../../arm-none-eabi/lib/thumb/v7-m/libc_nano.a(lib_a-mlock.o)
                                                  /Users/zy/Desktop/Tools/gcc-arm-none-eabi-7-2017-q4-major/bin/../lib/gcc/arm-none-eabi/7.2.1/../../../../arm-none-eabi/lib/thumb/v7-m/libc_nano.a(lib_a-nano-mallocr.o)
                                                  /Users/zy/Desktop/Tools/gcc-arm-none-eabi-7-2017-q4-major/bin/../lib/gcc/arm-none-eabi/7.2.1/../../../../arm-none-eabi/lib/thumb/v7-m/libc_nano.a(lib_a-nano-freer.o)
__malloc_sbrk_start                               /Users/zy/Desktop/Tools/gcc-arm-none-eabi-7-2017-q4-major/bin/../lib/gcc/arm-none-eabi/7.2.1/../../../../arm-none-eabi/lib/thumb/v7-m/libc_nano.a(lib_a-nano-mallocr.o)
__malloc_unlock                                   /Users/zy/Desktop/Tools/gcc-arm-none-eabi-7-2017-q4-major/bin/../lib/gcc/arm-none-eabi/7.2.1/../../../../arm-none-eabi/lib/thumb/v7-m/libc_nano.a(lib_a-mlock.o)
                                                  /Users/zy/Desktop/Tools/gcc-arm-none-eabi-7-2017-q4-major/bin/../lib/gcc/arm-none-eabi/7.2.1/../../../../arm-none-eabi/lib/thumb/v7-m/libc_nano.a(lib_a-nano-mallocr.o)
                                                  /Users/zy/Desktop/Tools/gcc-arm-none-eabi-7-2017-q4-major/bin/../lib/gcc/arm-none-eabi/7.2.1/../../../../arm-none-eabi/lib/thumb/v7-m/libc_nano.a(lib_a-nano-freer.o)
__muldf3                                          /Users/zy/Desktop/Tools/gcc-arm-none-eabi-7-2017-q4-major/bin/../lib/gcc/arm-none-eabi/7.2.1/thumb/v7-m/libgcc.a(_arm_muldivdf3.o)
__mulsf3                                          /Users/zy/Desktop/Tools/gcc-arm-none-eabi-7-2017-q4-major/bin/../lib/gcc/arm-none-eabi/7.2.1/thumb/v7-m/libgcc.a(_arm_muldivsf3.o)
__nedf2                                           /Users/zy/Desktop/Tools/gcc-arm-none-eabi-7-2017-q4-major/bin/../lib/gcc/arm-none-eabi/7.2.1/thumb/v7-m/libgcc.a(_arm_cmpdf2.o)
__nesf2                                           /Users/zy/Desktop/Tools/gcc-arm-none-eabi-7-2017-q4-major/bin/../lib/gcc/arm-none-eabi/7.2.1/thumb/v7-m/libgcc.a(_arm_cmpsf2.o)
__preinit_array_end                               /Users/zy/Desktop/Tools/gcc-arm-none-eabi-7-2017-q4-major/bin/../lib/gcc/arm-none-eabi/7.2.1/../../../../arm-none-eabi/lib/thumb/v7-m/libc_nano.a(lib_a-init.o)
__preinit_array_start                             /Users/zy/Desktop/Tools/gcc-arm-none-eabi-7-2017-q4-major/bin/../lib/gcc/arm-none-eabi/7.2.1/../../../../arm-none-eabi/lib/thumb/v7-m/libc_nano.a(lib_a-init.o)
__register_frame_info                             /Users/zy/Desktop/Tools/gcc-arm-none-eabi-7-2017-q4-major/bin/../lib/gcc/arm-none-eabi/7.2.1/thumb/v7-m/crtbegin.o
__sclose                                          /Users/zy/Desktop/Tools/gcc-arm-none-eabi-7-2017-q4-major/bin/../lib/gcc/arm-none-eabi/7.2.1/../../../../arm-none-eabi/lib/thumb/v7-m/libc_nano.a(lib_a-stdio.o)
                                                  /Users/zy/Desktop/Tools/gcc-arm-none-eabi-7-2017-q4-major/bin/../lib/gcc/arm-none-eabi/7.2.1/../../../../arm-none-eabi/lib/thumb/v7-m/libc_nano.a(lib_a-findfp.o)
__seofread                                        /Users/zy/Desktop/Tools/gcc-arm-none-eabi-7-2017-q4-major/bin/../lib/gcc/arm-none-eabi/7.2.1/../../../../arm-none-eabi/lib/thumb/v7-m/libc_nano.a(lib_a-stdio.o)
__sf_fake_stderr                                  /Users/zy/Desktop/Tools/gcc-arm-none-eabi-7-2017-q4-major/bin/../lib/gcc/arm-none-eabi/7.2.1/../../../../arm-none-eabi/lib/thumb/v7-m/libc_nano.a(lib_a-findfp.o)
                                                  /Users/zy/Desktop/Tools/gcc-arm-none-eabi-7-2017-q4-major/bin/../lib/gcc/arm-none-eabi/7.2.1/../../../../arm-none-eabi/lib/thumb/v7-m/libc_nano.a(lib_a-nano-vfprintf.o)
                                                  /Users/zy/Desktop/Tools/gcc-arm-none-eabi-7-2017-q4-major/bin/../lib/gcc/arm-none-eabi/7.2.1/../../../../arm-none-eabi/lib/thumb/v7-m/libc_nano.a(lib_a-fflush.o)
                                                  /Users/zy/Desktop/Tools/gcc-arm-none-eabi-7-2017-q4-major/bin/../lib/gcc/arm-none-eabi/7.2.1/../../../../arm-none-eabi/lib/thumb/v7-m/libc_nano.a(lib_a-wsetup.o)
                                                  /Users/zy/Desktop/Tools/gcc-arm-none-eabi-7-2017-q4-major/bin/../lib/gcc/arm-none-eabi/7.2.1/../../../../arm-none-eabi/lib/thumb/v7-m/libc_nano.a(lib_a-wbuf.o)
                                                  /Users/zy/Desktop/Tools/gcc-arm-none-eabi-7-2017-q4-major/bin/../lib/gcc/arm-none-eabi/7.2.1/../../../../arm-none-eabi/lib/thumb/v7-m/libc_nano.a(lib_a-puts.o)
                                                  /Users/zy/Desktop/Tools/gcc-arm-none-eabi-7-2017-q4-major/bin/../lib/gcc/arm-none-eabi/7.2.1/../../../../arm-none-eabi/lib/thumb/v7-m/libc_nano.a(lib_a-impure.o)
__sf_fake_stdin                                   /Users/zy/Desktop/Tools/gcc-arm-none-eabi-7-2017-q4-major/bin/../lib/gcc/arm-none-eabi/7.2.1/../../../../arm-none-eabi/lib/thumb/v7-m/libc_nano.a(lib_a-findfp.o)
                                                  /Users/zy/Desktop/Tools/gcc-arm-none-eabi-7-2017-q4-major/bin/../lib/gcc/arm-none-eabi/7.2.1/../../../../arm-none-eabi/lib/thumb/v7-m/libc_nano.a(lib_a-nano-vfprintf.o)
                                                  /Users/zy/Desktop/Tools/gcc-arm-none-eabi-7-2017-q4-major/bin/../lib/gcc/arm-none-eabi/7.2.1/../../../../arm-none-eabi/lib/thumb/v7-m/libc_nano.a(lib_a-fflush.o)
                                                  /Users/zy/Desktop/Tools/gcc-arm-none-eabi-7-2017-q4-major/bin/../lib/gcc/arm-none-eabi/7.2.1/../../../../arm-none-eabi/lib/thumb/v7-m/libc_nano.a(lib_a-wsetup.o)
                                                  /Users/zy/Desktop/Tools/gcc-arm-none-eabi-7-2017-q4-major/bin/../lib/gcc/arm-none-eabi/7.2.1/../../../../arm-none-eabi/lib/thumb/v7-m/libc_nano.a(lib_a-wbuf.o)
                                                  /Users/zy/Desktop/Tools/gcc-arm-none-eabi-7-2017-q4-major/bin/../lib/gcc/arm-none-eabi/7.2.1/../../../../arm-none-eabi/lib/thumb/v7-m/libc_nano.a(lib_a-puts.o)
                                                  /Users/zy/Desktop/Tools/gcc-arm-none-eabi-7-2017-q4-major/bin/../lib/gcc/arm-none-eabi/7.2.1/../../../../arm-none-eabi/lib/thumb/v7-m/libc_nano.a(lib_a-impure.o)
__sf_fake_stdout                                  /Users/zy/Desktop/Tools/gcc-arm-none-eabi-7-2017-q4-major/bin/../lib/gcc/arm-none-eabi/7.2.1/../../../../arm-none-eabi/lib/thumb/v7-m/libc_nano.a(lib_a-findfp.o)
                                                  /Users/zy/Desktop/Tools/gcc-arm-none-eabi-7-2017-q4-major/bin/../lib/gcc/arm-none-eabi/7.2.1/../../../../arm-none-eabi/lib/thumb/v7-m/libc_nano.a(lib_a-nano-vfprintf.o)
                                                  /Users/zy/Desktop/Tools/gcc-arm-none-eabi-7-2017-q4-major/bin/../lib/gcc/arm-none-eabi/7.2.1/../../../../arm-none-eabi/lib/thumb/v7-m/libc_nano.a(lib_a-fflush.o)
                                                  /Users/zy/Desktop/Tools/gcc-arm-none-eabi-7-2017-q4-major/bin/../lib/gcc/arm-none-eabi/7.2.1/../../../../arm-none-eabi/lib/thumb/v7-m/libc_nano.a(lib_a-wsetup.o)
                                                  /Users/zy/Desktop/Tools/gcc-arm-none-eabi-7-2017-q4-major/bin/../lib/gcc/arm-none-eabi/7.2.1/../../../../arm-none-eabi/lib/thumb/v7-m/libc_nano.a(lib_a-wbuf.o)
                                                  /Users/zy/Desktop/Tools/gcc-arm-none-eabi-7-2017-q4-major/bin/../lib/gcc/arm-none-eabi/7.2.1/../../../../arm-none-eabi/lib/thumb/v7-m/libc_nano.a(lib_a-puts.o)
                                                  /Users/zy/Desktop/Tools/gcc-arm-none-eabi-7-2017-q4-major/bin/../lib/gcc/arm-none-eabi/7.2.1/../../../../arm-none-eabi/lib/thumb/v7-m/libc_nano.a(lib_a-impure.o)
__sflush_r                                        /Users/zy/Desktop/Tools/gcc-arm-none-eabi-7-2017-q4-major/bin/../lib/gcc/arm-none-eabi/7.2.1/../../../../arm-none-eabi/lib/thumb/v7-m/libc_nano.a(lib_a-fflush.o)
__sfmoreglue                                      /Users/zy/Desktop/Tools/gcc-arm-none-eabi-7-2017-q4-major/bin/../lib/gcc/arm-none-eabi/7.2.1/../../../../arm-none-eabi/lib/thumb/v7-m/libc_nano.a(lib_a-findfp.o)
__sfp                                             /Users/zy/Desktop/Tools/gcc-arm-none-eabi-7-2017-q4-major/bin/../lib/gcc/arm-none-eabi/7.2.1/../../../../arm-none-eabi/lib/thumb/v7-m/libc_nano.a(lib_a-findfp.o)
__sfp_lock_acquire                                /Users/zy/Desktop/Tools/gcc-arm-none-eabi-7-2017-q4-major/bin/../lib/gcc/arm-none-eabi/7.2.1/../../../../arm-none-eabi/lib/thumb/v7-m/libc_nano.a(lib_a-findfp.o)
__sfp_lock_release                                /Users/zy/Desktop/Tools/gcc-arm-none-eabi-7-2017-q4-major/bin/../lib/gcc/arm-none-eabi/7.2.1/../../../../arm-none-eabi/lib/thumb/v7-m/libc_nano.a(lib_a-findfp.o)
__sfputs_r                                        /Users/zy/Desktop/Tools/gcc-arm-none-eabi-7-2017-q4-major/bin/../lib/gcc/arm-none-eabi/7.2.1/../../../../arm-none-eabi/lib/thumb/v7-m/libc_nano.a(lib_a-nano-vfprintf.o)
__sfvwrite_r                                      /Users/zy/Desktop/Tools/gcc-arm-none-eabi-7-2017-q4-major/bin/../lib/gcc/arm-none-eabi/7.2.1/../../../../arm-none-eabi/lib/thumb/v7-m/libc_nano.a(lib_a-fvwrite.o)
                                                  /Users/zy/Desktop/Tools/gcc-arm-none-eabi-7-2017-q4-major/bin/../lib/gcc/arm-none-eabi/7.2.1/../../../../arm-none-eabi/lib/thumb/v7-m/libc_nano.a(lib_a-nano-vfprintf.o)
__sinit                                           /Users/zy/Desktop/Tools/gcc-arm-none-eabi-7-2017-q4-major/bin/../lib/gcc/arm-none-eabi/7.2.1/../../../../arm-none-eabi/lib/thumb/v7-m/libc_nano.a(lib_a-findfp.o)
                                                  /Users/zy/Desktop/Tools/gcc-arm-none-eabi-7-2017-q4-major/bin/../lib/gcc/arm-none-eabi/7.2.1/../../../../arm-none-eabi/lib/thumb/v7-m/libc_nano.a(lib_a-nano-vfprintf.o)
                                                  /Users/zy/Desktop/Tools/gcc-arm-none-eabi-7-2017-q4-major/bin/../lib/gcc/arm-none-eabi/7.2.1/../../../../arm-none-eabi/lib/thumb/v7-m/libc_nano.a(lib_a-fflush.o)
                                                  /Users/zy/Desktop/Tools/gcc-arm-none-eabi-7-2017-q4-major/bin/../lib/gcc/arm-none-eabi/7.2.1/../../../../arm-none-eabi/lib/thumb/v7-m/libc_nano.a(lib_a-wsetup.o)
                                                  /Users/zy/Desktop/Tools/gcc-arm-none-eabi-7-2017-q4-major/bin/../lib/gcc/arm-none-eabi/7.2.1/../../../../arm-none-eabi/lib/thumb/v7-m/libc_nano.a(lib_a-wbuf.o)
                                                  /Users/zy/Desktop/Tools/gcc-arm-none-eabi-7-2017-q4-major/bin/../lib/gcc/arm-none-eabi/7.2.1/../../../../arm-none-eabi/lib/thumb/v7-m/libc_nano.a(lib_a-puts.o)
                                                  /Users/zy/Desktop/Tools/gcc-arm-none-eabi-7-2017-q4-major/bin/../lib/gcc/arm-none-eabi/7.2.1/../../../../arm-none-eabi/lib/thumb/v7-m/libc_nano.a(lib_a-printf.o)
__sinit_lock_acquire                              /Users/zy/Desktop/Tools/gcc-arm-none-eabi-7-2017-q4-major/bin/../lib/gcc/arm-none-eabi/7.2.1/../../../../arm-none-eabi/lib/thumb/v7-m/libc_nano.a(lib_a-findfp.o)
__sinit_lock_release                              /Users/zy/Desktop/Tools/gcc-arm-none-eabi-7-2017-q4-major/bin/../lib/gcc/arm-none-eabi/7.2.1/../../../../arm-none-eabi/lib/thumb/v7-m/libc_nano.a(lib_a-findfp.o)
__smakebuf_r                                      /Users/zy/Desktop/Tools/gcc-arm-none-eabi-7-2017-q4-major/bin/../lib/gcc/arm-none-eabi/7.2.1/../../../../arm-none-eabi/lib/thumb/v7-m/libc_nano.a(lib_a-makebuf.o)
                                                  /Users/zy/Desktop/Tools/gcc-arm-none-eabi-7-2017-q4-major/bin/../lib/gcc/arm-none-eabi/7.2.1/../../../../arm-none-eabi/lib/thumb/v7-m/libc_nano.a(lib_a-wsetup.o)
__sprint_r                                        /Users/zy/Desktop/Tools/gcc-arm-none-eabi-7-2017-q4-major/bin/../lib/gcc/arm-none-eabi/7.2.1/../../../../arm-none-eabi/lib/thumb/v7-m/libc_nano.a(lib_a-nano-vfprintf.o)
__sread                                           /Users/zy/Desktop/Tools/gcc-arm-none-eabi-7-2017-q4-major/bin/../lib/gcc/arm-none-eabi/7.2.1/../../../../arm-none-eabi/lib/thumb/v7-m/libc_nano.a(lib_a-stdio.o)
                                                  /Users/zy/Desktop/Tools/gcc-arm-none-eabi-7-2017-q4-major/bin/../lib/gcc/arm-none-eabi/7.2.1/../../../../arm-none-eabi/lib/thumb/v7-m/libc_nano.a(lib_a-findfp.o)
__sseek                                           /Users/zy/Desktop/Tools/gcc-arm-none-eabi-7-2017-q4-major/bin/../lib/gcc/arm-none-eabi/7.2.1/../../../../arm-none-eabi/lib/thumb/v7-m/libc_nano.a(lib_a-stdio.o)
                                                  /Users/zy/Desktop/Tools/gcc-arm-none-eabi-7-2017-q4-major/bin/../lib/gcc/arm-none-eabi/7.2.1/../../../../arm-none-eabi/lib/thumb/v7-m/libc_nano.a(lib_a-findfp.o)
__stack                                           /Users/zy/Desktop/Tools/gcc-arm-none-eabi-7-2017-q4-major/bin/../lib/gcc/arm-none-eabi/7.2.1/../../../../arm-none-eabi/lib/thumb/v7-m/crt0.o
__subdf3                                          /Users/zy/Desktop/Tools/gcc-arm-none-eabi-7-2017-q4-major/bin/../lib/gcc/arm-none-eabi/7.2.1/thumb/v7-m/libgcc.a(_arm_addsubdf3.o)
__subsf3                                          /Users/zy/Desktop/Tools/gcc-arm-none-eabi-7-2017-q4-major/bin/../lib/gcc/arm-none-eabi/7.2.1/thumb/v7-m/libgcc.a(_arm_addsubsf3.o)
__swbuf                                           /Users/zy/Desktop/Tools/gcc-arm-none-eabi-7-2017-q4-major/bin/../lib/gcc/arm-none-eabi/7.2.1/../../../../arm-none-eabi/lib/thumb/v7-m/libc_nano.a(lib_a-wbuf.o)
__swbuf_r                                         /Users/zy/Desktop/Tools/gcc-arm-none-eabi-7-2017-q4-major/bin/../lib/gcc/arm-none-eabi/7.2.1/../../../../arm-none-eabi/lib/thumb/v7-m/libc_nano.a(lib_a-wbuf.o)
                                                  /Users/zy/Desktop/Tools/gcc-arm-none-eabi-7-2017-q4-major/bin/../lib/gcc/arm-none-eabi/7.2.1/../../../../arm-none-eabi/lib/thumb/v7-m/libc_nano.a(lib_a-nano-vfprintf.o)
                                                  /Users/zy/Desktop/Tools/gcc-arm-none-eabi-7-2017-q4-major/bin/../lib/gcc/arm-none-eabi/7.2.1/../../../../arm-none-eabi/lib/thumb/v7-m/libc_nano.a(lib_a-puts.o)
__swhatbuf_r                                      /Users/zy/Desktop/Tools/gcc-arm-none-eabi-7-2017-q4-major/bin/../lib/gcc/arm-none-eabi/7.2.1/../../../../arm-none-eabi/lib/thumb/v7-m/libc_nano.a(lib_a-makebuf.o)
__swrite                                          /Users/zy/Desktop/Tools/gcc-arm-none-eabi-7-2017-q4-major/bin/../lib/gcc/arm-none-eabi/7.2.1/../../../../arm-none-eabi/lib/thumb/v7-m/libc_nano.a(lib_a-stdio.o)
                                                  /Users/zy/Desktop/Tools/gcc-arm-none-eabi-7-2017-q4-major/bin/../lib/gcc/arm-none-eabi/7.2.1/../../../../arm-none-eabi/lib/thumb/v7-m/libc_nano.a(lib_a-findfp.o)
__swsetup_r                                       /Users/zy/Desktop/Tools/gcc-arm-none-eabi-7-2017-q4-major/bin/../lib/gcc/arm-none-eabi/7.2.1/../../../../arm-none-eabi/lib/thumb/v7-m/libc_nano.a(lib_a-wsetup.o)
                                                  /Users/zy/Desktop/Tools/gcc-arm-none-eabi-7-2017-q4-major/bin/../lib/gcc/arm-none-eabi/7.2.1/../../../../arm-none-eabi/lib/thumb/v7-m/libc_nano.a(lib_a-fvwrite.o)
                                                  /Users/zy/Desktop/Tools/gcc-arm-none-eabi-7-2017-q4-major/bin/../lib/gcc/arm-none-eabi/7.2.1/../../../../arm-none-eabi/lib/thumb/v7-m/libc_nano.a(lib_a-nano-vfprintf.o)
                                                  /Users/zy/Desktop/Tools/gcc-arm-none-eabi-7-2017-q4-major/bin/../lib/gcc/arm-none-eabi/7.2.1/../../../../arm-none-eabi/lib/thumb/v7-m/libc_nano.a(lib_a-wbuf.o)
                                                  /Users/zy/Desktop/Tools/gcc-arm-none-eabi-7-2017-q4-major/bin/../lib/gcc/arm-none-eabi/7.2.1/../../../../arm-none-eabi/lib/thumb/v7-m/libc_nano.a(lib_a-puts.o)
__truncdfsf2                                      /Users/zy/Desktop/Tools/gcc-arm-none-eabi-7-2017-q4-major/bin/../lib/gcc/arm-none-eabi/7.2.1/thumb/v7-m/libgcc.a(_arm_truncdfsf2.o)
__udivmoddi4                                      /Users/zy/Desktop/Tools/gcc-arm-none-eabi-7-2017-q4-major/bin/../lib/gcc/arm-none-eabi/7.2.1/thumb/v7-m/libgcc.a(_udivmoddi4.o)
                                                  /Users/zy/Desktop/Tools/gcc-arm-none-eabi-7-2017-q4-major/bin/../lib/gcc/arm-none-eabi/7.2.1/thumb/v7-m/libgcc.a(_aeabi_uldivmod.o)
                                                  /Users/zy/Desktop/Tools/gcc-arm-none-eabi-7-2017-q4-major/bin/../lib/gcc/arm-none-eabi/7.2.1/thumb/v7-m/libgcc.a(_aeabi_ldivmod.o)
__unorddf2                                        /Users/zy/Desktop/Tools/gcc-arm-none-eabi-7-2017-q4-major/bin/../lib/gcc/arm-none-eabi/7.2.1/thumb/v7-m/libgcc.a(_arm_unorddf2.o)
_cleanup                                          /Users/zy/Desktop/Tools/gcc-arm-none-eabi-7-2017-q4-major/bin/../lib/gcc/arm-none-eabi/7.2.1/../../../../arm-none-eabi/lib/thumb/v7-m/libc_nano.a(lib_a-findfp.o)
_cleanup_r                                        /Users/zy/Desktop/Tools/gcc-arm-none-eabi-7-2017-q4-major/bin/../lib/gcc/arm-none-eabi/7.2.1/../../../../arm-none-eabi/lib/thumb/v7-m/libc_nano.a(lib_a-findfp.o)
                                                  /Users/zy/Desktop/Tools/gcc-arm-none-eabi-7-2017-q4-major/bin/../lib/gcc/arm-none-eabi/7.2.1/../../../../arm-none-eabi/lib/thumb/v7-m/libc_nano.a(lib_a-makebuf.o)
_close                                            /Users/zy/Desktop/Tools/gcc-arm-none-eabi-7-2017-q4-major/bin/../lib/gcc/arm-none-eabi/7.2.1/../../../../arm-none-eabi/lib/thumb/v7-m/libnosys.a(close.o)
                                                  /Users/zy/Desktop/Tools/gcc-arm-none-eabi-7-2017-q4-major/bin/../lib/gcc/arm-none-eabi/7.2.1/../../../../arm-none-eabi/lib/thumb/v7-m/libc_nano.a(lib_a-closer.o)
_close_r                                          /Users/zy/Desktop/Tools/gcc-arm-none-eabi-7-2017-q4-major/bin/../lib/gcc/arm-none-eabi/7.2.1/../../../../arm-none-eabi/lib/thumb/v7-m/libc_nano.a(lib_a-closer.o)
                                                  /Users/zy/Desktop/Tools/gcc-arm-none-eabi-7-2017-q4-major/bin/../lib/gcc/arm-none-eabi/7.2.1/../../../../arm-none-eabi/lib/thumb/v7-m/libc_nano.a(lib_a-stdio.o)
_ebss                                             build/startup_stm32f103xe.o
_edata                                            build/startup_stm32f103xe.o
_estack                                           build/startup_stm32f103xe.o
_exit                                             /Users/zy/Desktop/Tools/gcc-arm-none-eabi-7-2017-q4-major/bin/../lib/gcc/arm-none-eabi/7.2.1/../../../../arm-none-eabi/lib/thumb/v7-m/libnosys.a(_exit.o)
                                                  /Users/zy/Desktop/Tools/gcc-arm-none-eabi-7-2017-q4-major/bin/../lib/gcc/arm-none-eabi/7.2.1/../../../../arm-none-eabi/lib/thumb/v7-m/libc_nano.a(lib_a-exit.o)
_fflush_r                                         /Users/zy/Desktop/Tools/gcc-arm-none-eabi-7-2017-q4-major/bin/../lib/gcc/arm-none-eabi/7.2.1/../../../../arm-none-eabi/lib/thumb/v7-m/libc_nano.a(lib_a-fflush.o)
                                                  /Users/zy/Desktop/Tools/gcc-arm-none-eabi-7-2017-q4-major/bin/../lib/gcc/arm-none-eabi/7.2.1/../../../../arm-none-eabi/lib/thumb/v7-m/libc_nano.a(lib_a-fvwrite.o)
                                                  /Users/zy/Desktop/Tools/gcc-arm-none-eabi-7-2017-q4-major/bin/../lib/gcc/arm-none-eabi/7.2.1/../../../../arm-none-eabi/lib/thumb/v7-m/libc_nano.a(lib_a-findfp.o)
                                                  /Users/zy/Desktop/Tools/gcc-arm-none-eabi-7-2017-q4-major/bin/../lib/gcc/arm-none-eabi/7.2.1/../../../../arm-none-eabi/lib/thumb/v7-m/libc_nano.a(lib_a-wbuf.o)
_fini                                             /Users/zy/Desktop/Tools/gcc-arm-none-eabi-7-2017-q4-major/bin/../lib/gcc/arm-none-eabi/7.2.1/thumb/v7-m/crti.o
_free_r                                           /Users/zy/Desktop/Tools/gcc-arm-none-eabi-7-2017-q4-major/bin/../lib/gcc/arm-none-eabi/7.2.1/../../../../arm-none-eabi/lib/thumb/v7-m/libc_nano.a(lib_a-nano-freer.o)
                                                  /Users/zy/Desktop/Tools/gcc-arm-none-eabi-7-2017-q4-major/bin/../lib/gcc/arm-none-eabi/7.2.1/../../../../arm-none-eabi/lib/thumb/v7-m/libc_nano.a(lib_a-reent.o)
                                                  /Users/zy/Desktop/Tools/gcc-arm-none-eabi-7-2017-q4-major/bin/../lib/gcc/arm-none-eabi/7.2.1/../../../../arm-none-eabi/lib/thumb/v7-m/libc_nano.a(lib_a-nano-reallocr.o)
                                                  /Users/zy/Desktop/Tools/gcc-arm-none-eabi-7-2017-q4-major/bin/../lib/gcc/arm-none-eabi/7.2.1/../../../../arm-none-eabi/lib/thumb/v7-m/libc_nano.a(lib_a-fvwrite.o)
                                                  /Users/zy/Desktop/Tools/gcc-arm-none-eabi-7-2017-q4-major/bin/../lib/gcc/arm-none-eabi/7.2.1/../../../../arm-none-eabi/lib/thumb/v7-m/libc_nano.a(lib_a-fflush.o)
                                                  /Users/zy/Desktop/Tools/gcc-arm-none-eabi-7-2017-q4-major/bin/../lib/gcc/arm-none-eabi/7.2.1/../../../../arm-none-eabi/lib/thumb/v7-m/libc_nano.a(lib_a-wsetup.o)
_fstat                                            /Users/zy/Desktop/Tools/gcc-arm-none-eabi-7-2017-q4-major/bin/../lib/gcc/arm-none-eabi/7.2.1/../../../../arm-none-eabi/lib/thumb/v7-m/libnosys.a(fstat.o)
                                                  /Users/zy/Desktop/Tools/gcc-arm-none-eabi-7-2017-q4-major/bin/../lib/gcc/arm-none-eabi/7.2.1/../../../../arm-none-eabi/lib/thumb/v7-m/libc_nano.a(lib_a-fstatr.o)
_fstat_r                                          /Users/zy/Desktop/Tools/gcc-arm-none-eabi-7-2017-q4-major/bin/../lib/gcc/arm-none-eabi/7.2.1/../../../../arm-none-eabi/lib/thumb/v7-m/libc_nano.a(lib_a-fstatr.o)
                                                  /Users/zy/Desktop/Tools/gcc-arm-none-eabi-7-2017-q4-major/bin/../lib/gcc/arm-none-eabi/7.2.1/../../../../arm-none-eabi/lib/thumb/v7-m/libc_nano.a(lib_a-makebuf.o)
_fwalk                                            /Users/zy/Desktop/Tools/gcc-arm-none-eabi-7-2017-q4-major/bin/../lib/gcc/arm-none-eabi/7.2.1/../../../../arm-none-eabi/lib/thumb/v7-m/libc_nano.a(lib_a-fwalk.o)
                                                  /Users/zy/Desktop/Tools/gcc-arm-none-eabi-7-2017-q4-major/bin/../lib/gcc/arm-none-eabi/7.2.1/../../../../arm-none-eabi/lib/thumb/v7-m/libc_nano.a(lib_a-findfp.o)
_fwalk_reent                                      /Users/zy/Desktop/Tools/gcc-arm-none-eabi-7-2017-q4-major/bin/../lib/gcc/arm-none-eabi/7.2.1/../../../../arm-none-eabi/lib/thumb/v7-m/libc_nano.a(lib_a-fwalk.o)
                                                  /Users/zy/Desktop/Tools/gcc-arm-none-eabi-7-2017-q4-major/bin/../lib/gcc/arm-none-eabi/7.2.1/../../../../arm-none-eabi/lib/thumb/v7-m/libc_nano.a(lib_a-findfp.o)