Archive member included to satisfy reference by file (symbol)

/Users/zy/Desktop/Tools/gcc-arm-none-eabi-7-2017-q4-major/bin/../lib/gcc/arm-none-eabi/7.2.1/../../../../arm-none-eabi/lib/thumb/v7-m/libc_nano.a(lib_a-exit.o)
                              /Users/zy/Desktop/Tools/gcc-arm-none-eabi-7-2017-q4-major/bin/../lib/gcc/arm-none-eabi/7.2.1/../../../../arm-none-eabi/lib/thumb/v7-m/crt0.o (exit)
/Users/zy/Desktop/Tools/gcc-arm-none-eabi-7-2017-q4-major/bin/../lib/gcc/arm-none-eabi/7.2.1/../../../../arm-none-eabi/lib/thumb/v7-m/libc_nano.a(lib_a-impure.o)
                              /Users/zy/Desktop/Tools/gcc-arm-none-eabi-7-2017-q4-major/bin/../lib/gcc/arm-none-eabi/7.2.1/../../../../arm-none-eabi/lib/thumb/v7-m/libc_nano.a(lib_a-exit.o) (_global_impure_ptr)
/Users/zy/Desktop/Tools/gcc-arm-none-eabi-7-2017-q4-major/bin/../lib/gcc/arm-none-eabi/7.2.1/../../../../arm-none-eabi/lib/thumb/v7-m/libc_nano.a(lib_a-init.o)
                              /Users/zy/Desktop/Tools/gcc-arm-none-eabi-7-2017-q4-major/bin/../lib/gcc/arm-none-eabi/7.2.1/../../../../arm-none-eabi/lib/thumb/v7-m/crt0.o (__libc_init_array)
/Users/zy/Desktop/Tools/gcc-arm-none-eabi-7-2017-q4-major/bin/../lib/gcc/arm-none-eabi/7.2.1/../../../../arm-none-eabi/lib/thumb/v7-m/libc_nano.a(lib_a-memcpy-stub.o)
                              build/bsp_f1xx_sdio.o (memcpy)
/Users/zy/Desktop/Tools/gcc-arm-none-eabi-7-2017-q4-major/bin/../lib/gcc/arm-none-eabi/7.2.1/../../../../arm-none-eabi/lib/thumb/v7-m/libc_nano.a(lib_a-memset.o)
                              /Users/zy/Desktop/Tools/gcc-arm-none-eabi-7-2017-q4-major/bin/../lib/gcc/arm-none-eabi/7.2.1/../../../../arm-none-eabi/lib/thumb/v7-m/crt0.o (memset)
/Users/zy/Desktop/Tools/gcc-arm-none-eabi-7-2017-q4-major/bin/../lib/gcc/arm-none-eabi/7.2.1/../../../../arm-none-eabi/lib/thumb/v7-m/libc_nano.a(lib_a-sprintf.o)
                              build/main.o (sprintf)
/Users/zy/Desktop/Tools/gcc-arm-none-eabi-7-2017-q4-major/bin/../lib/gcc/arm-none-eabi/7.2.1/../../../../arm-none-eabi/lib/thumb/v7-m/libc_nano.a(lib_a-strlen.o)
                              build/main.o (strlen)
/Users/zy/Desktop/Tools/gcc-arm-none-eabi-7-2017-q4-major/bin/../lib/gcc/arm-none-eabi/7.2.1/../../../../arm-none-eabi/lib/thumb/v7-m/libc_nano.a(lib_a-nano-svfprintf.o)
                              /Users/zy/Desktop/Tools/gcc-arm-none-eabi-7-2017-q4-major/bin/../lib/gcc/arm-none-eabi/7.2.1/../../../../arm-none-eabi/lib/thumb/v7-m/libc_nano.a(lib_a-sprintf.o) (_svfprintf_r)
/Users/zy/Desktop/Tools/gcc-arm-none-eabi-7-2017-q4-major/bin/../lib/gcc/arm-none-eabi/7.2.1/../../../../arm-none-eabi/lib/thumb/v7-m/libc_nano.a(lib_a-nano-vfprintf_i.o)
                              /Users/zy/Desktop/Tools/gcc-arm-none-eabi-7-2017-q4-major/bin/../lib/gcc/arm-none-eabi/7.2.1/../../../../arm-none-eabi/lib/thumb/v7-m/libc_nano.a(lib_a-nano-svfprintf.o) (_printf_i)
/Users/zy/Desktop/Tools/gcc-arm-none-eabi-7-2017-q4-major/bin/../lib/gcc/arm-none-eabi/7.2.1/../../../../arm-none-eabi/lib/thumb/v7-m/libc_nano.a(lib_a-memchr-stub.o)
                              /Users/zy/Desktop/Tools/gcc-arm-none-eabi-7-2017-q4-major/bin/../lib/gcc/arm-none-eabi/7.2.1/../../../../arm-none-eabi/lib/thumb/v7-m/libc_nano.a(lib_a-nano-svfprintf.o) (memchr)
/Users/zy/Desktop/Tools/gcc-arm-none-eabi-7-2017-q4-major/bin/../lib/gcc/arm-none-eabi/7.2.1/../../../../arm-none-eabi/lib/thumb/v7-m/libc_nano.a(lib_a-memmove.o)
                              /Users/zy/Desktop/Tools/gcc-arm-none-eabi-7-2017-q4-major/bin/../lib/gcc/arm-none-eabi/7.2.1/../../../../arm-none-eabi/lib/thumb/v7-m/libc_nano.a(lib_a-nano-svfprintf.o) (memmove)
/Users/zy/Desktop/Tools/gcc-arm-none-eabi-7-2017-q4-major/bin/../lib/gcc/arm-none-eabi/7.2.1/../../../../arm-none-eabi/lib/thumb/v7-m/libc_nano.a(lib_a-nano-freer.o)
                              /Users/zy/Desktop/Tools/gcc-arm-none-eabi-7-2017-q4-major/bin/../lib/gcc/arm-none-eabi/7.2.1/../../../../arm-none-eabi/lib/thumb/v7-m/libc_nano.a(lib_a-nano-svfprintf.o) (_free_r)
/Users/zy/Desktop/Tools/gcc-arm-none-eabi-7-2017-q4-major/bin/../lib/gcc/arm-none-eabi/7.2.1/../../../../arm-none-eabi/lib/thumb/v7-m/libc_nano.a(lib_a-nano-mallocr.o)
                              /Users/zy/Desktop/Tools/gcc-arm-none-eabi-7-2017-q4-major/bin/../lib/gcc/arm-none-eabi/7.2.1/../../../../arm-none-eabi/lib/thumb/v7-m/libc_nano.a(lib_a-nano-svfprintf.o) (_malloc_r)
/Users/zy/Desktop/Tools/gcc-arm-none-eabi-7-2017-q4-major/bin/../lib/gcc/arm-none-eabi/7.2.1/../../../../arm-none-eabi/lib/thumb/v7-m/libc_nano.a(lib_a-nano-reallocr.o)
                              /Users/zy/Desktop/Tools/gcc-arm-none-eabi-7-2017-q4-major/bin/../lib/gcc/arm-none-eabi/7.2.1/../../../../arm-none-eabi/lib/thumb/v7-m/libc_nano.a(lib_a-nano-svfprintf.o) (_realloc_r)
/Users/zy/Desktop/Tools/gcc-arm-none-eabi-7-2017-q4-major/bin/../lib/gcc/arm-none-eabi/7.2.1/../../../../arm-none-eabi/lib/thumb/v7-m/libc_nano.a(lib_a-sbrkr.o)
[...]
Memory Configuration

Name             Origin             Length             Attributes
RAM              0x0000000020000000 0x0000000000018000 xrw
FLASH            0x0000000008000000 0x0000000000080000 xr
*default*        0x0000000000000000 0xffffffffffffffff

Linker script and memory map

LOAD /Users/zy/Desktop/Tools/gcc-arm-none-eabi-7-2017-q4-major/bin/../lib/gcc/arm-none-eabi/7.2.1/thumb/v7-m/crti.o
LOAD /Users/zy/Desktop/Tools/gcc-arm-none-eabi-7-2017-q4-major/bin/../lib/gcc/arm-none-eabi/7.2.1/thumb/v7-m/crtbegin.o
LOAD /Users/zy/Desktop/Tools/gcc-arm-none-eabi-7-2017-q4-major/bin/../lib/gcc/arm-none-eabi/7.2.1/../../../../arm-none-eabi/lib/thumb/v7-m/crt0.o
LOAD build/main.o
LOAD build/runled.o
LOAD build/sys.o
LOAD build/bsp_f1xx_io.o
LOAD build/bsp_f1xx_timer.o
LOAD build/bsp_f1xx_led.o
LOAD build/bsp_f1xx_dma.o
LOAD build/bsp_f1xx_uart.o
LOAD build/bsp_f1xx_sdio.o
LOAD build/bsp_f1xx_rtc.o
LOAD build/datautil.o
LOAD build/bsp_f1xx_flash.o
LOAD build/malloc.o
LOAD build/tskmanager.o
LOAD build/bufferutil.o
LOAD build/crcutil.o
LOAD build/startup_stm32f103xe.o
LOAD /Users/zy/Desktop/Tools/gcc-arm-none-eabi-7-2017-q4-major/bin/../lib/gcc/arm-none-eabi/7.2.1/../../../../arm-none-eabi/lib/thumb/v7-m/libc_nano.a
LOAD /Users/zy/Desktop/Tools/gcc-arm-none-eabi-7-2017-q4-major/bin/../lib/gcc/arm-none-eabi/7.2.1/../../../../arm-none-eabi/lib/thumb/v7-m/libm.a
LOAD /Users/zy/Desktop/Tools/gcc-arm-none-eabi-7-2017-q4-major/bin/../lib/gcc/arm-none-eabi/7.2.1/../../../../arm-none-eabi/lib/thumb/v7-m/libnosys.a
START GROUP
LOAD /Users/zy/Desktop/Tools/gcc-arm-none-eabi-7-2017-q4-major/bin/../lib/gcc/arm-none-eabi/7.2.1/thumb/v7-m/libgcc.a
LOAD /Users/zy/Desktop/Tools/gcc-arm-none-eabi-7-2017-q4-major/bin/../lib/gcc/arm-none-eabi/7.2.1/../../../../arm-none-eabi/lib/thumb/v7-m/libc_nano.a
END GROUP
START GROUP
LOAD /Users/zy/Desktop/Tools/gcc-arm-none-eabi-7-2017-q4-major/bin/../lib/gcc/arm-none-eabi/7.2.1/thumb/v7-m/libgcc.a
LOAD /Users/zy/Desktop/Tools/gcc-arm-none-eabi-7-2017-q4-major/bin/../lib/gcc/arm-none-eabi/7.2.1/../../../../arm-none-eabi/lib/thumb/v7-m/libc_nano.a
END GROUP
LOAD /Users/zy/Desktop/Tools/gcc-arm-none-eabi-7-2017-q4-major/bin/../lib/gcc/arm-none-eabi/7.2.1/thumb/v7-m/crtend.o
LOAD /Users/zy/Desktop/Tools/gcc-arm-none-eabi-7-2017-q4-major/bin/../lib/gcc/arm-none-eabi/7.2.1/thumb/v7-m/crtn.o
                0x0000000020018000                _estack = 0x20018000
                0x0000000000000200                _Min_Heap_Size = 0x200
                0x0000000000000400                _Min_Stack_Size = 0x400

.isr_vector     0x0000000008000000      0x1e4
                0x0000000008000000                . = ALIGN (0x4)
 *(.isr_vector)
 .isr_vector    0x0000000008000000      0x1e4 build/startup_stm32f103xe.o
                0x0000000008000000                g_pfnVectors
                0x00000000080001e4                . = ALIGN (0x4)

.text           0x00000000080001e4     0x21a8
                0x00000000080001e4                . = ALIGN (0x4)
 *(.text)
 .text          0x00000000080001e4       0x40 /Users/zy/Desktop/Tools/gcc-arm-none-eabi-7-2017-q4-major/bin/../lib/gcc/arm-none-eabi/7.2.1/thumb/v7-m/crtbegin.o
 .text          0x0000000008000224       0x10 /Users/zy/Desktop/Tools/gcc-arm-none-eabi-7-2017-q4-major/bin/../lib/gcc/arm-none-eabi/7.2.1/../../../../arm-none-eabi/lib/thumb/v7-m/libc_nano.a(lib_a-strlen.o)
                0x0000000008000224                strlen
 .text          0x0000000008000234      0x21c /Users/zy/Desktop/Tools/gcc-arm-none-eabi-7-2017-q4-major/bin/../lib/gcc/arm-none-eabi/7.2.1/thumb/v7-m/libgcc.a(_arm_addsubsf3.o)
                0x0000000008000234                __aeabi_frsub
                0x000000000800023c                __aeabi_fsub
                0x000000000800023c                __subsf3
                0x0000000008000240                __aeabi_fadd
                0x0000000008000240                __addsf3
                0x00000000080003a0                __aeabi_ui2f
                0x00000000080003a0                __floatunsisf
                0x00000000080003a8                __floatsisf
                0x00000000080003a8                __aeabi_i2f
                0x00000000080003c4                __aeabi_ul2f
                0x00000000080003c4                __floatundisf
                0x00000000080003d4                __aeabi_l2f
                0x00000000080003d4                __floatdisf
 .text          0x0000000008000450      0x2a0 /Users/zy/Desktop/Tools/gcc-arm-none-eabi-7-2017-q4-major/bin/../lib/gcc/arm-none-eabi/7.2.1/thumb/v7-m/libgcc.a(_arm_muldivsf3.o)
                0x0000000008000450                __mulsf3
                0x0000000008000450                __aeabi_fmul
                0x00000000080005b8                __divsf3
                0x00000000080005b8                __aeabi_fdiv
 .text          0x00000000080006f0       0x40 /Users/zy/Desktop/Tools/gcc-arm-none-eabi-7-2017-q4-major/bin/../lib/gcc/arm-none-eabi/7.2.1/thumb/v7-m/libgcc.a(_arm_fixunssfsi.o)
                0x00000000080006f0                __aeabi_f2uiz
                0x00000000080006f0                __fixunssfsi
 .text          0x0000000008000730       0x30 /Users/zy/Desktop/Tools/gcc-arm-none-eabi-7-2017-q4-major/bin/../lib/gcc/arm-none-eabi/7.2.1/thumb/v7-m/libgcc.a(_aeabi_uldivmod.o)
                0x0000000008000730                __aeabi_uldivmod
 .text          0x0000000008000760      0x2d0 /Users/zy/Desktop/Tools/gcc-arm-none-eabi-7-2017-q4-major/bin/../lib/gcc/arm-none-eabi/7.2.1/thumb/v7-m/libgcc.a(_udivmoddi4.o)
                0x0000000008000760                __udivmoddi4
 .text          0x0000000008000a30        0x4 /Users/zy/Desktop/Tools/gcc-arm-none-eabi-7-2017-q4-major/bin/../lib/gcc/arm-none-eabi/7.2.1/thumb/v7-m/libgcc.a(_dvmd_tls.o)
                0x0000000008000a30                __aeabi_ldiv0
                0x0000000008000a30                __aeabi_idiv0
 *(.text*)
 .text.OnMsgRecv
                0x0000000008000a34        0x2 build/main.o
                0x0000000008000a34                OnMsgRecv
 *fill*         0x0000000008000a36        0x2 
 .text.UploadTsk
                0x0000000008000a38       0x38 build/main.o
                0x0000000008000a38                UploadTsk
 .text.main     0x0000000008000a70       0x50 build/main.o
                0x0000000008000a70                main
 .text.runledfunc
                0x0000000008000ac0       0x18 build/runled.o
                0x0000000008000ac0                runledfunc
 .text.runledinit
                0x0000000008000ad8       0x10 build/runled.o
                0x0000000008000ad8                runledinit
 .text.MY_NVIC_SetVectorTable
                0x0000000008000ae8       0x14 build/sys.o
                0x0000000008000ae8                MY_NVIC_SetVectorTable
 .text.MY_NVIC_PriorityGroupConfig
                0x0000000008000afc       0x28 build/sys.o
                0x0000000008000afc                MY_NVIC_PriorityGroupConfig
 .text.MY_NVIC_Init
                0x0000000008000b24       0x4c build/sys.o
                0x0000000008000b24                MY_NVIC_Init
 .text.MYRCC_DeInit
                0x0000000008000b70       0x54 build/sys.o
                0x0000000008000b70                MYRCC_DeInit
 .text.Stm32_Clock_Init
                0x0000000008000bc4       0x74 build/sys.o
                0x0000000008000bc4                Stm32_Clock_Init
 .text.delay_init
                0x0000000008000c38       0x24 build/sys.o
                0x0000000008000c38                delay_init
 .text.delay_ms
                0x0000000008000c5c       0x34 build/sys.o
                0x0000000008000c5c                delay_ms
 .text.bsp_IoInit
                0x0000000008000c90       0x80 build/bsp_f1xx_io.o
                0x0000000008000c90                bsp_IoInit
 .text.bsp_TimerInit
                0x0000000008000d10      0x13c build/bsp_f1xx_timer.o
                0x0000000008000d10                bsp_TimerInit
 .text.TIM2_IRQHandler
                0x0000000008000e4c       0x28 build/bsp_f1xx_timer.o
                0x0000000008000e4c                TIM2_IRQHandler
 .text.TIM3_IRQHandler
                0x0000000008000e74       0x28 build/bsp_f1xx_timer.o
                0x0000000008000e74                TIM3_IRQHandler
 .text.TIM4_IRQHandler
                0x0000000008000e9c       0x28 build/bsp_f1xx_timer.o
                0x0000000008000e9c                TIM4_IRQHandler
 .text.TIM5_IRQHandler
                0x0000000008000ec4       0x28 build/bsp_f1xx_timer.o
                0x0000000008000ec4                TIM5_IRQHandler
 .text.TIM6_IRQHandler
                0x0000000008000eec       0x2c build/bsp_f1xx_timer.o
                0x0000000008000eec                TIM6_IRQHandler
 .text.TIM7_IRQHandler
                0x0000000008000f18       0x28 build/bsp_f1xx_timer.o
                0x0000000008000f18                TIM7_IRQHandler
 .text.ledinit  0x0000000008000f40        0x8 build/bsp_f1xx_led.o
                0x0000000008000f40                ledinit
 .text.ledfilp  0x0000000008000f48       0x10 build/bsp_f1xx_led.o
                0x0000000008000f48                ledfilp
 .text.getdmax  0x0000000008000f58       0x1c build/bsp_f1xx_dma.o
                0x0000000008000f58                getdmax
 .text.dmainit  0x0000000008000f74       0x74 build/bsp_f1xx_dma.o
                0x0000000008000f74                dmainit
 .text.dma_stream_en
                0x0000000008000fe8       0x16 build/bsp_f1xx_dma.o
                0x0000000008000fe8                dma_stream_en
 *fill*         0x0000000008000ffe        0x2 
 .text.dma_clear_flag
                0x0000000008001000       0x50 build/bsp_f1xx_dma.o
                0x0000000008001000                dma_clear_flag
 .text.bsp_UartInit
                0x0000000008001050      0x180 build/bsp_f1xx_uart.o
                0x0000000008001050                bsp_UartInit
 .text.USART1_IRQHandler
                0x00000000080011d0       0x70 build/bsp_f1xx_uart.o
                0x00000000080011d0                USART1_IRQHandler
 .text.USART2_IRQHandler
                0x0000000008001240       0x78 build/bsp_f1xx_uart.o
                0x0000000008001240                USART2_IRQHandler
 .text.ComxSendData
                0x00000000080012b8       0x5c build/bsp_f1xx_uart.o
                0x00000000080012b8                ComxSendData
 .text.Com1SendData
                0x0000000008001314        0xe build/bsp_f1xx_uart.o
                0x0000000008001314                Com1SendData
 .text.Com2SendData
                0x0000000008001322        0xe build/bsp_f1xx_uart.o
                0x0000000008001322                Com2SendData
 .text.DMA1_Channel6_IRQHandler
                0x0000000008001330       0x74 build/bsp_f1xx_uart.o
                0x0000000008001330                DMA1_Channel6_IRQHandler
 .text.DMA1_Channel3_IRQHandler
                0x00000000080013a4       0x88 build/bsp_f1xx_uart.o
                0x00000000080013a4                DMA1_Channel3_IRQHandler
 .text.SDIO_Send_Cmd
                0x000000000800142c       0x28 build/bsp_f1xx_sdio.o
                0x000000000800142c                SDIO_Send_Cmd
 .text.CmdResp1Error
                0x0000000008001454       0x48 build/bsp_f1xx_sdio.o
                0x0000000008001454                CmdResp1Error
 .text.SD_ProcessIRQSrc
                0x000000000800149c      0x130 build/bsp_f1xx_sdio.o
                0x000000000800149c                SD_ProcessIRQSrc
 .text.SDIO_IRQHandler
                0x00000000080015cc        0x8 build/bsp_f1xx_sdio.o
                0x00000000080015cc                SDIO_IRQHandler
 .text.Is_Leap_Year
                0x00000000080015d4       0x40 build/bsp_f1xx_rtc.o
                0x00000000080015d4                Is_Leap_Year
 .text.RTC_Get_Week
                0x0000000008001614       0x78 build/bsp_f1xx_rtc.o
                0x0000000008001614                RTC_Get_Week
 .text.RTC_Get  0x000000000800168c       0xdc build/bsp_f1xx_rtc.o
                0x000000000800168c                RTC_Get
 .text.RTC_IRQHandler
                0x0000000008001768       0x3c build/bsp_f1xx_rtc.o
                0x0000000008001768                RTC_IRQHandler
 .text.CreateDataUtil
                0x00000000080017a4       0x10 build/datautil.o
                0x00000000080017a4                CreateDataUtil
 .text.my_mem_perused
                0x00000000080017b4        0xc build/malloc.o
                0x00000000080017b4                my_mem_perused
 .text.mymemset
                0x00000000080017c0       0x10 build/malloc.o
                0x00000000080017c0                mymemset
 .text.my_mem_init
                0x00000000080017d0       0x1c build/malloc.o
                0x00000000080017d0                my_mem_init
 .text.my_mem_malloc
                0x00000000080017ec       0x78 build/malloc.o
                0x00000000080017ec                my_mem_malloc
 .text.my_mem_free
                0x0000000008001864       0x54 build/malloc.o
                0x0000000008001864                my_mem_free
 .text.myfree   0x00000000080018b8       0x18 build/malloc.o
                0x00000000080018b8                myfree
 .text.mymalloc
                0x00000000080018d0       0x1c build/malloc.o
                0x00000000080018d0                mymalloc
 .text.TaskTickDiff
                0x00000000080018ec       0x48 build/tskmanager.o
                0x00000000080018ec                TaskTickDiff
 .text.StartTask
                0x0000000008001934        0x2 build/tskmanager.o
 .text.EndTask  0x0000000008001936        0x2 build/tskmanager.o
 .text.DelayMs  0x0000000008001938       0x30 build/tskmanager.o
 .text.CreateTask
                0x0000000008001968       0xe4 build/tskmanager.o
                0x0000000008001968                CreateTask
 .text.TskTickHandler
                0x0000000008001a4c       0x20 build/tskmanager.o
                0x0000000008001a4c                TskTickHandler
 .text.ExecTask
                0x0000000008001a6c       0x38 build/tskmanager.o
                0x0000000008001a6c                ExecTask
 .text.Reset_Handler
                0x0000000008001aa4       0x44 build/startup_stm32f103xe.o
                0x0000000008001aa4                Reset_Handler
 .text.Default_Handler
                0x0000000008001ae8        0x2 build/startup_stm32f103xe.o
                0x0000000008001ae8                DMA2_Channel3_IRQHandler
                0x0000000008001ae8                EXTI2_IRQHandler
                0x0000000008001ae8                TIM8_TRG_COM_IRQHandler
                0x0000000008001ae8                TIM8_CC_IRQHandler
                0x0000000008001ae8                DebugMon_Handler
                0x0000000008001ae8                TIM1_CC_IRQHandler
                0x0000000008001ae8                HardFault_Handler
                0x0000000008001ae8                SysTick_Handler
                0x0000000008001ae8                PVD_IRQHandler
                0x0000000008001ae8                PendSV_Handler
                0x0000000008001ae8                NMI_Handler
                0x0000000008001ae8                EXTI3_IRQHandler
                0x0000000008001ae8                EXTI0_IRQHandler
                0x0000000008001ae8                I2C2_EV_IRQHandler
                0x0000000008001ae8                UsageFault_Handler
                0x0000000008001ae8                ADC1_2_IRQHandler
                0x0000000008001ae8                SPI1_IRQHandler
                0x0000000008001ae8                TAMPER_IRQHandler
                0x0000000008001ae8                TIM8_UP_IRQHandler
                0x0000000008001ae8                DMA2_Channel2_IRQHandler
                0x0000000008001ae8                DMA1_Channel4_IRQHandler
                0x0000000008001ae8                USART3_IRQHandler
                0x0000000008001ae8                DMA1_Channel7_IRQHandler
                0x0000000008001ae8                CAN1_RX1_IRQHandler
                0x0000000008001ae8                UART5_IRQHandler
                0x0000000008001ae8                ADC3_IRQHandler
                0x0000000008001ae8                DMA2_Channel1_IRQHandler
                0x0000000008001ae8                I2C1_EV_IRQHandler
                0x0000000008001ae8                UART4_IRQHandler
                0x0000000008001ae8                RCC_IRQHandler
                0x0000000008001ae8                TIM1_TRG_COM_IRQHandler
                0x0000000008001ae8                DMA1_Channel1_IRQHandler
                0x0000000008001ae8                Default_Handler
                0x0000000008001ae8                EXTI15_10_IRQHandler
                0x0000000008001ae8                EXTI9_5_IRQHandler
                0x0000000008001ae8                SPI2_IRQHandler
                0x0000000008001ae8                MemManage_Handler
                0x0000000008001ae8                SVC_Handler
                0x0000000008001ae8                DMA1_Channel5_IRQHandler
                0x0000000008001ae8                EXTI4_IRQHandler
                0x0000000008001ae8                USB_LP_CAN1_RX0_IRQHandler
                0x0000000008001ae8                USB_HP_CAN1_TX_IRQHandler
                0x0000000008001ae8                FSMC_IRQHandler
                0x0000000008001ae8                TIM1_UP_IRQHandler
                0x0000000008001ae8                WWDG_IRQHandler
                0x0000000008001ae8                TIM1_BRK_IRQHandler
                0x0000000008001ae8                EXTI1_IRQHandler
                0x0000000008001ae8                DMA2_Channel4_5_IRQHandler
                0x0000000008001ae8                I2C2_ER_IRQHandler
                0x0000000008001ae8                DMA1_Channel2_IRQHandler
                0x0000000008001ae8                TIM8_BRK_IRQHandler
                0x0000000008001ae8                CAN1_SCE_IRQHandler
                0x0000000008001ae8                FLASH_IRQHandler
                0x0000000008001ae8                BusFault_Handler
                0x0000000008001ae8                SPI3_IRQHandler
                0x0000000008001ae8                I2C1_ER_IRQHandler
                0x0000000008001ae8                USBWakeUp_IRQHandler
                0x0000000008001ae8                RTC_Alarm_IRQHandler
 *fill*         0x0000000008001aea        0x2 
 .text.__libc_init_array
                0x0000000008001aec       0x48 /Users/zy/Desktop/Tools/gcc-arm-none-eabi-7-2017-q4-major/bin/../lib/gcc/arm-none-eabi/7.2.1/../../../../arm-none-eabi/lib/thumb/v7-m/libc_nano.a(lib_a-init.o)
                0x0000000008001aec                __libc_init_array
 .text.memcpy   0x0000000008001b34       0x16 /Users/zy/Desktop/Tools/gcc-arm-none-eabi-7-2017-q4-major/bin/../lib/gcc/arm-none-eabi/7.2.1/../../../../arm-none-eabi/lib/thumb/v7-m/libc_nano.a(lib_a-memcpy-stub.o)
                0x0000000008001b34                memcpy
 *fill*         0x0000000008001b4a        0x2 
 .text.sprintf  0x0000000008001b4c       0x40 /Users/zy/Desktop/Tools/gcc-arm-none-eabi-7-2017-q4-major/bin/../lib/gcc/arm-none-eabi/7.2.1/../../../../arm-none-eabi/lib/thumb/v7-m/libc_nano.a(lib_a-sprintf.o)
                0x0000000008001b4c                sprintf
                0x0000000008001b4c                siprintf
 .text.__ssputs_r
                0x0000000008001b8c       0xb4 /Users/zy/Desktop/Tools/gcc-arm-none-eabi-7-2017-q4-major/bin/../lib/gcc/arm-none-eabi/7.2.1/../../../../arm-none-eabi/lib/thumb/v7-m/libc_nano.a(lib_a-nano-svfprintf.o)
                0x0000000008001b8c                __ssputs_r
 .text._svfprintf_r
                0x0000000008001c40      0x1ec /Users/zy/Desktop/Tools/gcc-arm-none-eabi-7-2017-q4-major/bin/../lib/gcc/arm-none-eabi/7.2.1/../../../../arm-none-eabi/lib/thumb/v7-m/libc_nano.a(lib_a-nano-svfprintf.o)
                0x0000000008001c40                _svfprintf_r
                0x0000000008001c40                _svfiprintf_r
 .text._printf_common
                0x0000000008001e2c       0xec /Users/zy/Desktop/Tools/gcc-arm-none-eabi-7-2017-q4-major/bin/../lib/gcc/arm-none-eabi/7.2.1/../../../../arm-none-eabi/lib/thumb/v7-m/libc_nano.a(lib_a-nano-vfprintf_i.o)
                0x0000000008001e2c                _printf_common
 .text._printf_i
                0x0000000008001f18      0x224 /Users/zy/Desktop/Tools/gcc-arm-none-eabi-7-2017-q4-major/bin/../lib/gcc/arm-none-eabi/7.2.1/../../../../arm-none-eabi/lib/thumb/v7-m/libc_nano.a(lib_a-nano-vfprintf_i.o)
                0x0000000008001f18                _printf_i
 .text.memchr   0x000000000800213c       0x1c /Users/zy/Desktop/Tools/gcc-arm-none-eabi-7-2017-q4-major/bin/../lib/gcc/arm-none-eabi/7.2.1/../../../../arm-none-eabi/lib/thumb/v7-m/libc_nano.a(lib_a-memchr-stub.o)
                0x000000000800213c                memchr
 .text.memmove  0x0000000008002158       0x32 /Users/zy/Desktop/Tools/gcc-arm-none-eabi-7-2017-q4-major/bin/../lib/gcc/arm-none-eabi/7.2.1/../../../../arm-none-eabi/lib/thumb/v7-m/libc_nano.a(lib_a-memmove.o)
                0x0000000008002158                memmove
 *fill*         0x000000000800218a        0x2 
 .text._free_r  0x000000000800218c       0x98 /Users/zy/Desktop/Tools/gcc-arm-none-eabi-7-2017-q4-major/bin/../lib/gcc/arm-none-eabi/7.2.1/../../../../arm-none-eabi/lib/thumb/v7-m/libc_nano.a(lib_a-nano-freer.o)
                0x000000000800218c                _free_r
 .text._malloc_r
                0x0000000008002224       0xb4 /Users/zy/Desktop/Tools/gcc-arm-none-eabi-7-2017-q4-major/bin/../lib/gcc/arm-none-eabi/7.2.1/../../../../arm-none-eabi/lib/thumb/v7-m/libc_nano.a(lib_a-nano-mallocr.o)
                0x0000000008002224                _malloc_r
 .text._realloc_r
                0x00000000080022d8       0x4c /Users/zy/Desktop/Tools/gcc-arm-none-eabi-7-2017-q4-major/bin/../lib/gcc/arm-none-eabi/7.2.1/../../../../arm-none-eabi/lib/thumb/v7-m/libc_nano.a(lib_a-nano-reallocr.o)
                0x00000000080022d8                _realloc_r
 .text._sbrk_r  0x0000000008002324       0x20 /Users/zy/Desktop/Tools/gcc-arm-none-eabi-7-2017-q4-major/bin/../lib/gcc/arm-none-eabi/7.2.1/../../../../arm-none-eabi/lib/thumb/v7-m/libc_nano.a(lib_a-sbrkr.o)
                0x0000000008002324                _sbrk_r
 .text.__malloc_lock
                0x0000000008002344        0x2 /Users/zy/Desktop/Tools/gcc-arm-none-eabi-7-2017-q4-major/bin/../lib/gcc/arm-none-eabi/7.2.1/../../../../arm-none-eabi/lib/thumb/v7-m/libc_nano.a(lib_a-mlock.o)
                0x0000000008002344                __malloc_lock
 .text.__malloc_unlock
                0x0000000008002346        0x2 /Users/zy/Desktop/Tools/gcc-arm-none-eabi-7-2017-q4-major/bin/../lib/gcc/arm-none-eabi/7.2.1/../../../../arm-none-eabi/lib/thumb/v7-m/libc_nano.a(lib_a-mlock.o)
                0x0000000008002346                __malloc_unlock
 .text._malloc_usable_size_r
                0x0000000008002348       0x10 /Users/zy/Desktop/Tools/gcc-arm-none-eabi-7-2017-q4-major/bin/../lib/gcc/arm-none-eabi/7.2.1/../../../../arm-none-eabi/lib/thumb/v7-m/libc_nano.a(lib_a-nano-msizer.o)
                0x0000000008002348                _malloc_usable_size_r
 .text._sbrk    0x0000000008002358       0x1c /Users/zy/Desktop/Tools/gcc-arm-none-eabi-7-2017-q4-major/bin/../lib/gcc/arm-none-eabi/7.2.1/../../../../arm-none-eabi/lib/thumb/v7-m/libnosys.a(sbrk.o)
                0x0000000008002358                _sbrk
 *(.glue_7)
 .glue_7        0x0000000008002374        0x0 linker stubs
 *(.glue_7t)
 .glue_7t       0x0000000008002374        0x0 linker stubs
 *(.eh_frame)
 .eh_frame      0x0000000008002374        0x0 /Users/zy/Desktop/Tools/gcc-arm-none-eabi-7-2017-q4-major/bin/../lib/gcc/arm-none-eabi/7.2.1/thumb/v7-m/crtbegin.o
 *(.init)
 .init          0x0000000008002374        0x4 /Users/zy/Desktop/Tools/gcc-arm-none-eabi-7-2017-q4-major/bin/../lib/gcc/arm-none-eabi/7.2.1/thumb/v7-m/crti.o
                0x0000000008002374                _init
 .init          0x0000000008002378        0x8 /Users/zy/Desktop/Tools/gcc-arm-none-eabi-7-2017-q4-major/bin/../lib/gcc/arm-none-eabi/7.2.1/thumb/v7-m/crtn.o
 *(.fini)
 .fini          0x0000000008002380        0x4 /Users/zy/Desktop/Tools/gcc-arm-none-eabi-7-2017-q4-major/bin/../lib/gcc/arm-none-eabi/7.2.1/thumb/v7-m/crti.o
                0x0000000008002380                _fini
 .fini          0x0000000008002384        0x8 /Users/zy/Desktop/Tools/gcc-arm-none-eabi-7-2017-q4-major/bin/../lib/gcc/arm-none-eabi/7.2.1/thumb/v7-m/crtn.o
                0x000000000800238c                . = ALIGN (0x4)
                0x000000000800238c                _etext = .

.vfp11_veneer   0x000000000800238c        0x0
 .vfp11_veneer  0x000000000800238c        0x0 linker stubs

.v4_bx          0x000000000800238c        0x0
 .v4_bx         0x000000000800238c        0x0 linker stubs

.iplt           0x000000000800238c        0x0
 .iplt          0x000000000800238c        0x0 /Users/zy/Desktop/Tools/gcc-arm-none-eabi-7-2017-q4-major/bin/../lib/gcc/arm-none-eabi/7.2.1/thumb/v7-m/crtbegin.o

.rodata         0x000000000800238c       0x54
                0x000000000800238c                . = ALIGN (0x4)
 *(.rodata)
 *(.rodata*)
 .rodata.UploadTsk.str1.4
                0x000000000800238c        0x8 build/main.o
 .rodata.mon_table
                0x0000000008002394        0xc build/bsp_f1xx_rtc.o
                0x0000000008002394                mon_table
 .rodata.table_week
                0x00000000080023a0        0xc build/bsp_f1xx_rtc.o
                0x00000000080023a0                table_week
 .rodata._svfprintf_r.str1.1
                0x00000000080023ac       0x11 /Users/zy/Desktop/Tools/gcc-arm-none-eabi-7-2017-q4-major/bin/../lib/gcc/arm-none-eabi/7.2.1/../../../../arm-none-eabi/lib/thumb/v7-m/libc_nano.a(lib_a-nano-svfprintf.o)
 .rodata._printf_i.str1.1
                0x00000000080023bd       0x22 /Users/zy/Desktop/Tools/gcc-arm-none-eabi-7-2017-q4-major/bin/../lib/gcc/arm-none-eabi/7.2.1/../../../../arm-none-eabi/lib/thumb/v7-m/libc_nano.a(lib_a-nano-vfprintf_i.o)
                0x00000000080023e0                . = ALIGN (0x4)
 *fill*         0x00000000080023df        0x1 

.ARM.extab
 *(.ARM.extab* .gnu.linkonce.armextab.*)

.ARM            0x00000000080023e0        0x8
                0x00000000080023e0                __exidx_start = .
 *(.ARM.exidx*)
 .ARM.exidx     0x00000000080023e0        0x8 /Users/zy/Desktop/Tools/gcc-arm-none-eabi-7-2017-q4-major/bin/../lib/gcc/arm-none-eabi/7.2.1/thumb/v7-m/libgcc.a(_udivmoddi4.o)
                0x00000000080023e8                __exidx_end = .

.rel.dyn        0x00000000080023e8        0x0
 .rel.iplt      0x00000000080023e8        0x0 /Users/zy/Desktop/Tools/gcc-arm-none-eabi-7-2017-q4-major/bin/../lib/gcc/arm-none-eabi/7.2.1/thumb/v7-m/crtbegin.o

.preinit_array  0x00000000080023e8        0x0
                0x00000000080023e8                PROVIDE (__preinit_array_start, .)
 *(.preinit_array*)
                0x00000000080023e8                PROVIDE (__preinit_array_end, .)

.init_array     0x00000000080023e8        0x4
                0x00000000080023e8                PROVIDE (__init_array_start, .)
 *(SORT_BY_NAME(.init_array.*))
 *(.init_array*)
 .init_array    0x00000000080023e8        0x4 /Users/zy/Desktop/Tools/gcc-arm-none-eabi-7-2017-q4-major/bin/../lib/gcc/arm-none-eabi/7.2.1/thumb/v7-m/crtbegin.o
                0x00000000080023ec                PROVIDE (__init_array_end, .)

.fini_array     0x00000000080023ec        0x4
                [!provide]                        PROVIDE (__fini_array_start, .)
 *(SORT_BY_NAME(.fini_array.*))
 *(.fini_array*)
 .fini_array    0x00000000080023ec        0x4 /Users/zy/Desktop/Tools/gcc-arm-none-eabi-7-2017-q4-major/bin/../lib/gcc/arm-none-eabi/7.2.1/thumb/v7-m/crtbegin.o
                [!provide]                        PROVIDE (__fini_array_end, .)
                0x00000000080023f0                _sidata = LOADADDR (.data)

.data           0x0000000020000000      0x2e4 load address 0x00000000080023f0
                0x0000000020000000                . = ALIGN (0x4)
                0x0000000020000000                _sdata = .
 *(.data)
 *(.data*)
 .data.test     0x0000000020000000        0x8 build/main.o
                0x0000000020000000                test
 .data.tiktimer
                0x0000000020000008        0xc build/main.o
                0x0000000020000008                tiktimer
 .data.uartpara
                0x0000000020000014       0x10 build/main.o
                0x0000000020000014                uartpara
 *fill*         0x0000000020000024        0x4 
 .data.uploadTsk
                0x0000000020000028       0x48 build/main.o
                0x0000000020000028                uploadTsk
 .data.runled   0x0000000020000070        0xc build/runled.o
                0x0000000020000070                runled
 *fill*         0x000000002000007c        0x4 
 .data.runledtsk
                0x0000000020000080       0x48 build/runled.o
                0x0000000020000080                runledtsk
 .data.timirqs  0x00000000200000c8        0x6 build/bsp_f1xx_timer.o
                0x00000000200000c8                timirqs
 *fill*         0x00000000200000ce        0x2 
 .data.SendFuncs
                0x00000000200000d0        0x8 build/bsp_f1xx_uart.o
                0x00000000200000d0                SendFuncs
 .data.uartlist
                0x00000000200000d8       0xcc build/bsp_f1xx_uart.o
                0x00000000200000d8                uartlist
 .data.mTime    0x00000000200001a4       0x10 build/bsp_f1xx_rtc.o
                0x00000000200001a4                mTime
 .data.mallco_dev
                0x00000000200001b4       0x14 build/malloc.o
                0x00000000200001b4                mallco_dev
 .data.TaskManger
                0x00000000200001c8       0x28 build/tskmanager.o
                0x00000000200001c8                TaskManger
 .data.eTask    0x00000000200001f0       0x48 build/tskmanager.o
                0x00000000200001f0                eTask
 .data.sTask    0x0000000020000238       0x48 build/tskmanager.o
                0x0000000020000238                sTask
 .data._impure_ptr
                0x0000000020000280        0x4 /Users/zy/Desktop/Tools/gcc-arm-none-eabi-7-2017-q4-major/bin/../lib/gcc/arm-none-eabi/7.2.1/../../../../arm-none-eabi/lib/thumb/v7-m/libc_nano.a(lib_a-impure.o)
                0x0000000020000280                _impure_ptr
 .data.impure_data
                0x0000000020000284       0x60 /Users/zy/Desktop/Tools/gcc-arm-none-eabi-7-2017-q4-major/bin/../lib/gcc/arm-none-eabi/7.2.1/../../../../arm-none-eabi/lib/thumb/v7-m/libc_nano.a(lib_a-impure.o)
                0x00000000200002e4                . = ALIGN (0x4)
                0x00000000200002e4                _edata = .

.igot.plt       0x00000000200002e4        0x0 load address 0x00000000080026d4
 .igot.plt      0x00000000200002e4        0x0 /Users/zy/Desktop/Tools/gcc-arm-none-eabi-7-2017-q4-major/bin/../lib/gcc/arm-none-eabi/7.2.1/thumb/v7-m/crtbegin.o
                0x00000000200002e4                . = ALIGN (0x4)

.bss            0x00000000200002e8     0xbfb4 load address 0x00000000080026d4
                0x00000000200002e8                _sbss = .
                0x00000000200002e8                __bss_start__ = _sbss
 *(.bss)
 .bss           0x00000000200002e8       0x1c /Users/zy/Desktop/Tools/gcc-arm-none-eabi-7-2017-q4-major/bin/../lib/gcc/arm-none-eabi/7.2.1/thumb/v7-m/crtbegin.o
 *(.bss*)
 .bss.fac_ms    0x0000000020000304        0x2 build/sys.o
 *fill*         0x0000000020000306        0x2 
 .bss.arr       0x0000000020000308        0x8 build/bsp_f1xx_timer.o
 .bss.funcs     0x0000000020000310       0x18 build/bsp_f1xx_timer.o
 .bss.psc       0x0000000020000328        0x8 build/bsp_f1xx_timer.o
 .bss.StopCondition
                0x0000000020000330        0x1 build/bsp_f1xx_sdio.o
 .bss.TransferEnd
                0x0000000020000331        0x1 build/bsp_f1xx_sdio.o
                0x0000000020000331                TransferEnd
 .bss.TransferError
                0x0000000020000332        0x1 build/bsp_f1xx_sdio.o
                0x0000000020000332                TransferError
 *fill*         0x0000000020000333        0x1 
 .bss.MemUsed   0x0000000020000334        0x4 build/malloc.o
                0x0000000020000334                MemUsed
 .bss.__malloc_free_list
                0x0000000020000338        0x4 /Users/zy/Desktop/Tools/gcc-arm-none-eabi-7-2017-q4-major/bin/../lib/gcc/arm-none-eabi/7.2.1/../../../../arm-none-eabi/lib/thumb/v7-m/libc_nano.a(lib_a-nano-mallocr.o)
                0x0000000020000338                __malloc_free_list
 .bss.__malloc_sbrk_start
                0x000000002000033c        0x4 /Users/zy/Desktop/Tools/gcc-arm-none-eabi-7-2017-q4-major/bin/../lib/gcc/arm-none-eabi/7.2.1/../../../../arm-none-eabi/lib/thumb/v7-m/libc_nano.a(lib_a-nano-mallocr.o)
                0x000000002000033c                __malloc_sbrk_start
 .bss.heap_end.4102
                0x0000000020000340        0x4 /Users/zy/Desktop/Tools/gcc-arm-none-eabi-7-2017-q4-major/bin/../lib/gcc/arm-none-eabi/7.2.1/../../../../arm-none-eabi/lib/thumb/v7-m/libnosys.a(sbrk.o)
 *(COMMON)
 COMMON         0x0000000020000344        0x8 build/main.o
                0x0000000020000344                msg
                0x0000000020000348                util
 *fill*         0x000000002000034c        0x4 
 COMMON         0x0000000020000350     0xbf40 build/malloc.o
                0x0000000020000350                mem1mapbase
                0x0000000020000e90                mem1base
 COMMON         0x000000002000c290        0x8 build/tskmanager.o
                0x000000002000c290                delayTick
 COMMON         0x000000002000c298        0x4 /Users/zy/Desktop/Tools/gcc-arm-none-eabi-7-2017-q4-major/bin/../lib/gcc/arm-none-eabi/7.2.1/../../../../arm-none-eabi/lib/thumb/v7-m/libc_nano.a(lib_a-reent.o)
                0x000000002000c298                errno
                0x000000002000c29c                . = ALIGN (0x4)
                0x000000002000c29c                _ebss = .
                0x000000002000c29c                __bss_end__ = _ebss

._user_heap_stack
                0x000000002000c29c      0x604 load address 0x00000000080026d4
                0x000000002000c2a0                . = ALIGN (0x8)
 *fill*         0x000000002000c29c        0x4 
                0x000000002000c2a0                PROVIDE (end, .)
                [!provide]                        PROVIDE (_end, .)
                0x000000002000c4a0                . = (. + _Min_Heap_Size)
 *fill*         0x000000002000c2a0      0x200 
                0x000000002000c8a0                . = (. + _Min_Stack_Size)
 *fill*         0x000000002000c4a0      0x400 
                0x000000002000c8a0                . = ALIGN (0x8)

/DISCARD/
 libc.a(*)
 libm.a(*)
 libgcc.a(*)

.ARM.attributes
                0x0000000000000000       0x29
 *(.ARM.attributes)
 .ARM.attributes
                0x0000000000000000       0x1d /Users/zy/Desktop/Tools/gcc-arm-none-eabi-7-2017-q4-major/bin/../lib/gcc/arm-none-eabi/7.2.1/thumb/v7-m/crti.o
 .ARM.attributes
                0x000000000000001d       0x2d /Users/zy/Desktop/Tools/gcc-arm-none-eabi-7-2017-q4-major/bin/../lib/gcc/arm-none-eabi/7.2.1/thumb/v7-m/crtbegin.o
 .ARM.attributes
                0x000000000000004a       0x33 build/main.o
 .ARM.attributes
                0x000000000000007d       0x33 build/runled.o
 .ARM.attributes
                0x00000000000000b0       0x33 build/sys.o
 .ARM.attributes
                0x00000000000000e3       0x33 build/bsp_f1xx_io.o
 .ARM.attributes
                0x0000000000000116       0x33 build/bsp_f1xx_timer.o
 .ARM.attributes
                0x0000000000000149       0x33 build/bsp_f1xx_led.o
 .ARM.attributes
                0x000000000000017c       0x33 build/bsp_f1xx_dma.o
 .ARM.attributes
                0x00000000000001af       0x33 build/bsp_f1xx_uart.o
 .ARM.attributes
                0x00000000000001e2       0x33 build/bsp_f1xx_sdio.o
 .ARM.attributes
                0x0000000000000215       0x33 build/bsp_f1xx_rtc.o
 .ARM.attributes
                0x0000000000000248       0x33 build/datautil.o
 .ARM.attributes
                0x000000000000027b       0x33 build/malloc.o
 .ARM.attributes
                0x00000000000002ae       0x33 build/tskmanager.o
 .ARM.attributes
                0x00000000000002e1       0x21 build/startup_stm32f103xe.o
 .ARM.attributes
                0x0000000000000302       0x2d /Users/zy/Desktop/Tools/gcc-arm-none-eabi-7-2017-q4-major/bin/../lib/gcc/arm-none-eabi/7.2.1/../../../../arm-none-eabi/lib/thumb/v7-m/libc_nano.a(lib_a-impure.o)
 .ARM.attributes
                0x000000000000032f       0x2d /Users/zy/Desktop/Tools/gcc-arm-none-eabi-7-2017-q4-major/bin/../lib/gcc/arm-none-eabi/7.2.1/../../../../arm-none-eabi/lib/thumb/v7-m/libc_nano.a(lib_a-init.o)
 .ARM.attributes
                0x000000000000035c       0x2d /Users/zy/Desktop/Tools/gcc-arm-none-eabi-7-2017-q4-major/bin/../lib/gcc/arm-none-eabi/7.2.1/../../../../arm-none-eabi/lib/thumb/v7-m/libc_nano.a(lib_a-memcpy-stub.o)
 .ARM.attributes
                0x0000000000000389       0x2d /Users/zy/Desktop/Tools/gcc-arm-none-eabi-7-2017-q4-major/bin/../lib/gcc/arm-none-eabi/7.2.1/../../../../arm-none-eabi/lib/thumb/v7-m/libc_nano.a(lib_a-sprintf.o)
 .ARM.attributes
                0x00000000000003b6       0x17 /Users/zy/Desktop/Tools/gcc-arm-none-eabi-7-2017-q4-major/bin/../lib/gcc/arm-none-eabi/7.2.1/../../../../arm-none-eabi/lib/thumb/v7-m/libc_nano.a(lib_a-strlen.o)
 .ARM.attributes
                0x00000000000003cd       0x2d /Users/zy/Desktop/Tools/gcc-arm-none-eabi-7-2017-q4-major/bin/../lib/gcc/arm-none-eabi/7.2.1/../../../../arm-none-eabi/lib/thumb/v7-m/libc_nano.a(lib_a-nano-svfprintf.o)
 .ARM.attributes
                0x00000000000003fa       0x2d /Users/zy/Desktop/Tools/gcc-arm-none-eabi-7-2017-q4-major/bin/../lib/gcc/arm-none-eabi/7.2.1/../../../../arm-none-eabi/lib/thumb/v7-m/libc_nano.a(lib_a-nano-vfprintf_i.o)
 .ARM.attributes
                0x0000000000000427       0x2d /Users/zy/Desktop/Tools/gcc-arm-none-eabi-7-2017-q4-major/bin/../lib/gcc/arm-none-eabi/7.2.1/../../../../arm-none-eabi/lib/thumb/v7-m/libc_nano.a(lib_a-memchr-stub.o)
 .ARM.attributes
                0x0000000000000454       0x2d /Users/zy/Desktop/Tools/gcc-arm-none-eabi-7-2017-q4-major/bin/../lib/gcc/arm-none-eabi/7.2.1/../../../../arm-none-eabi/lib/thumb/v7-m/libc_nano.a(lib_a-memmove.o)
 .ARM.attributes
                0x0000000000000481       0x2d /Users/zy/Desktop/Tools/gcc-arm-none-eabi-7-2017-q4-major/bin/../lib/gcc/arm-none-eabi/7.2.1/../../../../arm-none-eabi/lib/thumb/v7-m/libc_nano.a(lib_a-nano-freer.o)
 .ARM.attributes
                0x00000000000004ae       0x2d /Users/zy/Desktop/Tools/gcc-arm-none-eabi-7-2017-q4-major/bin/../lib/gcc/arm-none-eabi/7.2.1/../../../../arm-none-eabi/lib/thumb/v7-m/libc_nano.a(lib_a-nano-mallocr.o)
 .ARM.attributes
                0x00000000000004db       0x2d /Users/zy/Desktop/Tools/gcc-arm-none-eabi-7-2017-q4-major/bin/../lib/gcc/arm-none-eabi/7.2.1/../../../../arm-none-eabi/lib/thumb/v7-m/libc_nano.a(lib_a-nano-reallocr.o)
 .ARM.attributes
                0x0000000000000508       0x2d /Users/zy/Desktop/Tools/gcc-arm-none-eabi-7-2017-q4-major/bin/../lib/gcc/arm-none-eabi/7.2.1/../../../../arm-none-eabi/lib/thumb/v7-m/libc_nano.a(lib_a-sbrkr.o)
 .ARM.attributes
                0x0000000000000535       0x2d /Users/zy/Desktop/Tools/gcc-arm-none-eabi-7-2017-q4-major/bin/../lib/gcc/arm-none-eabi/7.2.1/../../../../arm-none-eabi/lib/thumb/v7-m/libc_nano.a(lib_a-mlock.o)
 .ARM.attributes
                0x0000000000000562       0x2d /Users/zy/Desktop/Tools/gcc-arm-none-eabi-7-2017-q4-major/bin/../lib/gcc/arm-none-eabi/7.2.1/../../../../arm-none-eabi/lib/thumb/v7-m/libc_nano.a(lib_a-nano-msizer.o)
 .ARM.attributes
                0x000000000000058f       0x2d /Users/zy/Desktop/Tools/gcc-arm-none-eabi-7-2017-q4-major/bin/../lib/gcc/arm-none-eabi/7.2.1/../../../../arm-none-eabi/lib/thumb/v7-m/libc_nano.a(lib_a-reent.o)
 .ARM.attributes
                0x00000000000005bc       0x2d /Users/zy/Desktop/Tools/gcc-arm-none-eabi-7-2017-q4-major/bin/../lib/gcc/arm-none-eabi/7.2.1/../../../../arm-none-eabi/lib/thumb/v7-m/libnosys.a(sbrk.o)
 .ARM.attributes
                0x00000000000005e9       0x1d /Users/zy/Desktop/Tools/gcc-arm-none-eabi-7-2017-q4-major/bin/../lib/gcc/arm-none-eabi/7.2.1/thumb/v7-m/libgcc.a(_arm_addsubsf3.o)
 .ARM.attributes
                0x0000000000000606       0x1d /Users/zy/Desktop/Tools/gcc-arm-none-eabi-7-2017-q4-major/bin/../lib/gcc/arm-none-eabi/7.2.1/thumb/v7-m/libgcc.a(_arm_muldivsf3.o)
 .ARM.attributes
                0x0000000000000623       0x1d /Users/zy/Desktop/Tools/gcc-arm-none-eabi-7-2017-q4-major/bin/../lib/gcc/arm-none-eabi/7.2.1/thumb/v7-m/libgcc.a(_arm_fixunssfsi.o)
 .ARM.attributes
                0x0000000000000640       0x1d /Users/zy/Desktop/Tools/gcc-arm-none-eabi-7-2017-q4-major/bin/../lib/gcc/arm-none-eabi/7.2.1/thumb/v7-m/libgcc.a(_aeabi_uldivmod.o)
 .ARM.attributes
                0x000000000000065d       0x2d /Users/zy/Desktop/Tools/gcc-arm-none-eabi-7-2017-q4-major/bin/../lib/gcc/arm-none-eabi/7.2.1/thumb/v7-m/libgcc.a(_udivmoddi4.o)
 .ARM.attributes
                0x000000000000068a       0x1d /Users/zy/Desktop/Tools/gcc-arm-none-eabi-7-2017-q4-major/bin/../lib/gcc/arm-none-eabi/7.2.1/thumb/v7-m/libgcc.a(_dvmd_tls.o)
 .ARM.attributes
                0x00000000000006a7       0x1d /Users/zy/Desktop/Tools/gcc-arm-none-eabi-7-2017-q4-major/bin/../lib/gcc/arm-none-eabi/7.2.1/thumb/v7-m/crtn.o
OUTPUT(build/drivers_stm32f1xx.elf elf32-littlearm)

.debug_info     0x0000000000000000     0xf958
 .debug_info    0x0000000000000000     0x111a build/main.o
 .debug_info    0x000000000000111a      0xe73 build/runled.o
 .debug_info    0x0000000000001f8d     0x13e7 build/sys.o
 .debug_info    0x0000000000003374      0xe95 build/bsp_f1xx_io.o
 .debug_info    0x0000000000004209     0x120e build/bsp_f1xx_timer.o
 .debug_info    0x0000000000005417      0xea7 build/bsp_f1xx_led.o
 .debug_info    0x00000000000062be      0xe6a build/bsp_f1xx_dma.o
 .debug_info    0x0000000000007128     0x1c5c build/bsp_f1xx_uart.o
 .debug_info    0x0000000000008d84     0x2bf9 build/bsp_f1xx_sdio.o
 .debug_info    0x000000000000b97d     0x1410 build/bsp_f1xx_rtc.o
 .debug_info    0x000000000000cd8d      0xdf2 build/datautil.o
 .debug_info    0x000000000000db7f      0xf91 build/malloc.o
 .debug_info    0x000000000000eb10      0xe26 build/tskmanager.o
 .debug_info    0x000000000000f936       0x22 build/startup_stm32f103xe.o

.debug_abbrev   0x0000000000000000     0x2424
 .debug_abbrev  0x0000000000000000      0x29c build/main.o
 .debug_abbrev  0x000000000000029c      0x254 build/runled.o
 .debug_abbrev  0x00000000000004f0      0x2e2 build/sys.o
 .debug_abbrev  0x00000000000007d2      0x238 build/bsp_f1xx_io.o
 .debug_abbrev  0x0000000000000a0a      0x2f1 build/bsp_f1xx_timer.o
 .debug_abbrev  0x0000000000000cfb      0x23f build/bsp_f1xx_led.o
 .debug_abbrev  0x0000000000000f3a      0x260 build/bsp_f1xx_dma.o
 .debug_abbrev  0x000000000000119a      0x377 build/bsp_f1xx_uart.o
 .debug_abbrev  0x0000000000001511      0x431 build/bsp_f1xx_sdio.o
 .debug_abbrev  0x0000000000001942      0x2ac build/bsp_f1xx_rtc.o
 .debug_abbrev  0x0000000000001bee      0x245 build/datautil.o
 .debug_abbrev  0x0000000000001e33      0x2fd build/malloc.o
 .debug_abbrev  0x0000000000002130      0x2e2 build/tskmanager.o
 .debug_abbrev  0x0000000000002412       0x12 build/startup_stm32f103xe.o

.debug_loc      0x0000000000000000     0x4193
 .debug_loc     0x0000000000000000       0x61 build/main.o
 .debug_loc     0x0000000000000061       0x61 build/runled.o
 .debug_loc     0x00000000000000c2      0x472 build/sys.o
 .debug_loc     0x0000000000000534       0x79 build/bsp_f1xx_io.o
 .debug_loc     0x00000000000005ad      0x168 build/bsp_f1xx_timer.o
 .debug_loc     0x0000000000000715      0x116 build/bsp_f1xx_led.o
 .debug_loc     0x000000000000082b      0x114 build/bsp_f1xx_dma.o
 .debug_loc     0x000000000000093f      0x757 build/bsp_f1xx_uart.o
 .debug_loc     0x0000000000001096     0x22d3 build/bsp_f1xx_sdio.o
 .debug_loc     0x0000000000003369      0x575 build/bsp_f1xx_rtc.o
 .debug_loc     0x00000000000038de      0x11c build/datautil.o
 .debug_loc     0x00000000000039fa      0x4ce build/malloc.o
 .debug_loc     0x0000000000003ec8      0x2cb build/tskmanager.o

.debug_aranges  0x0000000000000000      0x4c8
 .debug_aranges
                0x0000000000000000       0x30 build/main.o
 .debug_aranges
                0x0000000000000030       0x30 build/runled.o
 .debug_aranges
                0x0000000000000060       0x98 build/sys.o
 .debug_aranges
                0x00000000000000f8       0x30 build/bsp_f1xx_io.o
 .debug_aranges
                0x0000000000000128       0x50 build/bsp_f1xx_timer.o
 .debug_aranges
                0x0000000000000178       0x38 build/bsp_f1xx_led.o
 .debug_aranges
                0x00000000000001b0       0x38 build/bsp_f1xx_dma.o
 .debug_aranges
                0x00000000000001e8       0x68 build/bsp_f1xx_uart.o
 .debug_aranges
                0x0000000000000250      0x118 build/bsp_f1xx_sdio.o
 .debug_aranges
                0x0000000000000368       0x50 build/bsp_f1xx_rtc.o
 .debug_aranges
                0x00000000000003b8       0x28 build/datautil.o
 .debug_aranges
                0x00000000000003e0       0x60 build/malloc.o
 .debug_aranges
                0x0000000000000440       0x60 build/tskmanager.o
 .debug_aranges
                0x00000000000004a0       0x28 build/startup_stm32f103xe.o

.debug_ranges   0x0000000000000000      0x450
 .debug_ranges  0x0000000000000000       0x20 build/main.o
 .debug_ranges  0x0000000000000020       0x20 build/runled.o
 .debug_ranges  0x0000000000000040       0x88 build/sys.o
 .debug_ranges  0x00000000000000c8       0x20 build/bsp_f1xx_io.o
 .debug_ranges  0x00000000000000e8       0x40 build/bsp_f1xx_timer.o
 .debug_ranges  0x0000000000000128       0x28 build/bsp_f1xx_led.o
 .debug_ranges  0x0000000000000150       0x28 build/bsp_f1xx_dma.o
 .debug_ranges  0x0000000000000178       0xb8 build/bsp_f1xx_uart.o
 .debug_ranges  0x0000000000000230      0x108 build/bsp_f1xx_sdio.o
 .debug_ranges  0x0000000000000338       0x40 build/bsp_f1xx_rtc.o
 .debug_ranges  0x0000000000000378       0x18 build/datautil.o
 .debug_ranges  0x0000000000000390       0x50 build/malloc.o
 .debug_ranges  0x00000000000003e0       0x50 build/tskmanager.o
 .debug_ranges  0x0000000000000430       0x20 build/startup_stm32f103xe.o

.debug_line     0x0000000000000000     0x2f8a
 .debug_line    0x0000000000000000      0x2d0 build/main.o
 .debug_line    0x00000000000002d0      0x291 build/runled.o
 .debug_line    0x0000000000000561      0x373 build/sys.o
 .debug_line    0x00000000000008d4      0x29a build/bsp_f1xx_io.o
 .debug_line    0x0000000000000b6e      0x30e build/bsp_f1xx_timer.o
 .debug_line    0x0000000000000e7c      0x2ad build/bsp_f1xx_led.o
 .debug_line    0x0000000000001129      0x2ac build/bsp_f1xx_dma.o
 .debug_line    0x00000000000013d5      0x405 build/bsp_f1xx_uart.o
 .debug_line    0x00000000000017da      0xaa9 build/bsp_f1xx_sdio.o
 .debug_line    0x0000000000002283      0x3c8 build/bsp_f1xx_rtc.o
 .debug_line    0x000000000000264b      0x28c build/datautil.o
 .debug_line    0x00000000000028d7      0x353 build/malloc.o
 .debug_line    0x0000000000002c2a      0x2e7 build/tskmanager.o
 .debug_line    0x0000000000002f11       0x79 build/startup_stm32f103xe.o

.debug_str      0x0000000000000000     0x2093
 .debug_str     0x0000000000000000      0x705 build/main.o
                                        0x7d0 (size before relaxing)
 .debug_str     0x0000000000000705      0x1be build/runled.o
                                        0x82b (size before relaxing)
 .debug_str     0x00000000000008c3      0x325 build/sys.o
                                        0x8e7 (size before relaxing)
 .debug_str     0x0000000000000be8       0x35 build/bsp_f1xx_io.o
                                        0x839 (size before relaxing)
 .debug_str     0x0000000000000c1d      0x46f build/bsp_f1xx_timer.o
                                        0xb71 (size before relaxing)
 .debug_str     0x000000000000108c       0x24 build/bsp_f1xx_led.o
                                        0x821 (size before relaxing)
 .debug_str     0x00000000000010b0       0x8b build/bsp_f1xx_dma.o
                                        0x710 (size before relaxing)
 .debug_str     0x000000000000113b      0x1f1 build/bsp_f1xx_uart.o
                                        0xeb1 (size before relaxing)
 .debug_str     0x000000000000132c      0xa16 build/bsp_f1xx_sdio.o
                                       0x152b (size before relaxing)
 .debug_str     0x0000000000001d42      0x1d2 build/bsp_f1xx_rtc.o
                                        0x89c (size before relaxing)
 .debug_str     0x0000000000001f14       0x34 build/datautil.o
                                        0x6ff (size before relaxing)
 .debug_str     0x0000000000001f48       0xa5 build/malloc.o
                                        0x70b (size before relaxing)
 .debug_str     0x0000000000001fed       0x79 build/tskmanager.o
                                        0x6d2 (size before relaxing)
 .debug_str     0x0000000000002066       0x2d build/startup_stm32f103xe.o
                                         0x63 (size before relaxing)

.comment        0x0000000000000000       0x7e
 .comment       0x0000000000000000       0x7e build/main.o
                                         0x7f (size before relaxing)
 .comment       0x000000000000007e       0x7f build/runled.o
 .comment       0x000000000000007e       0x7f build/sys.o
 .comment       0x000000000000007e       0x7f build/bsp_f1xx_io.o
 .comment       0x000000000000007e       0x7f build/bsp_f1xx_timer.o
 .comment       0x000000000000007e       0x7f build/bsp_f1xx_led.o
 .comment       0x000000000000007e       0x7f build/bsp_f1xx_dma.o
 .comment       0x000000000000007e       0x7f build/bsp_f1xx_uart.o
 .comment       0x000000000000007e       0x7f build/bsp_f1xx_sdio.o
 .comment       0x000000000000007e       0x7f build/bsp_f1xx_rtc.o
 .comment       0x000000000000007e       0x7f build/datautil.o
 .comment       0x000000000000007e       0x7f build/malloc.o
 .comment       0x000000000000007e       0x7f build/tskmanager.o

.debug_frame    0x0000000000000000     0x11e0
 .debug_frame   0x0000000000000000       0x5c build/main.o
 .debug_frame   0x000000000000005c       0x58 build/runled.o
 .debug_frame   0x00000000000000b4      0x188 build/sys.o
 .debug_frame   0x000000000000023c       0x64 build/bsp_f1xx_io.o
 .debug_frame   0x00000000000002a0       0xe4 build/bsp_f1xx_timer.o
 .debug_frame   0x0000000000000384       0x74 build/bsp_f1xx_led.o
 .debug_frame   0x00000000000003f8       0x70 build/bsp_f1xx_dma.o
 .debug_frame   0x0000000000000468      0x178 build/bsp_f1xx_uart.o
 .debug_frame   0x00000000000005e0      0x3e4 build/bsp_f1xx_sdio.o
 .debug_frame   0x00000000000009c4       0xe8 build/bsp_f1xx_rtc.o
 .debug_frame   0x0000000000000aac       0x4c build/datautil.o
 .debug_frame   0x0000000000000af8       0xfc build/malloc.o
 .debug_frame   0x0000000000000bf4      0x14c build/tskmanager.o
 .debug_frame   0x0000000000000d40       0x2c /Users/zy/Desktop/Tools/gcc-arm-none-eabi-7-2017-q4-major/bin/../lib/gcc/arm-none-eabi/7.2.1/../../../../arm-none-eabi/lib/thumb/v7-m/libc_nano.a(lib_a-init.o)
 .debug_frame   0x0000000000000d6c       0x28 /Users/zy/Desktop/Tools/gcc-arm-none-eabi-7-2017-q4-major/bin/../lib/gcc/arm-none-eabi/7.2.1/../../../../arm-none-eabi/lib/thumb/v7-m/libc_nano.a(lib_a-memcpy-stub.o)
 .debug_frame   0x0000000000000d94       0x6c /Users/zy/Desktop/Tools/gcc-arm-none-eabi-7-2017-q4-major/bin/../lib/gcc/arm-none-eabi/7.2.1/../../../../arm-none-eabi/lib/thumb/v7-m/libc_nano.a(lib_a-sprintf.o)
 .debug_frame   0x0000000000000e00       0x90 /Users/zy/Desktop/Tools/gcc-arm-none-eabi-7-2017-q4-major/bin/../lib/gcc/arm-none-eabi/7.2.1/../../../../arm-none-eabi/lib/thumb/v7-m/libc_nano.a(lib_a-nano-svfprintf.o)
 .debug_frame   0x0000000000000e90       0x60 /Users/zy/Desktop/Tools/gcc-arm-none-eabi-7-2017-q4-major/bin/../lib/gcc/arm-none-eabi/7.2.1/../../../../arm-none-eabi/lib/thumb/v7-m/libc_nano.a(lib_a-nano-vfprintf_i.o)
 .debug_frame   0x0000000000000ef0       0x28 /Users/zy/Desktop/Tools/gcc-arm-none-eabi-7-2017-q4-major/bin/../lib/gcc/arm-none-eabi/7.2.1/../../../../arm-none-eabi/lib/thumb/v7-m/libc_nano.a(lib_a-memchr-stub.o)
 .debug_frame   0x0000000000000f18       0x28 /Users/zy/Desktop/Tools/gcc-arm-none-eabi-7-2017-q4-major/bin/../lib/gcc/arm-none-eabi/7.2.1/../../../../arm-none-eabi/lib/thumb/v7-m/libc_nano.a(lib_a-memmove.o)
 .debug_frame   0x0000000000000f40       0x38 /Users/zy/Desktop/Tools/gcc-arm-none-eabi-7-2017-q4-major/bin/../lib/gcc/arm-none-eabi/7.2.1/../../../../arm-none-eabi/lib/thumb/v7-m/libc_nano.a(lib_a-nano-freer.o)
 .debug_frame   0x0000000000000f78       0x2c /Users/zy/Desktop/Tools/gcc-arm-none-eabi-7-2017-q4-major/bin/../lib/gcc/arm-none-eabi/7.2.1/../../../../arm-none-eabi/lib/thumb/v7-m/libc_nano.a(lib_a-nano-mallocr.o)
 .debug_frame   0x0000000000000fa4       0x3c /Users/zy/Desktop/Tools/gcc-arm-none-eabi-7-2017-q4-major/bin/../lib/gcc/arm-none-eabi/7.2.1/../../../../arm-none-eabi/lib/thumb/v7-m/libc_nano.a(lib_a-nano-reallocr.o)
 .debug_frame   0x0000000000000fe0       0x2c /Users/zy/Desktop/Tools/gcc-arm-none-eabi-7-2017-q4-major/bin/../lib/gcc/arm-none-eabi/7.2.1/../../../../arm-none-eabi/lib/thumb/v7-m/libc_nano.a(lib_a-sbrkr.o)
 .debug_frame   0x000000000000100c       0x30 /Users/zy/Desktop/Tools/gcc-arm-none-eabi-7-2017-q4-major/bin/../lib/gcc/arm-none-eabi/7.2.1/../../../../arm-none-eabi/lib/thumb/v7-m/libc_nano.a(lib_a-mlock.o)
 .debug_frame   0x000000000000103c       0x20 /Users/zy/Desktop/Tools/gcc-arm-none-eabi-7-2017-q4-major/bin/../lib/gcc/arm-none-eabi/7.2.1/../../../../arm-none-eabi/lib/thumb/v7-m/libc_nano.a(lib_a-nano-msizer.o)
 .debug_frame   0x000000000000105c       0x5c /Users/zy/Desktop/Tools/gcc-arm-none-eabi-7-2017-q4-major/bin/../lib/gcc/arm-none-eabi/7.2.1/../../../../arm-none-eabi/lib/thumb/v7-m/libc_nano.a(lib_a-reent.o)
 .debug_frame   0x00000000000010b8       0x20 /Users/zy/Desktop/Tools/gcc-arm-none-eabi-7-2017-q4-major/bin/../lib/gcc/arm-none-eabi/7.2.1/../../../../arm-none-eabi/lib/thumb/v7-m/libnosys.a(sbrk.o)
 .debug_frame   0x00000000000010d8       0x4c /Users/zy/Desktop/Tools/gcc-arm-none-eabi-7-2017-q4-major/bin/../lib/gcc/arm-none-eabi/7.2.1/thumb/v7-m/libgcc.a(_arm_addsubsf3.o)
 .debug_frame   0x0000000000001124       0x38 /Users/zy/Desktop/Tools/gcc-arm-none-eabi-7-2017-q4-major/bin/../lib/gcc/arm-none-eabi/7.2.1/thumb/v7-m/libgcc.a(_arm_muldivsf3.o)
 .debug_frame   0x000000000000115c       0x24 /Users/zy/Desktop/Tools/gcc-arm-none-eabi-7-2017-q4-major/bin/../lib/gcc/arm-none-eabi/7.2.1/thumb/v7-m/libgcc.a(_arm_fixunssfsi.o)
 .debug_frame   0x0000000000001180       0x2c /Users/zy/Desktop/Tools/gcc-arm-none-eabi-7-2017-q4-major/bin/../lib/gcc/arm-none-eabi/7.2.1/thumb/v7-m/libgcc.a(_aeabi_uldivmod.o)
 .debug_frame   0x00000000000011ac       0x34 /Users/zy/Desktop/Tools/gcc-arm-none-eabi-7-2017-q4-major/bin/../lib/gcc/arm-none-eabi/7.2.1/thumb/v7-m/libgcc.a(_udivmoddi4.o)

Cross Reference Table

Symbol                                            File
ADC1_2_IRQHandler                                 build/startup_stm32f103xe.o
ADC3_IRQHandler                                   build/startup_stm32f103xe.o
BufferReset                                       build/bufferutil.o
BusFault_Handler                                  build/startup_stm32f103xe.o
CAN1_RX1_IRQHandler                               build/startup_stm32f103xe.o
CAN1_SCE_IRQHandler                               build/startup_stm32f103xe.o
CloseDataUtil                                     build/datautil.o
CmdError                                          build/bsp_f1xx_sdio.o
CmdResp1Error                                     build/bsp_f1xx_sdio.o
CmdResp2Error                                     build/bsp_f1xx_sdio.o
CmdResp3Error                                     build/bsp_f1xx_sdio.o
CmdResp6Error                                     build/bsp_f1xx_sdio.o
CmdResp7Error                                     build/bsp_f1xx_sdio.o
Com1SendData                                      build/bsp_f1xx_uart.o
Com2SendData                                      build/bsp_f1xx_uart.o
ComxSendData                                      build/bsp_f1xx_uart.o
ComxSetBaud                                       build/bsp_f1xx_uart.o
CrcUtil                                           build/crcutil.o
CreateDataUtil                                    build/datautil.o
                                                  build/main.o
CreateTask                                        build/tskmanager.o
                                                  build/runled.o
                                                  build/main.o
DMA1_Channel1_IRQHandler                          build/startup_stm32f103xe.o
DMA1_Channel2_IRQHandler                          build/startup_stm32f103xe.o
DMA1_Channel3_IRQHandler                          build/bsp_f1xx_uart.o
DMA1_Channel4_IRQHandler                          build/startup_stm32f103xe.o
DMA1_Channel5_IRQHandler                          build/startup_stm32f103xe.o
DMA1_Channel6_IRQHandler                          build/bsp_f1xx_uart.o
DMA1_Channel7_IRQHandler                          build/startup_stm32f103xe.o
DMA2_Channel1_IRQHandler                          build/startup_stm32f103xe.o
DMA2_Channel2_IRQHandler                          build/startup_stm32f103xe.o
DMA2_Channel3_IRQHandler                          build/startup_stm32f103xe.o
DMA2_Channel4_5_IRQHandler                        build/startup_stm32f103xe.o
DebugMon_Handler                                  build/startup_stm32f103xe.o
Default_Handler                                   build/startup_stm32f103xe.o
DelTask                                           build/tskmanager.o
EXTI0_IRQHandler                                  build/startup_stm32f103xe.o
EXTI15_10_IRQHandler                              build/startup_stm32f103xe.o
EXTI1_IRQHandler                                  build/startup_stm32f103xe.o
EXTI2_IRQHandler                                  build/startup_stm32f103xe.o
EXTI3_IRQHandler                                  build/startup_stm32f103xe.o
EXTI4_IRQHandler                                  build/startup_stm32f103xe.o
EXTI9_5_IRQHandler                                build/startup_stm32f103xe.o
Ex_NVIC_Config                                    build/sys.o
ExecTask                                          build/tskmanager.o
                                                  build/main.o
FLASH_IRQHandler                                  build/startup_stm32f103xe.o
FSMC_IRQHandler                                   build/startup_stm32f103xe.o
FindSCR                                           build/bsp_f1xx_sdio.o
GetPopBufferLen                                   build/bufferutil.o
HardFault_Handler                                 build/startup_stm32f103xe.o
I2C1_ER_IRQHandler                                build/startup_stm32f103xe.o
I2C1_EV_IRQHandler                                build/startup_stm32f103xe.o
I2C2_ER_IRQHandler                                build/startup_stm32f103xe.o
I2C2_EV_IRQHandler                                build/startup_stm32f103xe.o
INTX_DISABLE                                      build/sys.o
                                                  build/bsp_f1xx_rtc.o
                                                  build/bsp_f1xx_sdio.o
INTX_ENABLE                                       build/sys.o
                                                  build/bsp_f1xx_rtc.o
                                                  build/bsp_f1xx_sdio.o
InitBuffer                                        build/bufferutil.o
IsCardProgramming                                 build/bsp_f1xx_sdio.o
Is_Leap_Year                                      build/bsp_f1xx_rtc.o
JTAG_Set                                          build/sys.o
MSR_MSP                                           build/sys.o
MYRCC_DeInit                                      build/sys.o
MY_NVIC_Init                                      build/sys.o
                                                  build/bsp_f1xx_sdio.o
                                                  build/bsp_f1xx_uart.o
                                                  build/bsp_f1xx_timer.o
MY_NVIC_PriorityGroupConfig                       build/sys.o
MY_NVIC_SetVectorTable                            build/sys.o
MemManage_Handler                                 build/startup_stm32f103xe.o
MemUsed                                           build/malloc.o
NMI_Handler                                       build/startup_stm32f103xe.o
OnMsgRecv                                         build/main.o
PVD_IRQHandler                                    build/startup_stm32f103xe.o
PendSV_Handler                                    build/startup_stm32f103xe.o
PopBuffer                                         build/bufferutil.o
PushBuffer                                        build/bufferutil.o
RCC_IRQHandler                                    build/startup_stm32f103xe.o
RTC_Alarm_IRQHandler                              build/startup_stm32f103xe.o
RTC_Get                                           build/bsp_f1xx_rtc.o
RTC_Get_Week                                      build/bsp_f1xx_rtc.o
RTC_IRQHandler                                    build/bsp_f1xx_rtc.o
RTC_Set                                           build/bsp_f1xx_rtc.o
Reset_Handler                                     build/startup_stm32f103xe.o
RtcSetBySec                                       build/bsp_f1xx_rtc.o
SDCardInfo                                        build/bsp_f1xx_sdio.o
SDEnWideBus                                       build/bsp_f1xx_sdio.o
SDIO_Clock_Set                                    build/bsp_f1xx_sdio.o
SDIO_DATA_BUFFER                                  build/bsp_f1xx_sdio.o
SDIO_IRQHandler                                   build/bsp_f1xx_sdio.o
SDIO_Send_Cmd                                     build/bsp_f1xx_sdio.o
SDIO_Send_Data_Cfg                                build/bsp_f1xx_sdio.o
SD_DMA_Config                                     build/bsp_f1xx_sdio.o
SD_EnableWideBusOperation                         build/bsp_f1xx_sdio.o
SD_GetCardInfo                                    build/bsp_f1xx_sdio.o
SD_GetState                                       build/bsp_f1xx_sdio.o
SD_InitializeCards                                build/bsp_f1xx_sdio.o
SD_PowerOFF                                       build/bsp_f1xx_sdio.o
SD_PowerON                                        build/bsp_f1xx_sdio.o
SD_ProcessIRQSrc                                  build/bsp_f1xx_sdio.o
SD_ReadBlock                                      build/bsp_f1xx_sdio.o
SD_ReadDisk                                       build/bsp_f1xx_sdio.o
SD_ReadMultiBlocks                                build/bsp_f1xx_sdio.o
SD_SelectDeselect                                 build/bsp_f1xx_sdio.o
SD_SendStatus                                     build/bsp_f1xx_sdio.o
SD_SetDeviceMode                                  build/bsp_f1xx_sdio.o
SD_WriteBlock                                     build/bsp_f1xx_sdio.o
SD_WriteDisk                                      build/bsp_f1xx_sdio.o
SD_WriteMultiBlocks                               build/bsp_f1xx_sdio.o
SPI1_IRQHandler                                   build/startup_stm32f103xe.o
SPI2_IRQHandler                                   build/startup_stm32f103xe.o
SPI3_IRQHandler                                   build/startup_stm32f103xe.o
SVC_Handler                                       build/startup_stm32f103xe.o
SendFuncs                                         build/bsp_f1xx_uart.o
SetRunledTime                                     build/runled.o
SetTaskPeriod                                     build/tskmanager.o
Stm32_Clock_Init                                  build/sys.o
                                                  build/main.o
Stm32_Hsi_Init                                    build/sys.o
SysTick_Handler                                   build/startup_stm32f103xe.o
Sys_Soft_Reset                                    build/sys.o
Sys_Standby                                       build/sys.o
TAMPER_IRQHandler                                 build/startup_stm32f103xe.o
TIM1_BRK_IRQHandler                               build/startup_stm32f103xe.o
TIM1_CC_IRQHandler                                build/startup_stm32f103xe.o
TIM1_TRG_COM_IRQHandler                           build/startup_stm32f103xe.o
TIM1_UP_IRQHandler                                build/startup_stm32f103xe.o
TIM2_IRQHandler                                   build/bsp_f1xx_timer.o
TIM3_IRQHandler                                   build/bsp_f1xx_timer.o
TIM4_IRQHandler                                   build/bsp_f1xx_timer.o
TIM5_IRQHandler                                   build/bsp_f1xx_timer.o
TIM6_IRQHandler                                   build/bsp_f1xx_timer.o
TIM7_IRQHandler                                   build/bsp_f1xx_timer.o
TIM8_BRK_IRQHandler                               build/startup_stm32f103xe.o
TIM8_CC_IRQHandler                                build/startup_stm32f103xe.o
TIM8_TRG_COM_IRQHandler                           build/startup_stm32f103xe.o
TIM8_UP_IRQHandler                                build/startup_stm32f103xe.o
TaskManger                                        build/tskmanager.o
                                                  build/bufferutil.o
TaskTickDiff                                      build/tskmanager.o
TransferEnd                                       build/bsp_f1xx_sdio.o
TransferError                                     build/bsp_f1xx_sdio.o
TskTickHandler                                    build/tskmanager.o
                                                  build/main.o
UART4_IRQHandler                                  build/startup_stm32f103xe.o
UART5_IRQHandler                                  build/startup_stm32f103xe.o
USART1_IRQHandler                                 build/bsp_f1xx_uart.o
USART2_IRQHandler                                 build/bsp_f1xx_uart.o
USART3_IRQHandler                                 build/startup_stm32f103xe.o
USBWakeUp_IRQHandler                              build/startup_stm32f103xe.o
USB_HP_CAN1_TX_IRQHandler                         build/startup_stm32f103xe.o
USB_LP_CAN1_RX0_IRQHandler                        build/startup_stm32f103xe.o
UploadTsk                                         build/main.o
UsageFault_Handler                                build/startup_stm32f103xe.o
WFI_SET                                           build/sys.o
WWDG_IRQHandler                                   build/startup_stm32f103xe.o
__addsf3                                          /Users/zy/Desktop/Tools/gcc-arm-none-eabi-7-2017-q4-major/bin/../lib/gcc/arm-none-eabi/7.2.1/thumb/v7-m/libgcc.a(_arm_addsubsf3.o)
__aeabi_f2uiz                                     /Users/zy/Desktop/Tools/gcc-arm-none-eabi-7-2017-q4-major/bin/../lib/gcc/arm-none-eabi/7.2.1/thumb/v7-m/libgcc.a(_arm_fixunssfsi.o)
                                                  build/bsp_f1xx_uart.o
__aeabi_fadd                                      /Users/zy/Desktop/Tools/gcc-arm-none-eabi-7-2017-q4-major/bin/../lib/gcc/arm-none-eabi/7.2.1/thumb/v7-m/libgcc.a(_arm_addsubsf3.o)
__aeabi_fdiv                                      /Users/zy/Desktop/Tools/gcc-arm-none-eabi-7-2017-q4-major/bin/../lib/gcc/arm-none-eabi/7.2.1/thumb/v7-m/libgcc.a(_arm_muldivsf3.o)
                                                  build/bsp_f1xx_uart.o
__aeabi_fmul                                      /Users/zy/Desktop/Tools/gcc-arm-none-eabi-7-2017-q4-major/bin/../lib/gcc/arm-none-eabi/7.2.1/thumb/v7-m/libgcc.a(_arm_muldivsf3.o)
                                                  build/bsp_f1xx_uart.o
__aeabi_frsub                                     /Users/zy/Desktop/Tools/gcc-arm-none-eabi-7-2017-q4-major/bin/../lib/gcc/arm-none-eabi/7.2.1/thumb/v7-m/libgcc.a(_arm_addsubsf3.o)
__aeabi_fsub                                      /Users/zy/Desktop/Tools/gcc-arm-none-eabi-7-2017-q4-major/bin/../lib/gcc/arm-none-eabi/7.2.1/thumb/v7-m/libgcc.a(_arm_addsubsf3.o)
                                                  build/bsp_f1xx_uart.o
__aeabi_i2f                                       /Users/zy/Desktop/Tools/gcc-arm-none-eabi-7-2017-q4-major/bin/../lib/gcc/arm-none-eabi/7.2.1/thumb/v7-m/libgcc.a(_arm_addsubsf3.o)
                                                  build/bsp_f1xx_uart.o
__aeabi_idiv0                                     /Users/zy/Desktop/Tools/gcc-arm-none-eabi-7-2017-q4-major/bin/../lib/gcc/arm-none-eabi/7.2.1/thumb/v7-m/libgcc.a(_dvmd_tls.o)
__aeabi_l2f                                       /Users/zy/Desktop/Tools/gcc-arm-none-eabi-7-2017-q4-major/bin/../lib/gcc/arm-none-eabi/7.2.1/thumb/v7-m/libgcc.a(_arm_addsubsf3.o)
__aeabi_ldiv0                                     /Users/zy/Desktop/Tools/gcc-arm-none-eabi-7-2017-q4-major/bin/../lib/gcc/arm-none-eabi/7.2.1/thumb/v7-m/libgcc.a(_dvmd_tls.o)
                                                  /Users/zy/Desktop/Tools/gcc-arm-none-eabi-7-2017-q4-major/bin/../lib/gcc/arm-none-eabi/7.2.1/thumb/v7-m/libgcc.a(_aeabi_uldivmod.o)
__aeabi_ui2f                                      /Users/zy/Desktop/Tools/gcc-arm-none-eabi-7-2017-q4-major/bin/../lib/gcc/arm-none-eabi/7.2.1/thumb/v7-m/libgcc.a(_arm_addsubsf3.o)
                                                  build/bsp_f1xx_uart.o
__aeabi_ul2f                                      /Users/zy/Desktop/Tools/gcc-arm-none-eabi-7-2017-q4-major/bin/../lib/gcc/arm-none-eabi/7.2.1/thumb/v7-m/libgcc.a(_arm_addsubsf3.o)
__aeabi_uldivmod                                  /Users/zy/Desktop/Tools/gcc-arm-none-eabi-7-2017-q4-major/bin/../lib/gcc/arm-none-eabi/7.2.1/thumb/v7-m/libgcc.a(_aeabi_uldivmod.o)
                                                  build/bsp_f1xx_timer.o
__bss_end__                                       /Users/zy/Desktop/Tools/gcc-arm-none-eabi-7-2017-q4-major/bin/../lib/gcc/arm-none-eabi/7.2.1/../../../../arm-none-eabi/lib/thumb/v7-m/crt0.o
__bss_start__                                     /Users/zy/Desktop/Tools/gcc-arm-none-eabi-7-2017-q4-major/bin/../lib/gcc/arm-none-eabi/7.2.1/../../../../arm-none-eabi/lib/thumb/v7-m/crt0.o
__call_exitprocs                                  /Users/zy/Desktop/Tools/gcc-arm-none-eabi-7-2017-q4-major/bin/../lib/gcc/arm-none-eabi/7.2.1/../../../../arm-none-eabi/lib/thumb/v7-m/libc_nano.a(lib_a-exit.o)
__deregister_frame_info                           /Users/zy/Desktop/Tools/gcc-arm-none-eabi-7-2017-q4-major/bin/../lib/gcc/arm-none-eabi/7.2.1/thumb/v7-m/crtbegin.o
__divsf3                                          /Users/zy/Desktop/Tools/gcc-arm-none-eabi-7-2017-q4-major/bin/../lib/gcc/arm-none-eabi/7.2.1/thumb/v7-m/libgcc.a(_arm_muldivsf3.o)
__dso_handle                                      /Users/zy/Desktop/Tools/gcc-arm-none-eabi-7-2017-q4-major/bin/../lib/gcc/arm-none-eabi/7.2.1/thumb/v7-m/crtbegin.o
__fixunssfsi                                      /Users/zy/Desktop/Tools/gcc-arm-none-eabi-7-2017-q4-major/bin/../lib/gcc/arm-none-eabi/7.2.1/thumb/v7-m/libgcc.a(_arm_fixunssfsi.o)
__floatdisf                                       /Users/zy/Desktop/Tools/gcc-arm-none-eabi-7-2017-q4-major/bin/../lib/gcc/arm-none-eabi/7.2.1/thumb/v7-m/libgcc.a(_arm_addsubsf3.o)
__floatsisf                                       /Users/zy/Desktop/Tools/gcc-arm-none-eabi-7-2017-q4-major/bin/../lib/gcc/arm-none-eabi/7.2.1/thumb/v7-m/libgcc.a(_arm_addsubsf3.o)
__floatundisf                                     /Users/zy/Desktop/Tools/gcc-arm-none-eabi-7-2017-q4-major/bin/../lib/gcc/arm-none-eabi/7.2.1/thumb/v7-m/libgcc.a(_arm_addsubsf3.o)
__floatunsisf                                     /Users/zy/Desktop/Tools/gcc-arm-none-eabi-7-2017-q4-major/bin/../lib/gcc/arm-none-eabi/7.2.1/thumb/v7-m/libgcc.a(_arm_addsubsf3.o)
__init_array_end                                  /Users/zy/Desktop/Tools/gcc-arm-none-eabi-7-2017-q4-major/bin/../lib/gcc/arm-none-eabi/7.2.1/../../../../arm-none-eabi/lib/thumb/v7-m/libc_nano.a(lib_a-init.o)
__init_array_start                                /Users/zy/Desktop/Tools/gcc-arm-none-eabi-7-2017-q4-major/bin/../lib/gcc/arm-none-eabi/7.2.1/../../../../arm-none-eabi/lib/thumb/v7-m/libc_nano.a(lib_a-init.o)
__libc_fini_array                                 /Users/zy/Desktop/Tools/gcc-arm-none-eabi-7-2017-q4-major/bin/../lib/gcc/arm-none-eabi/7.2.1/../../../../arm-none-eabi/lib/thumb/v7-m/crt0.o
__libc_init_array                                 /Users/zy/Desktop/Tools/gcc-arm-none-eabi-7-2017-q4-major/bin/../lib/gcc/arm-none-eabi/7.2.1/../../../../arm-none-eabi/lib/thumb/v7-m/libc_nano.a(lib_a-init.o)
                                                  build/startup_stm32f103xe.o
                                                  /Users/zy/Desktop/Tools/gcc-arm-none-eabi-7-2017-q4-major/bin/../lib/gcc/arm-none-eabi/7.2.1/../../../../arm-none-eabi/lib/thumb/v7-m/crt0.o
__malloc_free_list                                /Users/zy/Desktop/Tools/gcc-arm-none-eabi-7-2017-q4-major/bin/../lib/gcc/arm-none-eabi/7.2.1/../../../../arm-none-eabi/lib/thumb/v7-m/libc_nano.a(lib_a-nano-mallocr.o)
                                                  /Users/zy/Desktop/Tools/gcc-arm-none-eabi-7-2017-q4-major/bin/../lib/gcc/arm-none-eabi/7.2.1/../../../../arm-none-eabi/lib/thumb/v7-m/libc_nano.a(lib_a-nano-freer.o)
__malloc_lock                                     /Users/zy/Desktop/Tools/gcc-arm-none-eabi-7-2017-q4-major/bin/../lib/gcc/arm-none-eabi/7.2.1/../../../../arm-none-eabi/lib/thumb/v7-m/libc_nano.a(lib_a-mlock.o)
                                                  /Users/zy/Desktop/Tools/gcc-arm-none-eabi-7-2017-q4-major/bin/../lib/gcc/arm-none-eabi/7.2.1/../../../../arm-none-eabi/lib/thumb/v7-m/libc_nano.a(lib_a-nano-mallocr.o)
                                                  /Users/zy/Desktop/Tools/gcc-arm-none-eabi-7-2017-q4-major/bin/../lib/gcc/arm-none-eabi/7.2.1/../../../../arm-none-eabi/lib/thumb/v7-m/libc_nano.a(lib_a-nano-freer.o)
__malloc_sbrk_start                               /Users/zy/Desktop/Tools/gcc-arm-none-eabi-7-2017-q4-major/bin/../lib/gcc/arm-none-eabi/7.2.1/../../../../arm-none-eabi/lib/thumb/v7-m/libc_nano.a(lib_a-nano-mallocr.o)
__malloc_unlock                                   /Users/zy/Desktop/Tools/gcc-arm-none-eabi-7-2017-q4-major/bin/../lib/gcc/arm-none-eabi/7.2.1/../../../../arm-none-eabi/lib/thumb/v7-m/libc_nano.a(lib_a-mlock.o)
                                                  /Users/zy/Desktop/Tools/gcc-arm-none-eabi-7-2017-q4-major/bin/../lib/gcc/arm-none-eabi/7.2.1/../../../../arm-none-eabi/lib/thumb/v7-m/libc_nano.a(lib_a-nano-mallocr.o)
                                                  /Users/zy/Desktop/Tools/gcc-arm-none-eabi-7-2017-q4-major/bin/../lib/gcc/arm-none-eabi/7.2.1/../../../../arm-none-eabi/lib/thumb/v7-m/libc_nano.a(lib_a-nano-freer.o)
__mulsf3                                          /Users/zy/Desktop/Tools/gcc-arm-none-eabi-7-2017-q4-major/bin/../lib/gcc/arm-none-eabi/7.2.1/thumb/v7-m/libgcc.a(_arm_muldivsf3.o)
__preinit_array_end                               /Users/zy/Desktop/Tools/gcc-arm-none-eabi-7-2017-q4-major/bin/../lib/gcc/arm-none-eabi/7.2.1/../../../../arm-none-eabi/lib/thumb/v7-m/libc_nano.a(lib_a-init.o)
__preinit_array_start                             /Users/zy/Desktop/Tools/gcc-arm-none-eabi-7-2017-q4-major/bin/../lib/gcc/arm-none-eabi/7.2.1/../../../../arm-none-eabi/lib/thumb/v7-m/libc_nano.a(lib_a-init.o)
__register_frame_info                             /Users/zy/Desktop/Tools/gcc-arm-none-eabi-7-2017-q4-major/bin/../lib/gcc/arm-none-eabi/7.2.1/thumb/v7-m/crtbegin.o
__sf_fake_stderr                                  /Users/zy/Desktop/Tools/gcc-arm-none-eabi-7-2017-q4-major/bin/../lib/gcc/arm-none-eabi/7.2.1/../../../../arm-none-eabi/lib/thumb/v7-m/libc_nano.a(lib_a-impure.o)
__sf_fake_stdin                                   /Users/zy/Desktop/Tools/gcc-arm-none-eabi-7-2017-q4-major/bin/../lib/gcc/arm-none-eabi/7.2.1/../../../../arm-none-eabi/lib/thumb/v7-m/libc_nano.a(lib_a-impure.o)
__sf_fake_stdout                                  /Users/zy/Desktop/Tools/gcc-arm-none-eabi-7-2017-q4-major/bin/../lib/gcc/arm-none-eabi/7.2.1/../../../../arm-none-eabi/lib/thumb/v7-m/libc_nano.a(lib_a-impure.o)
__ssprint_r                                       /Users/zy/Desktop/Tools/gcc-arm-none-eabi-7-2017-q4-major/bin/../lib/gcc/arm-none-eabi/7.2.1/../../../../arm-none-eabi/lib/thumb/v7-m/libc_nano.a(lib_a-nano-svfprintf.o)
__ssputs_r                                        /Users/zy/Desktop/Tools/gcc-arm-none-eabi-7-2017-q4-major/bin/../lib/gcc/arm-none-eabi/7.2.1/../../../../arm-none-eabi/lib/thumb/v7-m/libc_nano.a(lib_a-nano-svfprintf.o)
__stack                                           /Users/zy/Desktop/Tools/gcc-arm-none-eabi-7-2017-q4-major/bin/../lib/gcc/arm-none-eabi/7.2.1/../../../../arm-none-eabi/lib/thumb/v7-m/crt0.o
__subsf3                                          /Users/zy/Desktop/Tools/gcc-arm-none-eabi-7-2017-q4-major/bin/../lib/gcc/arm-none-eabi/7.2.1/thumb/v7-m/libgcc.a(_arm_addsubsf3.o)
__udivmoddi4                                      /Users/zy/Desktop/Tools/gcc-arm-none-eabi-7-2017-q4-major/bin/../lib/gcc/arm-none-eabi/7.2.1/thumb/v7-m/libgcc.a(_udivmoddi4.o)
                                                  /Users/zy/Desktop/Tools/gcc-arm-none-eabi-7-2017-q4-major/bin/../lib/gcc/arm-none-eabi/7.2.1/thumb/v7-m/libgcc.a(_aeabi_uldivmod.o)
_ebss                                             build/startup_stm32f103xe.o
_edata                                            build/startup_stm32f103xe.o
_estack                                           build/startup_stm32f103xe.o
_exit                                             /Users/zy/Desktop/Tools/gcc-arm-none-eabi-7-2017-q4-major/bin/../lib/gcc/arm-none-eabi/7.2.1/../../../../arm-none-eabi/lib/thumb/v7-m/libnosys.a(_exit.o)
                                                  /Users/zy/Desktop/Tools/gcc-arm-none-eabi-7-2017-q4-major/bin/../lib/gcc/arm-none-eabi/7.2.1/../../../../arm-none-eabi/lib/thumb/v7-m/libc_nano.a(lib_a-exit.o)
_fini                                             /Users/zy/Desktop/Tools/gcc-arm-none-eabi-7-2017-q4-major/bin/../lib/gcc/arm-none-eabi/7.2.1/thumb/v7-m/crti.o
_free_r                                           /Users/zy/Desktop/Tools/gcc-arm-none-eabi-7-2017-q4-major/bin/../lib/gcc/arm-none-eabi/7.2.1/../../../../arm-none-eabi/lib/thumb/v7-m/libc_nano.a(lib_a-nano-freer.o)
                                                  /Users/zy/Desktop/Tools/gcc-arm-none-eabi-7-2017-q4-major/bin/../lib/gcc/arm-none-eabi/7.2.1/../../../../arm-none-eabi/lib/thumb/v7-m/libc_nano.a(lib_a-reent.o)
                                                  /Users/zy/Desktop/Tools/gcc-arm-none-eabi-7-2017-q4-major/bin/../lib/gcc/arm-none-eabi/7.2.1/../../../../arm-none-eabi/lib/thumb/v7-m/libc_nano.a(lib_a-nano-reallocr.o)
                                                  /Users/zy/Desktop/Tools/gcc-arm-none-eabi-7-2017-q4-major/bin/../lib/gcc/arm-none-eabi/7.2.1/../../../../arm-none-eabi/lib/thumb/v7-m/libc_nano.a(lib_a-nano-svfprintf.o)
_global_impure_ptr                                /Users/zy/Desktop/Tools/gcc-arm-none-eabi-7-2017-q4-major/bin/../lib/gcc/arm-none-eabi/7.2.1/../../../../arm-none-eabi/lib/thumb/v7-m/libc_nano.a(lib_a-impure.o)
                                                  /Users/zy/Desktop/Tools/gcc-arm-none-eabi-7-2017-q4-major/bin/../lib/gcc/arm-none-eabi/7.2.1/../../../../arm-none-eabi/lib/thumb/v7-m/libc_nano.a(lib_a-exit.o)
_impure_ptr                                       /Users/zy/Desktop/Tools/gcc-arm-none-eabi-7-2017-q4-major/bin/../lib/gcc/arm-none-eabi/7.2.1/../../../../arm-none-eabi/lib/thumb/v7-m/libc_nano.a(lib_a-impure.o)
                                                  /Users/zy/Desktop/Tools/gcc-arm-none-eabi-7-2017-q4-major/bin/../lib/gcc/arm-none-eabi/7.2.1/../../../../arm-none-eabi/lib/thumb/v7-m/libc_nano.a(lib_a-reent.o)
                                                  /Users/zy/Desktop/Tools/gcc-arm-none-eabi-7-2017-q4-major/bin/../lib/gcc/arm-none-eabi/7.2.1/../../../../arm-none-eabi/lib/thumb/v7-m/libc_nano.a(lib_a-sprintf.o)
_init                                             /Users/zy/Desktop/Tools/gcc-arm-none-eabi-7-2017-q4-major/bin/../lib/gcc/arm-none-eabi/7.2.1/thumb/v7-m/crti.o
                                                  /Users/zy/Desktop/Tools/gcc-arm-none-eabi-7-2017-q4-major/bin/../lib/gcc/arm-none-eabi/7.2.1/../../../../arm-none-eabi/lib/thumb/v7-m/libc_nano.a(lib_a-init.o)
_mainCRTStartup                                   /Users/zy/Desktop/Tools/gcc-arm-none-eabi-7-2017-q4-major/bin/../lib/gcc/arm-none-eabi/7.2.1/../../../../arm-none-eabi/lib/thumb/v7-m/crt0.o
_malloc_r                                         /Users/zy/Desktop/Tools/gcc-arm-none-eabi-7-2017-q4-major/bin/../lib/gcc/arm-none-eabi/7.2.1/../../../../arm-none-eabi/lib/thumb/v7-m/libc_nano.a(lib_a-nano-mallocr.o)
                                                  /Users/zy/Desktop/Tools/gcc-arm-none-eabi-7-2017-q4-major/bin/../lib/gcc/arm-none-eabi/7.2.1/../../../../arm-none-eabi/lib/thumb/v7-m/libc_nano.a(lib_a-nano-reallocr.o)
                                                  /Users/zy/Desktop/Tools/gcc-arm-none-eabi-7-2017-q4-major/bin/../lib/gcc/arm-none-eabi/7.2.1/../../../../arm-none-eabi/lib/thumb/v7-m/libc_nano.a(lib_a-nano-svfprintf.o)
_malloc_usable_size_r                             /Users/zy/Desktop/Tools/gcc-arm-none-eabi-7-2017-q4-major/bin/../lib/gcc/arm-none-eabi/7.2.1/../../../../arm-none-eabi/lib/thumb/v7-m/libc_nano.a(lib_a-nano-msizer.o)
                                                  /Users/zy/Desktop/Tools/gcc-arm-none-eabi-7-2017-q4-major/bin/../lib/gcc/arm-none-eabi/7.2.1/../../../../arm-none-eabi/lib/thumb/v7-m/libc_nano.a(lib_a-nano-reallocr.o)
_printf_common                                    /Users/zy/Desktop/Tools/gcc-arm-none-eabi-7-2017-q4-major/bin/../lib/gcc/arm-none-eabi/7.2.1/../../../../arm-none-eabi/lib/thumb/v7-m/libc_nano.a(lib_a-nano-vfprintf_i.o)
_printf_float                                     /Users/zy/Desktop/Tools/gcc-arm-none-eabi-7-2017-q4-major/bin/../lib/gcc/arm-none-eabi/7.2.1/../../../../arm-none-eabi/lib/thumb/v7-m/libc_nano.a(lib_a-nano-svfprintf.o)
_printf_i                                         /Users/zy/Desktop/Tools/gcc-arm-none-eabi-7-2017-q4-major/bin/../lib/gcc/arm-none-eabi/7.2.1/../../../../arm-none-eabi/lib/thumb/v7-m/libc_nano.a(lib_a-nano-vfprintf_i.o)
                                                  /Users/zy/Desktop/Tools/gcc-arm-none-eabi-7-2017-q4-major/bin/../lib/gcc/arm-none-eabi/7.2.1/../../../../arm-none-eabi/lib/thumb/v7-m/libc_nano.a(lib_a-nano-svfprintf.o)
_realloc_r                                        /Users/zy/Desktop/Tools/gcc-arm-none-eabi-7-2017-q4-major/bin/../lib/gcc/arm-none-eabi/7.2.1/../../../../arm-none-eabi/lib/thumb/v7-m/libc_nano.a(lib_a-nano-reallocr.o)
                                                  /Users/zy/Desktop/Tools/gcc-arm-none-eabi-7-2017-q4-major/bin/../lib/gcc/arm-none-eabi/7.2.1/../../../../arm-none-eabi/lib/thumb/v7-m/libc_nano.a(lib_a-nano-svfprintf.o)
_reclaim_reent                                    /Users/zy/Desktop/Tools/gcc-arm-none-eabi-7-2017-q4-major/bin/../lib/gcc/arm-none-eabi/7.2.1/../../../../arm-none-eabi/lib/thumb/v7-m/libc_nano.a(lib_a-reent.o)
_sbrk                                             /Users/zy/Desktop/Tools/gcc-arm-none-eabi-7-2017-q4-major/bin/../lib/gcc/arm-none-eabi/7.2.1/../../../../arm-none-eabi/lib/thumb/v7-m/libnosys.a(sbrk.o)
                                                  /Users/zy/Desktop/Tools/gcc-arm-none-eabi-7-2017-q4-major/bin/../lib/gcc/arm-none-eabi/7.2.1/../../../../arm-none-eabi/lib/thumb/v7-m/libc_nano.a(lib_a-sbrkr.o)
_sbrk_r                                           /Users/zy/Desktop/Tools/gcc-arm-none-eabi-7-2017-q4-major/bin/../lib/gcc/arm-none-eabi/7.2.1/../../../../arm-none-eabi/lib/thumb/v7-m/libc_nano.a(lib_a-sbrkr.o)
                                                  /Users/zy/Desktop/Tools/gcc-arm-none-eabi-7-2017-q4-major/bin/../lib/gcc/arm-none-eabi/7.2.1/../../../../arm-none-eabi/lib/thumb/v7-m/libc_nano.a(lib_a-nano-mallocr.o)
_sbss                                             build/startup_stm32f103xe.o
_sdata                                            build/startup_stm32f103xe.o
_sidata                                           build/startup_stm32f103xe.o
_siprintf_r                                       /Users/zy/Desktop/Tools/gcc-arm-none-eabi-7-2017-q4-major/bin/../lib/gcc/arm-none-eabi/7.2.1/../../../../arm-none-eabi/lib/thumb/v7-m/libc_nano.a(lib_a-sprintf.o)
_sprintf_r                                        /Users/zy/Desktop/Tools/gcc-arm-none-eabi-7-2017-q4-major/bin/../lib/gcc/arm-none-eabi/7.2.1/../../../../arm-none-eabi/lib/thumb/v7-m/libc_nano.a(lib_a-sprintf.o)
_start                                            /Users/zy/Desktop/Tools/gcc-arm-none-eabi-7-2017-q4-major/bin/../lib/gcc/arm-none-eabi/7.2.1/../../../../arm-none-eabi/lib/thumb/v7-m/crt0.o
_svfiprintf_r                                     /Users/zy/Desktop/Tools/gcc-arm-none-eabi-7-2017-q4-major/bin/../lib/gcc/arm-none-eabi/7.2.1/../../../../arm-none-eabi/lib/thumb/v7-m/libc_nano.a(lib_a-nano-svfprintf.o)
_svfprintf_r                                      /Users/zy/Desktop/Tools/gcc-arm-none-eabi-7-2017-q4-major/bin/../lib/gcc/arm-none-eabi/7.2.1/../../../../arm-none-eabi/lib/thumb/v7-m/libc_nano.a(lib_a-nano-svfprintf.o)
                                                  /Users/zy/Desktop/Tools/gcc-arm-none-eabi-7-2017-q4-major/bin/../lib/gcc/arm-none-eabi/7.2.1/../../../../arm-none-eabi/lib/thumb/v7-m/libc_nano.a(lib_a-sprintf.o)
atexit                                            /Users/zy/Desktop/Tools/gcc-arm-none-eabi-7-2017-q4-major/bin/../lib/gcc/arm-none-eabi/7.2.1/../../../../arm-none-eabi/lib/thumb/v7-m/crt0.o
bsp_EraseFlash                                    build/bsp_f1xx_flash.o
bsp_IoClr                                         build/bsp_f1xx_io.o
                                                  build/bsp_f1xx_led.o
bsp_IoInit                                        build/bsp_f1xx_io.o
                                                  build/bsp_f1xx_uart.o
                                                  build/bsp_f1xx_led.o
bsp_IoSet                                         build/bsp_f1xx_io.o
                                                  build/bsp_f1xx_led.o
bsp_RTC_Init                                      build/bsp_f1xx_rtc.o
bsp_ReadFlash                                     build/bsp_f1xx_flash.o
bsp_SD_Init                                       build/bsp_f1xx_sdio.o
bsp_TimerInit                                     build/bsp_f1xx_timer.o
                                                  build/main.o
bsp_UartClose                                     build/bsp_f1xx_uart.o
                                                  build/datautil.o
bsp_UartInit                                      build/bsp_f1xx_uart.o
                                                  build/datautil.o
bsp_WriteFlash                                    build/bsp_f1xx_flash.o
cleanup_glue                                      /Users/zy/Desktop/Tools/gcc-arm-none-eabi-7-2017-q4-major/bin/../lib/gcc/arm-none-eabi/7.2.1/../../../../arm-none-eabi/lib/thumb/v7-m/libc_nano.a(lib_a-reent.o)
convert_from_bytes_to_power_of_two                build/bsp_f1xx_sdio.o
delayTick                                         build/tskmanager.o
delay_init                                        build/sys.o
                                                  build/main.o
delay_ms                                          build/sys.o
                                                  build/bsp_f1xx_uart.o
dma_clear_flag                                    build/bsp_f1xx_dma.o
                                                  build/bsp_f1xx_uart.o
dma_stream_en                                     build/bsp_f1xx_dma.o
                                                  build/bsp_f1xx_uart.o
dmainit                                           build/bsp_f1xx_dma.o
                                                  build/bsp_f1xx_uart.o
eTask                                             build/tskmanager.o
end                                               /Users/zy/Desktop/Tools/gcc-arm-none-eabi-7-2017-q4-major/bin/../lib/gcc/arm-none-eabi/7.2.1/../../../../arm-none-eabi/lib/thumb/v7-m/libnosys.a(sbrk.o)
errno                                             /Users/zy/Desktop/Tools/gcc-arm-none-eabi-7-2017-q4-major/bin/../lib/gcc/arm-none-eabi/7.2.1/../../../../arm-none-eabi/lib/thumb/v7-m/libc_nano.a(lib_a-reent.o)
                                                  /Users/zy/Desktop/Tools/gcc-arm-none-eabi-7-2017-q4-major/bin/../lib/gcc/arm-none-eabi/7.2.1/../../../../arm-none-eabi/lib/thumb/v7-m/libc_nano.a(lib_a-sbrkr.o)
exit                                              /Users/zy/Desktop/Tools/gcc-arm-none-eabi-7-2017-q4-major/bin/../lib/gcc/arm-none-eabi/7.2.1/../../../../arm-none-eabi/lib/thumb/v7-m/libc_nano.a(lib_a-exit.o)
                                                  /Users/zy/Desktop/Tools/gcc-arm-none-eabi-7-2017-q4-major/bin/../lib/gcc/arm-none-eabi/7.2.1/../../../../arm-none-eabi/lib/thumb/v7-m/crt0.o
g_pfnVectors                                      build/startup_stm32f103xe.o
getdmax                                           build/bsp_f1xx_dma.o
hardware_init_hook                                /Users/zy/Desktop/Tools/gcc-arm-none-eabi-7-2017-q4-major/bin/../lib/gcc/arm-none-eabi/7.2.1/../../../../arm-none-eabi/lib/thumb/v7-m/crt0.o
ledfilp                                           build/bsp_f1xx_led.o
                                                  build/runled.o
ledinit                                           build/bsp_f1xx_led.o
                                                  build/runled.o
ledoff                                            build/bsp_f1xx_led.o
ledon                                             build/bsp_f1xx_led.o
mTime                                             build/bsp_f1xx_rtc.o
main                                              build/main.o
                                                  build/startup_stm32f103xe.o
                                                  /Users/zy/Desktop/Tools/gcc-arm-none-eabi-7-2017-q4-major/bin/../lib/gcc/arm-none-eabi/7.2.1/../../../../arm-none-eabi/lib/thumb/v7-m/crt0.o
mallco_dev                                        build/malloc.o
mem1base                                          build/malloc.o
mem1mapbase                                       build/malloc.o
memblksize                                        build/malloc.o
memchr                                            /Users/zy/Desktop/Tools/gcc-arm-none-eabi-7-2017-q4-major/bin/../lib/gcc/arm-none-eabi/7.2.1/../../../../arm-none-eabi/lib/thumb/v7-m/libc_nano.a(lib_a-memchr-stub.o)
                                                  /Users/zy/Desktop/Tools/gcc-arm-none-eabi-7-2017-q4-major/bin/../lib/gcc/arm-none-eabi/7.2.1/../../../../arm-none-eabi/lib/thumb/v7-m/libc_nano.a(lib_a-nano-vfprintf_i.o)
                                                  /Users/zy/Desktop/Tools/gcc-arm-none-eabi-7-2017-q4-major/bin/../lib/gcc/arm-none-eabi/7.2.1/../../../../arm-none-eabi/lib/thumb/v7-m/libc_nano.a(lib_a-nano-svfprintf.o)
memcpy                                            /Users/zy/Desktop/Tools/gcc-arm-none-eabi-7-2017-q4-major/bin/../lib/gcc/arm-none-eabi/7.2.1/../../../../arm-none-eabi/lib/thumb/v7-m/libc_nano.a(lib_a-memcpy-stub.o)
                                                  /Users/zy/Desktop/Tools/gcc-arm-none-eabi-7-2017-q4-major/bin/../lib/gcc/arm-none-eabi/7.2.1/../../../../arm-none-eabi/lib/thumb/v7-m/libc_nano.a(lib_a-nano-reallocr.o)
                                                  /Users/zy/Desktop/Tools/gcc-arm-none-eabi-7-2017-q4-major/bin/../lib/gcc/arm-none-eabi/7.2.1/../../../../arm-none-eabi/lib/thumb/v7-m/libc_nano.a(lib_a-nano-svfprintf.o)
                                                  build/bsp_f1xx_sdio.o
memmove                                           /Users/zy/Desktop/Tools/gcc-arm-none-eabi-7-2017-q4-major/bin/../lib/gcc/arm-none-eabi/7.2.1/../../../../arm-none-eabi/lib/thumb/v7-m/libc_nano.a(lib_a-memmove.o)
                                                  /Users/zy/Desktop/Tools/gcc-arm-none-eabi-7-2017-q4-major/bin/../lib/gcc/arm-none-eabi/7.2.1/../../../../arm-none-eabi/lib/thumb/v7-m/libc_nano.a(lib_a-nano-svfprintf.o)
memset                                            /Users/zy/Desktop/Tools/gcc-arm-none-eabi-7-2017-q4-major/bin/../lib/gcc/arm-none-eabi/7.2.1/../../../../arm-none-eabi/lib/thumb/v7-m/libc_nano.a(lib_a-memset.o)
                                                  build/bufferutil.o
                                                  /Users/zy/Desktop/Tools/gcc-arm-none-eabi-7-2017-q4-major/bin/../lib/gcc/arm-none-eabi/7.2.1/../../../../arm-none-eabi/lib/thumb/v7-m/crt0.o
memsize                                           build/malloc.o
memtblsize                                        build/malloc.o
mon_table                                         build/bsp_f1xx_rtc.o
msg                                               build/main.o
my_mem_free                                       build/malloc.o
my_mem_init                                       build/malloc.o
                                                  build/main.o
my_mem_malloc                                     build/malloc.o
my_mem_perused                                    build/malloc.o
myfree                                            build/malloc.o
                                                  build/tskmanager.o
                                                  build/datautil.o
                                                  build/bsp_f1xx_uart.o
mymalloc                                          build/malloc.o
                                                  build/bufferutil.o
                                                  build/bsp_f1xx_uart.o
                                                  build/main.o
mymemcpy                                          build/malloc.o
mymemset                                          build/malloc.o